

================================================================
== Vitis HLS Report for 'edge_detect_hw_Pipeline_7'
================================================================
* Date:           Tue Sep  8 14:06:59 2026

* Version:        2024.2.2 (Build 6049644 on Mar  5 2025)
* Project:        final
* Solution:       hls (Vitis Kernel Flow Target)
* Product family: zynquplus
* Target device:  xczu9eg-ffvb1156-2-e


================================================================
== Performance Estimates
================================================================
+ Timing: 
    * Summary: 
    +--------+---------+----------+------------+
    |  Clock |  Target | Estimated| Uncertainty|
    +--------+---------+----------+------------+
    |ap_clk  |  6.67 ns|  4.667 ns|     2.00 ns|
    +--------+---------+----------+------------+

+ Latency: 
    * Summary: 
    +---------+---------+----------+----------+--------+--------+------------------------------------------------+
    |  Latency (cycles) |  Latency (absolute) |     Interval    |                    Pipeline                    |
    |   min   |   max   |    min   |    max   |   min  |   max  |                      Type                      |
    +---------+---------+----------+----------+--------+--------+------------------------------------------------+
    |   262287|   262287|  1.749 ms|  1.749 ms|  262145|  262145|  loop auto-rewind stp (delay=0 clock cycles(s))|
    +---------+---------+----------+----------+--------+--------+------------------------------------------------+

    + Detail: 
        * Instance: 
        N/A

        * Loop: 
        +----------+---------+---------+----------+-----------+-----------+--------+----------+
        |          |  Latency (cycles) | Iteration|  Initiation Interval  |  Trip  |          |
        | Loop Name|   min   |   max   |  Latency |  achieved |   target  |  Count | Pipelined|
        +----------+---------+---------+----------+-----------+-----------+--------+----------+
        |- Loop 1  |   262285|   262285|       143|          1|          1|  262144|       yes|
        +----------+---------+---------+----------+-----------+-----------+--------+----------+



================================================================
== Utilization Estimates
================================================================
* Summary: 
+-----------------+---------+------+--------+--------+-----+
|       Name      | BRAM_18K|  DSP |   FF   |   LUT  | URAM|
+-----------------+---------+------+--------+--------+-----+
|DSP              |        -|     -|       -|       -|    -|
|Expression       |        -|     -|       0|     642|    -|
|FIFO             |        -|     -|       -|       -|    -|
|Instance         |        -|     -|       -|       -|    -|
|Memory           |        -|     -|       -|       -|    -|
|Multiplexer      |        -|     -|       0|      99|    -|
|Register         |        -|     -|     674|      64|    -|
+-----------------+---------+------+--------+--------+-----+
|Total            |        0|     0|     674|     805|    0|
+-----------------+---------+------+--------+--------+-----+
|Available        |     1824|  2520|  548160|  274080|    0|
+-----------------+---------+------+--------+--------+-----+
|Utilization (%)  |        0|     0|      ~0|      ~0|    0|
+-----------------+---------+------+--------+--------+-----+

+ Detail: 
    * Instance: 
    N/A

    * DSP: 
    N/A

    * Memory: 
    N/A

    * FIFO: 
    N/A

    * Expression: 
    +--------------------------------+----------+----+---+----+------------+------------+
    |          Variable Name         | Operation| DSP| FF| LUT| Bitwidth P0| Bitwidth P1|
    +--------------------------------+----------+----+---+----+------------+------------+
    |add_ln34_1_fu_199_p2            |         +|   0|  0|  17|          10|           1|
    |add_ln34_fu_173_p2              |         +|   0|  0|  26|          19|           1|
    |add_ln35_fu_297_p2              |         +|   0|  0|  17|          10|           1|
    |add_ln36_1_fu_247_p2            |         +|   0|  0|  71|          64|          64|
    |add_ln36_fu_229_p2              |         +|   0|  0|  25|          18|          18|
    |add_ln39_fu_272_p2              |         +|   0|  0|  71|          64|          64|
    |neg18_fu_322_p2                 |         -|   0|  0|  39|           1|          32|
    |neg21_fu_339_p2                 |         -|   0|  0|  39|           1|          32|
    |ap_block_pp0_stage0_01001_grp2  |       and|   0|  0|   2|           1|           1|
    |ap_block_pp0_stage0_11001_grp1  |       and|   0|  0|   2|           1|           1|
    |abscond19_fu_327_p2             |      icmp|   0|  0|  39|          32|           1|
    |abscond22_fu_344_p2             |      icmp|   0|  0|  39|          32|           1|
    |icmp_ln34_fu_167_p2             |      icmp|   0|  0|  27|          19|          20|
    |icmp_ln35_fu_185_p2             |      icmp|   0|  0|  18|          10|          11|
    |icmp_ln38_fu_356_p2             |      icmp|   0|  0|  39|          32|          32|
    |icmp_ln39_fu_370_p2             |      icmp|   0|  0|  39|          32|           6|
    |ap_block_pp0_stage0_11001       |        or|   0|  0|   2|           1|           1|
    |ap_block_pp0_stage0_11001_grp2  |        or|   0|  0|   2|           1|           1|
    |ap_block_pp0_stage0_11001_grp3  |        or|   0|  0|   2|           1|           1|
    |select_ln29_fu_191_p3           |    select|   0|  0|  10|           1|           1|
    |select_ln34_fu_205_p3           |    select|   0|  0|  10|           1|          10|
    |select_ln39_fu_376_p3           |    select|   0|  0|   8|           1|           8|
    |temp1_fu_332_p3                 |    select|   0|  0|  32|           1|          32|
    |temp2_fu_349_p3                 |    select|   0|  0|  32|           1|          32|
    |temp3_fu_362_p3                 |    select|   0|  0|  32|           1|          32|
    |ap_enable_pp0                   |       xor|   0|  0|   2|           1|           2|
    +--------------------------------+----------+----+---+----+------------+------------+
    |Total                           |          |   0|  0| 642|         356|         406|
    +--------------------------------+----------+----+---+----+------------+------------+

    * Multiplexer: 
    +-------------------------+----+-----------+-----+-----------+
    |           Name          | LUT| Input Size| Bits| Total Bits|
    +-------------------------+----+-----------+-----+-----------+
    |ap_done_int              |   9|          2|    1|          2|
    |ap_enable_reg_pp0_iter1  |   9|          2|    1|          2|
    |ap_enable_reg_pp0_iter2  |   9|          2|    1|          2|
    |gmem_blk_n_AR            |   9|          2|    1|          2|
    |gmem_blk_n_AW            |   9|          2|    1|          2|
    |gmem_blk_n_B             |   9|          2|    1|          2|
    |gmem_blk_n_R             |   9|          2|    1|          2|
    |gmem_blk_n_W             |   9|          2|    1|          2|
    |i_fu_88                  |   9|          2|   10|         20|
    |indvar_flatten47_fu_92   |   9|          2|   19|         38|
    |j_fu_84                  |   9|          2|   10|         20|
    +-------------------------+----+-----------+-----+-----------+
    |Total                    |  99|         22|   47|         94|
    +-------------------------+----+-----------+-----+-----------+

    * Register: 
    +-------------------------------------------+----+----+-----+-----------+
    |                    Name                   | FF | LUT| Bits| Const Bits|
    +-------------------------------------------+----+----+-----+-----------+
    |add_ln36_reg_419                           |  18|   0|   18|          0|
    |ap_CS_fsm                                  |   1|   0|    1|          0|
    |ap_block_pp0_stage0_subdone_grp1_done_reg  |   1|   0|    1|          0|
    |ap_block_pp0_stage0_subdone_grp2_done_reg  |   1|   0|    1|          0|
    |ap_block_pp0_stage0_subdone_grp3_done_reg  |   1|   0|    1|          0|
    |ap_done_reg                                |   1|   0|    1|          0|
    |ap_enable_reg_pp0_iter1                    |   1|   0|    1|          0|
    |ap_enable_reg_pp0_iter10                   |   1|   0|    1|          0|
    |ap_enable_reg_pp0_iter100                  |   1|   0|    1|          0|
    |ap_enable_reg_pp0_iter101                  |   1|   0|    1|          0|
    |ap_enable_reg_pp0_iter102                  |   1|   0|    1|          0|
    |ap_enable_reg_pp0_iter103                  |   1|   0|    1|          0|
    |ap_enable_reg_pp0_iter104                  |   1|   0|    1|          0|
    |ap_enable_reg_pp0_iter105                  |   1|   0|    1|          0|
    |ap_enable_reg_pp0_iter106                  |   1|   0|    1|          0|
    |ap_enable_reg_pp0_iter107                  |   1|   0|    1|          0|
    |ap_enable_reg_pp0_iter108                  |   1|   0|    1|          0|
    |ap_enable_reg_pp0_iter109                  |   1|   0|    1|          0|
    |ap_enable_reg_pp0_iter11                   |   1|   0|    1|          0|
    |ap_enable_reg_pp0_iter110                  |   1|   0|    1|          0|
    |ap_enable_reg_pp0_iter111                  |   1|   0|    1|          0|
    |ap_enable_reg_pp0_iter112                  |   1|   0|    1|          0|
    |ap_enable_reg_pp0_iter113                  |   1|   0|    1|          0|
    |ap_enable_reg_pp0_iter114                  |   1|   0|    1|          0|
    |ap_enable_reg_pp0_iter115                  |   1|   0|    1|          0|
    |ap_enable_reg_pp0_iter116                  |   1|   0|    1|          0|
    |ap_enable_reg_pp0_iter117                  |   1|   0|    1|          0|
    |ap_enable_reg_pp0_iter118                  |   1|   0|    1|          0|
    |ap_enable_reg_pp0_iter119                  |   1|   0|    1|          0|
    |ap_enable_reg_pp0_iter12                   |   1|   0|    1|          0|
    |ap_enable_reg_pp0_iter120                  |   1|   0|    1|          0|
    |ap_enable_reg_pp0_iter121                  |   1|   0|    1|          0|
    |ap_enable_reg_pp0_iter122                  |   1|   0|    1|          0|
    |ap_enable_reg_pp0_iter123                  |   1|   0|    1|          0|
    |ap_enable_reg_pp0_iter124                  |   1|   0|    1|          0|
    |ap_enable_reg_pp0_iter125                  |   1|   0|    1|          0|
    |ap_enable_reg_pp0_iter126                  |   1|   0|    1|          0|
    |ap_enable_reg_pp0_iter127                  |   1|   0|    1|          0|
    |ap_enable_reg_pp0_iter128                  |   1|   0|    1|          0|
    |ap_enable_reg_pp0_iter129                  |   1|   0|    1|          0|
    |ap_enable_reg_pp0_iter13                   |   1|   0|    1|          0|
    |ap_enable_reg_pp0_iter130                  |   1|   0|    1|          0|
    |ap_enable_reg_pp0_iter131                  |   1|   0|    1|          0|
    |ap_enable_reg_pp0_iter132                  |   1|   0|    1|          0|
    |ap_enable_reg_pp0_iter133                  |   1|   0|    1|          0|
    |ap_enable_reg_pp0_iter134                  |   1|   0|    1|          0|
    |ap_enable_reg_pp0_iter135                  |   1|   0|    1|          0|
    |ap_enable_reg_pp0_iter136                  |   1|   0|    1|          0|
    |ap_enable_reg_pp0_iter137                  |   1|   0|    1|          0|
    |ap_enable_reg_pp0_iter138                  |   1|   0|    1|          0|
    |ap_enable_reg_pp0_iter139                  |   1|   0|    1|          0|
    |ap_enable_reg_pp0_iter14                   |   1|   0|    1|          0|
    |ap_enable_reg_pp0_iter140                  |   1|   0|    1|          0|
    |ap_enable_reg_pp0_iter141                  |   1|   0|    1|          0|
    |ap_enable_reg_pp0_iter142                  |   1|   0|    1|          0|
    |ap_enable_reg_pp0_iter143                  |   1|   0|    1|          0|
    |ap_enable_reg_pp0_iter15                   |   1|   0|    1|          0|
    |ap_enable_reg_pp0_iter16                   |   1|   0|    1|          0|
    |ap_enable_reg_pp0_iter17                   |   1|   0|    1|          0|
    |ap_enable_reg_pp0_iter18                   |   1|   0|    1|          0|
    |ap_enable_reg_pp0_iter19                   |   1|   0|    1|          0|
    |ap_enable_reg_pp0_iter2                    |   1|   0|    1|          0|
    |ap_enable_reg_pp0_iter20                   |   1|   0|    1|          0|
    |ap_enable_reg_pp0_iter21                   |   1|   0|    1|          0|
    |ap_enable_reg_pp0_iter22                   |   1|   0|    1|          0|
    |ap_enable_reg_pp0_iter23                   |   1|   0|    1|          0|
    |ap_enable_reg_pp0_iter24                   |   1|   0|    1|          0|
    |ap_enable_reg_pp0_iter25                   |   1|   0|    1|          0|
    |ap_enable_reg_pp0_iter26                   |   1|   0|    1|          0|
    |ap_enable_reg_pp0_iter27                   |   1|   0|    1|          0|
    |ap_enable_reg_pp0_iter28                   |   1|   0|    1|          0|
    |ap_enable_reg_pp0_iter29                   |   1|   0|    1|          0|
    |ap_enable_reg_pp0_iter3                    |   1|   0|    1|          0|
    |ap_enable_reg_pp0_iter30                   |   1|   0|    1|          0|
    |ap_enable_reg_pp0_iter31                   |   1|   0|    1|          0|
    |ap_enable_reg_pp0_iter32                   |   1|   0|    1|          0|
    |ap_enable_reg_pp0_iter33                   |   1|   0|    1|          0|
    |ap_enable_reg_pp0_iter34                   |   1|   0|    1|          0|
    |ap_enable_reg_pp0_iter35                   |   1|   0|    1|          0|
    |ap_enable_reg_pp0_iter36                   |   1|   0|    1|          0|
    |ap_enable_reg_pp0_iter37                   |   1|   0|    1|          0|
    |ap_enable_reg_pp0_iter38                   |   1|   0|    1|          0|
    |ap_enable_reg_pp0_iter39                   |   1|   0|    1|          0|
    |ap_enable_reg_pp0_iter4                    |   1|   0|    1|          0|
    |ap_enable_reg_pp0_iter40                   |   1|   0|    1|          0|
    |ap_enable_reg_pp0_iter41                   |   1|   0|    1|          0|
    |ap_enable_reg_pp0_iter42                   |   1|   0|    1|          0|
    |ap_enable_reg_pp0_iter43                   |   1|   0|    1|          0|
    |ap_enable_reg_pp0_iter44                   |   1|   0|    1|          0|
    |ap_enable_reg_pp0_iter45                   |   1|   0|    1|          0|
    |ap_enable_reg_pp0_iter46                   |   1|   0|    1|          0|
    |ap_enable_reg_pp0_iter47                   |   1|   0|    1|          0|
    |ap_enable_reg_pp0_iter48                   |   1|   0|    1|          0|
    |ap_enable_reg_pp0_iter49                   |   1|   0|    1|          0|
    |ap_enable_reg_pp0_iter5                    |   1|   0|    1|          0|
    |ap_enable_reg_pp0_iter50                   |   1|   0|    1|          0|
    |ap_enable_reg_pp0_iter51                   |   1|   0|    1|          0|
    |ap_enable_reg_pp0_iter52                   |   1|   0|    1|          0|
    |ap_enable_reg_pp0_iter53                   |   1|   0|    1|          0|
    |ap_enable_reg_pp0_iter54                   |   1|   0|    1|          0|
    |ap_enable_reg_pp0_iter55                   |   1|   0|    1|          0|
    |ap_enable_reg_pp0_iter56                   |   1|   0|    1|          0|
    |ap_enable_reg_pp0_iter57                   |   1|   0|    1|          0|
    |ap_enable_reg_pp0_iter58                   |   1|   0|    1|          0|
    |ap_enable_reg_pp0_iter59                   |   1|   0|    1|          0|
    |ap_enable_reg_pp0_iter6                    |   1|   0|    1|          0|
    |ap_enable_reg_pp0_iter60                   |   1|   0|    1|          0|
    |ap_enable_reg_pp0_iter61                   |   1|   0|    1|          0|
    |ap_enable_reg_pp0_iter62                   |   1|   0|    1|          0|
    |ap_enable_reg_pp0_iter63                   |   1|   0|    1|          0|
    |ap_enable_reg_pp0_iter64                   |   1|   0|    1|          0|
    |ap_enable_reg_pp0_iter65                   |   1|   0|    1|          0|
    |ap_enable_reg_pp0_iter66                   |   1|   0|    1|          0|
    |ap_enable_reg_pp0_iter67                   |   1|   0|    1|          0|
    |ap_enable_reg_pp0_iter68                   |   1|   0|    1|          0|
    |ap_enable_reg_pp0_iter69                   |   1|   0|    1|          0|
    |ap_enable_reg_pp0_iter7                    |   1|   0|    1|          0|
    |ap_enable_reg_pp0_iter70                   |   1|   0|    1|          0|
    |ap_enable_reg_pp0_iter71                   |   1|   0|    1|          0|
    |ap_enable_reg_pp0_iter72                   |   1|   0|    1|          0|
    |ap_enable_reg_pp0_iter73                   |   1|   0|    1|          0|
    |ap_enable_reg_pp0_iter74                   |   1|   0|    1|          0|
    |ap_enable_reg_pp0_iter75                   |   1|   0|    1|          0|
    |ap_enable_reg_pp0_iter76                   |   1|   0|    1|          0|
    |ap_enable_reg_pp0_iter77                   |   1|   0|    1|          0|
    |ap_enable_reg_pp0_iter78                   |   1|   0|    1|          0|
    |ap_enable_reg_pp0_iter79                   |   1|   0|    1|          0|
    |ap_enable_reg_pp0_iter8                    |   1|   0|    1|          0|
    |ap_enable_reg_pp0_iter80                   |   1|   0|    1|          0|
    |ap_enable_reg_pp0_iter81                   |   1|   0|    1|          0|
    |ap_enable_reg_pp0_iter82                   |   1|   0|    1|          0|
    |ap_enable_reg_pp0_iter83                   |   1|   0|    1|          0|
    |ap_enable_reg_pp0_iter84                   |   1|   0|    1|          0|
    |ap_enable_reg_pp0_iter85                   |   1|   0|    1|          0|
    |ap_enable_reg_pp0_iter86                   |   1|   0|    1|          0|
    |ap_enable_reg_pp0_iter87                   |   1|   0|    1|          0|
    |ap_enable_reg_pp0_iter88                   |   1|   0|    1|          0|
    |ap_enable_reg_pp0_iter89                   |   1|   0|    1|          0|
    |ap_enable_reg_pp0_iter9                    |   1|   0|    1|          0|
    |ap_enable_reg_pp0_iter90                   |   1|   0|    1|          0|
    |ap_enable_reg_pp0_iter91                   |   1|   0|    1|          0|
    |ap_enable_reg_pp0_iter92                   |   1|   0|    1|          0|
    |ap_enable_reg_pp0_iter93                   |   1|   0|    1|          0|
    |ap_enable_reg_pp0_iter94                   |   1|   0|    1|          0|
    |ap_enable_reg_pp0_iter95                   |   1|   0|    1|          0|
    |ap_enable_reg_pp0_iter96                   |   1|   0|    1|          0|
    |ap_enable_reg_pp0_iter97                   |   1|   0|    1|          0|
    |ap_enable_reg_pp0_iter98                   |   1|   0|    1|          0|
    |ap_enable_reg_pp0_iter99                   |   1|   0|    1|          0|
    |ap_loop_exit_ready_pp0_iter100_reg         |   1|   0|    1|          0|
    |ap_loop_exit_ready_pp0_iter101_reg         |   1|   0|    1|          0|
    |ap_loop_exit_ready_pp0_iter102_reg         |   1|   0|    1|          0|
    |ap_loop_exit_ready_pp0_iter103_reg         |   1|   0|    1|          0|
    |ap_loop_exit_ready_pp0_iter104_reg         |   1|   0|    1|          0|
    |ap_loop_exit_ready_pp0_iter105_reg         |   1|   0|    1|          0|
    |ap_loop_exit_ready_pp0_iter106_reg         |   1|   0|    1|          0|
    |ap_loop_exit_ready_pp0_iter107_reg         |   1|   0|    1|          0|
    |ap_loop_exit_ready_pp0_iter108_reg         |   1|   0|    1|          0|
    |ap_loop_exit_ready_pp0_iter109_reg         |   1|   0|    1|          0|
    |ap_loop_exit_ready_pp0_iter10_reg          |   1|   0|    1|          0|
    |ap_loop_exit_ready_pp0_iter110_reg         |   1|   0|    1|          0|
    |ap_loop_exit_ready_pp0_iter111_reg         |   1|   0|    1|          0|
    |ap_loop_exit_ready_pp0_iter112_reg         |   1|   0|    1|          0|
    |ap_loop_exit_ready_pp0_iter113_reg         |   1|   0|    1|          0|
    |ap_loop_exit_ready_pp0_iter114_reg         |   1|   0|    1|          0|
    |ap_loop_exit_ready_pp0_iter115_reg         |   1|   0|    1|          0|
    |ap_loop_exit_ready_pp0_iter116_reg         |   1|   0|    1|          0|
    |ap_loop_exit_ready_pp0_iter117_reg         |   1|   0|    1|          0|
    |ap_loop_exit_ready_pp0_iter118_reg         |   1|   0|    1|          0|
    |ap_loop_exit_ready_pp0_iter119_reg         |   1|   0|    1|          0|
    |ap_loop_exit_ready_pp0_iter11_reg          |   1|   0|    1|          0|
    |ap_loop_exit_ready_pp0_iter120_reg         |   1|   0|    1|          0|
    |ap_loop_exit_ready_pp0_iter121_reg         |   1|   0|    1|          0|
    |ap_loop_exit_ready_pp0_iter122_reg         |   1|   0|    1|          0|
    |ap_loop_exit_ready_pp0_iter123_reg         |   1|   0|    1|          0|
    |ap_loop_exit_ready_pp0_iter124_reg         |   1|   0|    1|          0|
    |ap_loop_exit_ready_pp0_iter125_reg         |   1|   0|    1|          0|
    |ap_loop_exit_ready_pp0_iter126_reg         |   1|   0|    1|          0|
    |ap_loop_exit_ready_pp0_iter127_reg         |   1|   0|    1|          0|
    |ap_loop_exit_ready_pp0_iter128_reg         |   1|   0|    1|          0|
    |ap_loop_exit_ready_pp0_iter129_reg         |   1|   0|    1|          0|
    |ap_loop_exit_ready_pp0_iter12_reg          |   1|   0|    1|          0|
    |ap_loop_exit_ready_pp0_iter130_reg         |   1|   0|    1|          0|
    |ap_loop_exit_ready_pp0_iter131_reg         |   1|   0|    1|          0|
    |ap_loop_exit_ready_pp0_iter132_reg         |   1|   0|    1|          0|
    |ap_loop_exit_ready_pp0_iter133_reg         |   1|   0|    1|          0|
    |ap_loop_exit_ready_pp0_iter134_reg         |   1|   0|    1|          0|
    |ap_loop_exit_ready_pp0_iter135_reg         |   1|   0|    1|          0|
    |ap_loop_exit_ready_pp0_iter136_reg         |   1|   0|    1|          0|
    |ap_loop_exit_ready_pp0_iter137_reg         |   1|   0|    1|          0|
    |ap_loop_exit_ready_pp0_iter138_reg         |   1|   0|    1|          0|
    |ap_loop_exit_ready_pp0_iter139_reg         |   1|   0|    1|          0|
    |ap_loop_exit_ready_pp0_iter13_reg          |   1|   0|    1|          0|
    |ap_loop_exit_ready_pp0_iter140_reg         |   1|   0|    1|          0|
    |ap_loop_exit_ready_pp0_iter141_reg         |   1|   0|    1|          0|
    |ap_loop_exit_ready_pp0_iter142_reg         |   1|   0|    1|          0|
    |ap_loop_exit_ready_pp0_iter14_reg          |   1|   0|    1|          0|
    |ap_loop_exit_ready_pp0_iter15_reg          |   1|   0|    1|          0|
    |ap_loop_exit_ready_pp0_iter16_reg          |   1|   0|    1|          0|
    |ap_loop_exit_ready_pp0_iter17_reg          |   1|   0|    1|          0|
    |ap_loop_exit_ready_pp0_iter18_reg          |   1|   0|    1|          0|
    |ap_loop_exit_ready_pp0_iter19_reg          |   1|   0|    1|          0|
    |ap_loop_exit_ready_pp0_iter20_reg          |   1|   0|    1|          0|
    |ap_loop_exit_ready_pp0_iter21_reg          |   1|   0|    1|          0|
    |ap_loop_exit_ready_pp0_iter22_reg          |   1|   0|    1|          0|
    |ap_loop_exit_ready_pp0_iter23_reg          |   1|   0|    1|          0|
    |ap_loop_exit_ready_pp0_iter24_reg          |   1|   0|    1|          0|
    |ap_loop_exit_ready_pp0_iter25_reg          |   1|   0|    1|          0|
    |ap_loop_exit_ready_pp0_iter26_reg          |   1|   0|    1|          0|
    |ap_loop_exit_ready_pp0_iter27_reg          |   1|   0|    1|          0|
    |ap_loop_exit_ready_pp0_iter28_reg          |   1|   0|    1|          0|
    |ap_loop_exit_ready_pp0_iter29_reg          |   1|   0|    1|          0|
    |ap_loop_exit_ready_pp0_iter2_reg           |   1|   0|    1|          0|
    |ap_loop_exit_ready_pp0_iter30_reg          |   1|   0|    1|          0|
    |ap_loop_exit_ready_pp0_iter31_reg          |   1|   0|    1|          0|
    |ap_loop_exit_ready_pp0_iter32_reg          |   1|   0|    1|          0|
    |ap_loop_exit_ready_pp0_iter33_reg          |   1|   0|    1|          0|
    |ap_loop_exit_ready_pp0_iter34_reg          |   1|   0|    1|          0|
    |ap_loop_exit_ready_pp0_iter35_reg          |   1|   0|    1|          0|
    |ap_loop_exit_ready_pp0_iter36_reg          |   1|   0|    1|          0|
    |ap_loop_exit_ready_pp0_iter37_reg          |   1|   0|    1|          0|
    |ap_loop_exit_ready_pp0_iter38_reg          |   1|   0|    1|          0|
    |ap_loop_exit_ready_pp0_iter39_reg          |   1|   0|    1|          0|
    |ap_loop_exit_ready_pp0_iter3_reg           |   1|   0|    1|          0|
    |ap_loop_exit_ready_pp0_iter40_reg          |   1|   0|    1|          0|
    |ap_loop_exit_ready_pp0_iter41_reg          |   1|   0|    1|          0|
    |ap_loop_exit_ready_pp0_iter42_reg          |   1|   0|    1|          0|
    |ap_loop_exit_ready_pp0_iter43_reg          |   1|   0|    1|          0|
    |ap_loop_exit_ready_pp0_iter44_reg          |   1|   0|    1|          0|
    |ap_loop_exit_ready_pp0_iter45_reg          |   1|   0|    1|          0|
    |ap_loop_exit_ready_pp0_iter46_reg          |   1|   0|    1|          0|
    |ap_loop_exit_ready_pp0_iter47_reg          |   1|   0|    1|          0|
    |ap_loop_exit_ready_pp0_iter48_reg          |   1|   0|    1|          0|
    |ap_loop_exit_ready_pp0_iter49_reg          |   1|   0|    1|          0|
    |ap_loop_exit_ready_pp0_iter4_reg           |   1|   0|    1|          0|
    |ap_loop_exit_ready_pp0_iter50_reg          |   1|   0|    1|          0|
    |ap_loop_exit_ready_pp0_iter51_reg          |   1|   0|    1|          0|
    |ap_loop_exit_ready_pp0_iter52_reg          |   1|   0|    1|          0|
    |ap_loop_exit_ready_pp0_iter53_reg          |   1|   0|    1|          0|
    |ap_loop_exit_ready_pp0_iter54_reg          |   1|   0|    1|          0|
    |ap_loop_exit_ready_pp0_iter55_reg          |   1|   0|    1|          0|
    |ap_loop_exit_ready_pp0_iter56_reg          |   1|   0|    1|          0|
    |ap_loop_exit_ready_pp0_iter57_reg          |   1|   0|    1|          0|
    |ap_loop_exit_ready_pp0_iter58_reg          |   1|   0|    1|          0|
    |ap_loop_exit_ready_pp0_iter59_reg          |   1|   0|    1|          0|
    |ap_loop_exit_ready_pp0_iter5_reg           |   1|   0|    1|          0|
    |ap_loop_exit_ready_pp0_iter60_reg          |   1|   0|    1|          0|
    |ap_loop_exit_ready_pp0_iter61_reg          |   1|   0|    1|          0|
    |ap_loop_exit_ready_pp0_iter62_reg          |   1|   0|    1|          0|
    |ap_loop_exit_ready_pp0_iter63_reg          |   1|   0|    1|          0|
    |ap_loop_exit_ready_pp0_iter64_reg          |   1|   0|    1|          0|
    |ap_loop_exit_ready_pp0_iter65_reg          |   1|   0|    1|          0|
    |ap_loop_exit_ready_pp0_iter66_reg          |   1|   0|    1|          0|
    |ap_loop_exit_ready_pp0_iter67_reg          |   1|   0|    1|          0|
    |ap_loop_exit_ready_pp0_iter68_reg          |   1|   0|    1|          0|
    |ap_loop_exit_ready_pp0_iter69_reg          |   1|   0|    1|          0|
    |ap_loop_exit_ready_pp0_iter6_reg           |   1|   0|    1|          0|
    |ap_loop_exit_ready_pp0_iter70_reg          |   1|   0|    1|          0|
    |ap_loop_exit_ready_pp0_iter71_reg          |   1|   0|    1|          0|
    |ap_loop_exit_ready_pp0_iter72_reg          |   1|   0|    1|          0|
    |ap_loop_exit_ready_pp0_iter73_reg          |   1|   0|    1|          0|
    |ap_loop_exit_ready_pp0_iter74_reg          |   1|   0|    1|          0|
    |ap_loop_exit_ready_pp0_iter75_reg          |   1|   0|    1|          0|
    |ap_loop_exit_ready_pp0_iter76_reg          |   1|   0|    1|          0|
    |ap_loop_exit_ready_pp0_iter77_reg          |   1|   0|    1|          0|
    |ap_loop_exit_ready_pp0_iter78_reg          |   1|   0|    1|          0|
    |ap_loop_exit_ready_pp0_iter79_reg          |   1|   0|    1|          0|
    |ap_loop_exit_ready_pp0_iter7_reg           |   1|   0|    1|          0|
    |ap_loop_exit_ready_pp0_iter80_reg          |   1|   0|    1|          0|
    |ap_loop_exit_ready_pp0_iter81_reg          |   1|   0|    1|          0|
    |ap_loop_exit_ready_pp0_iter82_reg          |   1|   0|    1|          0|
    |ap_loop_exit_ready_pp0_iter83_reg          |   1|   0|    1|          0|
    |ap_loop_exit_ready_pp0_iter84_reg          |   1|   0|    1|          0|
    |ap_loop_exit_ready_pp0_iter85_reg          |   1|   0|    1|          0|
    |ap_loop_exit_ready_pp0_iter86_reg          |   1|   0|    1|          0|
    |ap_loop_exit_ready_pp0_iter87_reg          |   1|   0|    1|          0|
    |ap_loop_exit_ready_pp0_iter88_reg          |   1|   0|    1|          0|
    |ap_loop_exit_ready_pp0_iter89_reg          |   1|   0|    1|          0|
    |ap_loop_exit_ready_pp0_iter8_reg           |   1|   0|    1|          0|
    |ap_loop_exit_ready_pp0_iter90_reg          |   1|   0|    1|          0|
    |ap_loop_exit_ready_pp0_iter91_reg          |   1|   0|    1|          0|
    |ap_loop_exit_ready_pp0_iter92_reg          |   1|   0|    1|          0|
    |ap_loop_exit_ready_pp0_iter93_reg          |   1|   0|    1|          0|
    |ap_loop_exit_ready_pp0_iter94_reg          |   1|   0|    1|          0|
    |ap_loop_exit_ready_pp0_iter95_reg          |   1|   0|    1|          0|
    |ap_loop_exit_ready_pp0_iter96_reg          |   1|   0|    1|          0|
    |ap_loop_exit_ready_pp0_iter97_reg          |   1|   0|    1|          0|
    |ap_loop_exit_ready_pp0_iter98_reg          |   1|   0|    1|          0|
    |ap_loop_exit_ready_pp0_iter99_reg          |   1|   0|    1|          0|
    |ap_loop_exit_ready_pp0_iter9_reg           |   1|   0|    1|          0|
    |gmem_addr_1_reg_430                        |  64|   0|   64|          0|
    |gmem_addr_read_reg_441                     |  32|   0|   32|          0|
    |gmem_addr_reg_424                          |  64|   0|   64|          0|
    |i_fu_88                                    |  10|   0|   10|          0|
    |indvar_flatten47_fu_92                     |  19|   0|   19|          0|
    |j_fu_84                                    |  10|   0|   10|          0|
    |select_ln39_reg_455                        |   8|   0|   32|         24|
    |temp_buf_load_reg_448                      |  32|   0|   32|          0|
    |add_ln36_reg_419                           |  64|  32|   18|          0|
    |gmem_addr_1_reg_430                        |  64|  32|   64|          0|
    +-------------------------------------------+----+----+-----+-----------+
    |Total                                      | 674|  64|  652|         24|
    +-------------------------------------------+----+----+-----+-----------+



================================================================
== Interface
================================================================
* Summary: 
+-----------------------+-----+-----+------------+---------------------------+--------------+
|       RTL Ports       | Dir | Bits|  Protocol  |       Source Object       |    C Type    |
+-----------------------+-----+-----+------------+---------------------------+--------------+
|ap_clk                 |   in|    1|  ap_ctrl_hs|  edge_detect_hw_Pipeline_7|  return value|
|ap_rst                 |   in|    1|  ap_ctrl_hs|  edge_detect_hw_Pipeline_7|  return value|
|ap_start               |   in|    1|  ap_ctrl_hs|  edge_detect_hw_Pipeline_7|  return value|
|ap_done                |  out|    1|  ap_ctrl_hs|  edge_detect_hw_Pipeline_7|  return value|
|ap_idle                |  out|    1|  ap_ctrl_hs|  edge_detect_hw_Pipeline_7|  return value|
|ap_ready               |  out|    1|  ap_ctrl_hs|  edge_detect_hw_Pipeline_7|  return value|
|m_axi_gmem_0_AWVALID   |  out|    1|       m_axi|                       gmem|       pointer|
|m_axi_gmem_0_AWREADY   |   in|    1|       m_axi|                       gmem|       pointer|
|m_axi_gmem_0_AWADDR    |  out|   64|       m_axi|                       gmem|       pointer|
|m_axi_gmem_0_AWID      |  out|    1|       m_axi|                       gmem|       pointer|
|m_axi_gmem_0_AWLEN     |  out|   32|       m_axi|                       gmem|       pointer|
|m_axi_gmem_0_AWSIZE    |  out|    3|       m_axi|                       gmem|       pointer|
|m_axi_gmem_0_AWBURST   |  out|    2|       m_axi|                       gmem|       pointer|
|m_axi_gmem_0_AWLOCK    |  out|    2|       m_axi|                       gmem|       pointer|
|m_axi_gmem_0_AWCACHE   |  out|    4|       m_axi|                       gmem|       pointer|
|m_axi_gmem_0_AWPROT    |  out|    3|       m_axi|                       gmem|       pointer|
|m_axi_gmem_0_AWQOS     |  out|    4|       m_axi|                       gmem|       pointer|
|m_axi_gmem_0_AWREGION  |  out|    4|       m_axi|                       gmem|       pointer|
|m_axi_gmem_0_AWUSER    |  out|    1|       m_axi|                       gmem|       pointer|
|m_axi_gmem_0_WVALID    |  out|    1|       m_axi|                       gmem|       pointer|
|m_axi_gmem_0_WREADY    |   in|    1|       m_axi|                       gmem|       pointer|
|m_axi_gmem_0_WDATA     |  out|   32|       m_axi|                       gmem|       pointer|
|m_axi_gmem_0_WSTRB     |  out|    4|       m_axi|                       gmem|       pointer|
|m_axi_gmem_0_WLAST     |  out|    1|       m_axi|                       gmem|       pointer|
|m_axi_gmem_0_WID       |  out|    1|       m_axi|                       gmem|       pointer|
|m_axi_gmem_0_WUSER     |  out|    1|       m_axi|                       gmem|       pointer|
|m_axi_gmem_0_ARVALID   |  out|    1|       m_axi|                       gmem|       pointer|
|m_axi_gmem_0_ARREADY   |   in|    1|       m_axi|                       gmem|       pointer|
|m_axi_gmem_0_ARADDR    |  out|   64|       m_axi|                       gmem|       pointer|
|m_axi_gmem_0_ARID      |  out|    1|       m_axi|                       gmem|       pointer|
|m_axi_gmem_0_ARLEN     |  out|   32|       m_axi|                       gmem|       pointer|
|m_axi_gmem_0_ARSIZE    |  out|    3|       m_axi|                       gmem|       pointer|
|m_axi_gmem_0_ARBURST   |  out|    2|       m_axi|                       gmem|       pointer|
|m_axi_gmem_0_ARLOCK    |  out|    2|       m_axi|                       gmem|       pointer|
|m_axi_gmem_0_ARCACHE   |  out|    4|       m_axi|                       gmem|       pointer|
|m_axi_gmem_0_ARPROT    |  out|    3|       m_axi|                       gmem|       pointer|
|m_axi_gmem_0_ARQOS     |  out|    4|       m_axi|                       gmem|       pointer|
|m_axi_gmem_0_ARREGION  |  out|    4|       m_axi|                       gmem|       pointer|
|m_axi_gmem_0_ARUSER    |  out|    1|       m_axi|                       gmem|       pointer|
|m_axi_gmem_0_RVALID    |   in|    1|       m_axi|                       gmem|       pointer|
|m_axi_gmem_0_RREADY    |  out|    1|       m_axi|                       gmem|       pointer|
|m_axi_gmem_0_RDATA     |   in|   32|       m_axi|                       gmem|       pointer|
|m_axi_gmem_0_RLAST     |   in|    1|       m_axi|                       gmem|       pointer|
|m_axi_gmem_0_RID       |   in|    1|       m_axi|                       gmem|       pointer|
|m_axi_gmem_0_RFIFONUM  |   in|    9|       m_axi|                       gmem|       pointer|
|m_axi_gmem_0_RUSER     |   in|    1|       m_axi|                       gmem|       pointer|
|m_axi_gmem_0_RRESP     |   in|    2|       m_axi|                       gmem|       pointer|
|m_axi_gmem_0_BVALID    |   in|    1|       m_axi|                       gmem|       pointer|
|m_axi_gmem_0_BREADY    |  out|    1|       m_axi|                       gmem|       pointer|
|m_axi_gmem_0_BRESP     |   in|    2|       m_axi|                       gmem|       pointer|
|m_axi_gmem_0_BID       |   in|    1|       m_axi|                       gmem|       pointer|
|m_axi_gmem_0_BUSER     |   in|    1|       m_axi|                       gmem|       pointer|
|image_gray             |   in|   64|     ap_none|                 image_gray|        scalar|
|temp_buf_address0      |  out|   18|   ap_memory|                   temp_buf|         array|
|temp_buf_ce0           |  out|    1|   ap_memory|                   temp_buf|         array|
|temp_buf_q0            |   in|   32|   ap_memory|                   temp_buf|         array|
|output_r               |   in|   64|     ap_none|                   output_r|        scalar|
+-----------------------+-----+-----+------------+---------------------------+--------------+

