

================================================================
== Vitis HLS Report for 'edge_detect_hw_Pipeline_1'
================================================================
* Date:           Tue Sep  8 14:06:58 2026

* Version:        2024.2.2 (Build 6049644 on Mar  5 2025)
* Project:        final
* Solution:       hls (Vitis Kernel Flow Target)
* Product family: zynquplus
* Target device:  xczu9eg-ffvb1156-2-e


================================================================
== Performance Estimates
================================================================
+ Timing: 
    * Summary: 
    +--------+---------+----------+------------+
    |  Clock |  Target | Estimated| Uncertainty|
    +--------+---------+----------+------------+
    |ap_clk  |  6.67 ns|  2.682 ns|     2.00 ns|
    +--------+---------+----------+------------+

+ Latency: 
    * Summary: 
    +---------+---------+-----------+-----------+-----+-----+------------------------------------------------+
    |  Latency (cycles) |   Latency (absolute)  |  Interval |                    Pipeline                    |
    |   min   |   max   |    min    |    max    | min | max |                      Type                      |
    +---------+---------+-----------+-----------+-----+-----+------------------------------------------------+
    |       11|       11|  73.337 ns|  73.337 ns|   10|   10|  loop auto-rewind stp (delay=0 clock cycles(s))|
    +---------+---------+-----------+-----------+-----+-----+------------------------------------------------+

    + Detail: 
        * Instance: 
        N/A

        * Loop: 
        +----------+---------+---------+----------+-----------+-----------+------+----------+
        |          |  Latency (cycles) | Iteration|  Initiation Interval  | Trip |          |
        | Loop Name|   min   |   max   |  Latency |  achieved |   target  | Count| Pipelined|
        +----------+---------+---------+----------+-----------+-----------+------+----------+
        |- Loop 1  |        9|        9|         2|          1|          1|     9|       yes|
        +----------+---------+---------+----------+-----------+-----------+------+----------+



================================================================
== Utilization Estimates
================================================================
* Summary: 
+-----------------+---------+------+--------+--------+-----+
|       Name      | BRAM_18K|  DSP |   FF   |   LUT  | URAM|
+-----------------+---------+------+--------+--------+-----+
|DSP              |        -|     -|       -|       -|    -|
|Expression       |        -|     -|       0|     109|    -|
|FIFO             |        -|     -|       -|       -|    -|
|Instance         |        -|     -|       -|       -|    -|
|Memory           |        -|     -|       -|       -|    -|
|Multiplexer      |        -|     -|       0|      81|    -|
|Register         |        -|     -|      17|       -|    -|
+-----------------+---------+------+--------+--------+-----+
|Total            |        0|     0|      17|     190|    0|
+-----------------+---------+------+--------+--------+-----+
|Available        |     1824|  2520|  548160|  274080|    0|
+-----------------+---------+------+--------+--------+-----+
|Utilization (%)  |        0|     0|      ~0|      ~0|    0|
+-----------------+---------+------+--------+--------+-----+

+ Detail: 
    * Instance: 
    N/A

    * DSP: 
    N/A

    * Memory: 
    N/A

    * FIFO: 
    N/A

    * Expression: 
    +-------------------------+----------+----+---+----+------------+------------+
    |      Variable Name      | Operation| DSP| FF| LUT| Bitwidth P0| Bitwidth P1|
    +-------------------------+----------+----+---+----+------------+------------+
    |add_ln166_1_fu_131_p2    |         +|   0|  0|   9|           2|           1|
    |add_ln166_fu_105_p2      |         +|   0|  0|  12|           4|           1|
    |add_ln167_fu_178_p2      |         +|   0|  0|   9|           2|           1|
    |add_ln170_fu_167_p2      |         +|   0|  0|   7|           4|           4|
    |normal_factor_fu_230_p2  |         +|   0|  0|  13|           6|           6|
    |empty_fu_157_p2          |         -|   0|  0|   7|           4|           4|
    |neg_fu_206_p2            |         -|   0|  0|  10|           1|           3|
    |abscond_fu_212_p2        |      icmp|   0|  0|  12|           4|           1|
    |icmp_ln166_fu_99_p2      |      icmp|   0|  0|  12|           4|           4|
    |icmp_ln167_fu_117_p2     |      icmp|   0|  0|   9|           2|           2|
    |p_d0_0_fu_218_p3         |    select|   0|  0|   3|           1|           3|
    |select_ln157_fu_123_p3   |    select|   0|  0|   2|           1|           1|
    |select_ln166_fu_137_p3   |    select|   0|  0|   2|           1|           2|
    |ap_enable_pp0            |       xor|   0|  0|   2|           1|           2|
    +-------------------------+----------+----+---+----+------------+------------+
    |Total                    |          |   0|  0| 109|          37|          35|
    +-------------------------+----------+----+---+----+------------+------------+

    * Multiplexer: 
    +--------------------------------------+----+-----------+-----+-----------+
    |                 Name                 | LUT| Input Size| Bits| Total Bits|
    +--------------------------------------+----+-----------+-----+-----------+
    |ap_done_int                           |   9|          2|    1|          2|
    |ap_enable_reg_pp0_iter1               |   9|          2|    1|          2|
    |ap_sig_allocacmp_c_load               |   9|          2|    2|          4|
    |ap_sig_allocacmp_indvar_flatten_load  |   9|          2|    4|          8|
    |ap_sig_allocacmp_r_load               |   9|          2|    2|          4|
    |c_fu_44                               |   9|          2|    2|          4|
    |indvar_flatten_fu_52                  |   9|          2|    4|          8|
    |normal_factor_1_fu_40                 |   9|          2|    6|         12|
    |r_fu_48                               |   9|          2|    2|          4|
    +--------------------------------------+----+-----------+-----+-----------+
    |Total                                 |  81|         18|   24|         48|
    +--------------------------------------+----+-----------+-----+-----------+

    * Register: 
    +-------------------------+---+----+-----+-----------+
    |           Name          | FF| LUT| Bits| Const Bits|
    +-------------------------+---+----+-----+-----------+
    |ap_CS_fsm                |  1|   0|    1|          0|
    |ap_done_reg              |  1|   0|    1|          0|
    |ap_enable_reg_pp0_iter1  |  1|   0|    1|          0|
    |c_fu_44                  |  2|   0|    2|          0|
    |indvar_flatten_fu_52     |  4|   0|    4|          0|
    |normal_factor_1_fu_40    |  6|   0|    6|          0|
    |r_fu_48                  |  2|   0|    2|          0|
    +-------------------------+---+----+-----+-----------+
    |Total                    | 17|   0|   17|          0|
    +-------------------------+---+----+-----+-----------+



================================================================
== Interface
================================================================
* Summary: 
+----------------------------+-----+-----+------------+---------------------------+--------------+
|          RTL Ports         | Dir | Bits|  Protocol  |       Source Object       |    C Type    |
+----------------------------+-----+-----+------------+---------------------------+--------------+
|ap_clk                      |   in|    1|  ap_ctrl_hs|  edge_detect_hw_Pipeline_1|  return value|
|ap_rst                      |   in|    1|  ap_ctrl_hs|  edge_detect_hw_Pipeline_1|  return value|
|ap_start                    |   in|    1|  ap_ctrl_hs|  edge_detect_hw_Pipeline_1|  return value|
|ap_done                     |  out|    1|  ap_ctrl_hs|  edge_detect_hw_Pipeline_1|  return value|
|ap_idle                     |  out|    1|  ap_ctrl_hs|  edge_detect_hw_Pipeline_1|  return value|
|ap_ready                    |  out|    1|  ap_ctrl_hs|  edge_detect_hw_Pipeline_1|  return value|
|filter_address0             |  out|    4|   ap_memory|                     filter|         array|
|filter_ce0                  |  out|    1|   ap_memory|                     filter|         array|
|filter_q0                   |   in|    4|   ap_memory|                     filter|         array|
|normal_factor_1_out         |  out|    6|      ap_vld|        normal_factor_1_out|       pointer|
|normal_factor_1_out_ap_vld  |  out|    1|      ap_vld|        normal_factor_1_out|       pointer|
+----------------------------+-----+-----+------------+---------------------------+--------------+

