

================================================================
== Vitis HLS Report for 'edge_detect_hw'
================================================================
* Date:           Tue Sep  8 14:06:59 2026

* Version:        2024.2.2 (Build 6049644 on Mar  5 2025)
* Project:        final
* Solution:       hls (Vitis Kernel Flow Target)
* Product family: zynquplus
* Target device:  xczu9eg-ffvb1156-2-e


================================================================
== Performance Estimates
================================================================
+ Timing: 
    * Summary: 
    +--------+---------+----------+------------+
    |  Clock |  Target | Estimated| Uncertainty|
    +--------+---------+----------+------------+
    |ap_clk  |  6.67 ns|  4.667 ns|     2.00 ns|
    +--------+---------+----------+------------+

+ Latency: 
    * Summary: 
    +---------+---------+-----------+-----------+---------+---------+---------+
    |  Latency (cycles) |   Latency (absolute)  |      Interval     | Pipeline|
    |   min   |   max   |    min    |    max    |   min   |   max   |   Type  |
    +---------+---------+-----------+-----------+---------+---------+---------+
    |  7285487|  7285487|  48.572 ms|  48.572 ms|  7285488|  7285488|       no|
    +---------+---------+-----------+-----------+---------+---------+---------+

    + Detail: 
        * Instance: 
        +--------------------------------------+---------------------------+---------+---------+-----------+-----------+---------+---------+------------------------------------------------+
        |                                      |                           |  Latency (cycles) |   Latency (absolute)  |      Interval     |                    Pipeline                    |
        |               Instance               |           Module          |   min   |   max   |    min    |    max    |   min   |   max   |                      Type                      |
        +--------------------------------------+---------------------------+---------+---------+-----------+-----------+---------+---------+------------------------------------------------+
        |grp_edge_detect_hw_Pipeline_1_fu_213  |edge_detect_hw_Pipeline_1  |       11|       11|  73.337 ns|  73.337 ns|       10|       10|  loop auto-rewind stp (delay=0 clock cycles(s))|
        |grp_edge_detect_hw_Pipeline_2_fu_219  |edge_detect_hw_Pipeline_2  |  2341078|  2341078|  15.608 ms|  15.608 ms|  2340909|  2340909|  loop auto-rewind stp (delay=0 clock cycles(s))|
        |grp_edge_detect_hw_Pipeline_3_fu_230  |edge_detect_hw_Pipeline_3  |       11|       11|  73.337 ns|  73.337 ns|       10|       10|  loop auto-rewind stp (delay=0 clock cycles(s))|
        |grp_edge_detect_hw_Pipeline_4_fu_236  |edge_detect_hw_Pipeline_4  |  2341078|  2341078|  15.608 ms|  15.608 ms|  2340909|  2340909|  loop auto-rewind stp (delay=0 clock cycles(s))|
        |grp_edge_detect_hw_Pipeline_5_fu_245  |edge_detect_hw_Pipeline_5  |       11|       11|  73.337 ns|  73.337 ns|       10|       10|  loop auto-rewind stp (delay=0 clock cycles(s))|
        |grp_edge_detect_hw_Pipeline_6_fu_251  |edge_detect_hw_Pipeline_6  |  2341009|  2341009|  15.608 ms|  15.608 ms|  2340909|  2340909|  loop auto-rewind stp (delay=0 clock cycles(s))|
        |grp_edge_detect_hw_Pipeline_7_fu_260  |edge_detect_hw_Pipeline_7  |   262287|   262287|   1.749 ms|   1.749 ms|   262145|   262145|  loop auto-rewind stp (delay=0 clock cycles(s))|
        +--------------------------------------+---------------------------+---------+---------+-----------+-----------+---------+---------+------------------------------------------------+

        * Loop: 
        N/A



================================================================
== Utilization Estimates
================================================================
* Summary: 
+-----------------+---------+------+--------+--------+-----+
|       Name      | BRAM_18K|  DSP |   FF   |   LUT  | URAM|
+-----------------+---------+------+--------+--------+-----+
|DSP              |        -|     -|       -|       -|    -|
|Expression       |        -|     -|       0|       6|    -|
|FIFO             |        -|     -|       -|       -|    -|
|Instance         |        4|     -|   11187|   10952|    0|
|Memory           |      464|     -|       8|       1|    0|
|Multiplexer      |        -|     -|       0|     658|    -|
|Register         |        -|     -|     164|       -|    -|
+-----------------+---------+------+--------+--------+-----+
|Total            |      468|     0|   11359|   11617|    0|
+-----------------+---------+------+--------+--------+-----+
|Available        |     1824|  2520|  548160|  274080|    0|
+-----------------+---------+------+--------+--------+-----+
|Utilization (%)  |       25|     0|       2|       4|    0|
+-----------------+---------+------+--------+--------+-----+

+ Detail: 
    * Instance: 
    +--------------------------------------+---------------------------+---------+----+------+------+-----+
    |               Instance               |           Module          | BRAM_18K| DSP|  FF  |  LUT | URAM|
    +--------------------------------------+---------------------------+---------+----+------+------+-----+
    |control_s_axi_U                       |control_s_axi              |        0|   0|   176|   296|    0|
    |grp_edge_detect_hw_Pipeline_1_fu_213  |edge_detect_hw_Pipeline_1  |        0|   0|    17|   190|    0|
    |grp_edge_detect_hw_Pipeline_2_fu_219  |edge_detect_hw_Pipeline_2  |        0|   0|  3269|  2983|    0|
    |grp_edge_detect_hw_Pipeline_3_fu_230  |edge_detect_hw_Pipeline_3  |        0|   0|    17|   190|    0|
    |grp_edge_detect_hw_Pipeline_4_fu_236  |edge_detect_hw_Pipeline_4  |        0|   0|  3175|  2896|    0|
    |grp_edge_detect_hw_Pipeline_5_fu_245  |edge_detect_hw_Pipeline_5  |        0|   0|    17|   190|    0|
    |grp_edge_detect_hw_Pipeline_6_fu_251  |edge_detect_hw_Pipeline_6  |        0|   0|  3018|  2720|    0|
    |grp_edge_detect_hw_Pipeline_7_fu_260  |edge_detect_hw_Pipeline_7  |        0|   0|   674|   805|    0|
    |gmem_m_axi_U                          |gmem_m_axi                 |        4|   0|   824|   682|    0|
    +--------------------------------------+---------------------------+---------+----+------+------+-----+
    |Total                                 |                           |        4|   0| 11187| 10952|    0|
    +--------------------------------------+---------------------------+---------+----+------+------+-----+

    * DSP: 
    N/A

    * Memory: 
    +------------+------------------------+---------+---+----+-----+--------+-----+------+-------------+
    |   Memory   |         Module         | BRAM_18K| FF| LUT| URAM|  Words | Bits| Banks| W*Bits*Banks|
    +------------+------------------------+---------+---+----+-----+--------+-----+------+-------------+
    |filter_U    |filter_RAM_AUTO_1R1W    |        0|  8|   1|    0|       9|    4|     1|           36|
    |temp_buf_U  |temp_buf_RAM_AUTO_1R1W  |      464|  0|   0|    0|  262144|   32|     1|      8388608|
    +------------+------------------------+---------+---+----+-----+--------+-----+------+-------------+
    |Total       |                        |      464|  8|   1|    0|  262153|   36|     2|      8388644|
    +------------+------------------------+---------+---+----+-----+--------+-----+------+-------------+

    * FIFO: 
    N/A

    * Expression: 
    +----------------------------------+----------+----+---+----+------------+------------+
    |           Variable Name          | Operation| DSP| FF| LUT| Bitwidth P0| Bitwidth P1|
    +----------------------------------+----------+----+---+----+------------+------------+
    |ap_block_state1                   |        or|   0|  0|   2|           1|           1|
    |ap_block_state14_on_subcall_done  |        or|   0|  0|   2|           1|           1|
    |ap_block_state21_on_subcall_done  |        or|   0|  0|   2|           1|           1|
    +----------------------------------+----------+----+---+----+------------+------------+
    |Total                             |          |   0|  0|   6|           3|           3|
    +----------------------------------+----------+----+---+----+------------+------------+

    * Multiplexer: 
    +-----------------------+-----+-----------+-----+-----------+
    |          Name         | LUT | Input Size| Bits| Total Bits|
    +-----------------------+-----+-----------+-----+-----------+
    |ap_NS_fsm              |  130|         26|    1|         26|
    |ap_done                |    9|          2|    1|          2|
    |filter_address0        |   20|          4|    4|         16|
    |filter_address0_local  |   65|         15|    4|         60|
    |filter_address1_local  |   65|         14|    4|         56|
    |filter_ce0             |   20|          4|    1|          4|
    |filter_d0_local        |   31|          6|    4|         24|
    |filter_d1_local        |   37|          7|    4|         28|
    |gmem_0_ARADDR          |   26|          5|   64|        320|
    |gmem_0_ARLEN           |   26|          5|   32|        160|
    |gmem_0_ARVALID         |   26|          5|    1|          5|
    |gmem_0_AWADDR          |   20|          4|   64|        256|
    |gmem_0_AWLEN           |   20|          4|   32|        128|
    |gmem_0_AWVALID         |   20|          4|    1|          4|
    |gmem_0_BREADY          |   20|          4|    1|          4|
    |gmem_0_RREADY          |   26|          5|    1|          5|
    |gmem_0_WDATA           |   20|          4|   32|        128|
    |gmem_0_WSTRB           |   20|          4|    4|         16|
    |gmem_0_WVALID          |   20|          4|    1|          4|
    |temp_buf_address0      |   14|          3|   18|         54|
    |temp_buf_ce0           |   14|          3|    1|          3|
    |temp_buf_we0           |    9|          2|    1|          2|
    +-----------------------+-----+-----------+-----+-----------+
    |Total                  |  658|        134|  276|       1305|
    +-----------------------+-----+-----------+-----+-----------+

    * Register: 
    +---------------------------------------------------+----+----+-----+-----------+
    |                        Name                       | FF | LUT| Bits| Const Bits|
    +---------------------------------------------------+----+----+-----+-----------+
    |ap_CS_fsm                                          |  25|   0|   25|          0|
    |ap_done_reg                                        |   1|   0|    1|          0|
    |ap_rst_n_inv                                       |   1|   0|    1|          0|
    |ap_rst_reg_1                                       |   1|   0|    1|          0|
    |ap_rst_reg_2                                       |   1|   0|    1|          0|
    |grp_edge_detect_hw_Pipeline_1_fu_213_ap_start_reg  |   1|   0|    1|          0|
    |grp_edge_detect_hw_Pipeline_2_fu_219_ap_start_reg  |   1|   0|    1|          0|
    |grp_edge_detect_hw_Pipeline_3_fu_230_ap_start_reg  |   1|   0|    1|          0|
    |grp_edge_detect_hw_Pipeline_4_fu_236_ap_start_reg  |   1|   0|    1|          0|
    |grp_edge_detect_hw_Pipeline_5_fu_245_ap_start_reg  |   1|   0|    1|          0|
    |grp_edge_detect_hw_Pipeline_6_fu_251_ap_start_reg  |   1|   0|    1|          0|
    |grp_edge_detect_hw_Pipeline_7_fu_260_ap_start_reg  |   1|   0|    1|          0|
    |image_gray_read_reg_361                            |  64|   0|   64|          0|
    |output_r_read_reg_353                              |  64|   0|   64|          0|
    +---------------------------------------------------+----+----+-----+-----------+
    |Total                                              | 164|   0|  164|          0|
    +---------------------------------------------------+----+----+-----+-----------+



================================================================
== Interface
================================================================
* Summary: 
+-----------------------+-----+-----+---------------+----------------+--------------+
|       RTL Ports       | Dir | Bits|    Protocol   |  Source Object |    C Type    |
+-----------------------+-----+-----+---------------+----------------+--------------+
|s_axi_control_AWVALID  |   in|    1|          s_axi|         control|        scalar|
|s_axi_control_AWREADY  |  out|    1|          s_axi|         control|        scalar|
|s_axi_control_AWADDR   |   in|    6|          s_axi|         control|        scalar|
|s_axi_control_WVALID   |   in|    1|          s_axi|         control|        scalar|
|s_axi_control_WREADY   |  out|    1|          s_axi|         control|        scalar|
|s_axi_control_WDATA    |   in|   32|          s_axi|         control|        scalar|
|s_axi_control_WSTRB    |   in|    4|          s_axi|         control|        scalar|
|s_axi_control_ARVALID  |   in|    1|          s_axi|         control|        scalar|
|s_axi_control_ARREADY  |  out|    1|          s_axi|         control|        scalar|
|s_axi_control_ARADDR   |   in|    6|          s_axi|         control|        scalar|
|s_axi_control_RVALID   |  out|    1|          s_axi|         control|        scalar|
|s_axi_control_RREADY   |   in|    1|          s_axi|         control|        scalar|
|s_axi_control_RDATA    |  out|   32|          s_axi|         control|        scalar|
|s_axi_control_RRESP    |  out|    2|          s_axi|         control|        scalar|
|s_axi_control_BVALID   |  out|    1|          s_axi|         control|        scalar|
|s_axi_control_BREADY   |   in|    1|          s_axi|         control|        scalar|
|s_axi_control_BRESP    |  out|    2|          s_axi|         control|        scalar|
|ap_clk                 |   in|    1|  ap_ctrl_chain|  edge_detect_hw|  return value|
|ap_rst_n               |   in|    1|  ap_ctrl_chain|  edge_detect_hw|  return value|
|interrupt              |  out|    1|  ap_ctrl_chain|  edge_detect_hw|  return value|
|m_axi_gmem_AWVALID     |  out|    1|          m_axi|            gmem|       pointer|
|m_axi_gmem_AWREADY     |   in|    1|          m_axi|            gmem|       pointer|
|m_axi_gmem_AWADDR      |  out|   64|          m_axi|            gmem|       pointer|
|m_axi_gmem_AWID        |  out|    1|          m_axi|            gmem|       pointer|
|m_axi_gmem_AWLEN       |  out|    8|          m_axi|            gmem|       pointer|
|m_axi_gmem_AWSIZE      |  out|    3|          m_axi|            gmem|       pointer|
|m_axi_gmem_AWBURST     |  out|    2|          m_axi|            gmem|       pointer|
|m_axi_gmem_AWLOCK      |  out|    2|          m_axi|            gmem|       pointer|
|m_axi_gmem_AWCACHE     |  out|    4|          m_axi|            gmem|       pointer|
|m_axi_gmem_AWPROT      |  out|    3|          m_axi|            gmem|       pointer|
|m_axi_gmem_AWQOS       |  out|    4|          m_axi|            gmem|       pointer|
|m_axi_gmem_AWREGION    |  out|    4|          m_axi|            gmem|       pointer|
|m_axi_gmem_AWUSER      |  out|    1|          m_axi|            gmem|       pointer|
|m_axi_gmem_WVALID      |  out|    1|          m_axi|            gmem|       pointer|
|m_axi_gmem_WREADY      |   in|    1|          m_axi|            gmem|       pointer|
|m_axi_gmem_WDATA       |  out|   32|          m_axi|            gmem|       pointer|
|m_axi_gmem_WSTRB       |  out|    4|          m_axi|            gmem|       pointer|
|m_axi_gmem_WLAST       |  out|    1|          m_axi|            gmem|       pointer|
|m_axi_gmem_WID         |  out|    1|          m_axi|            gmem|       pointer|
|m_axi_gmem_WUSER       |  out|    1|          m_axi|            gmem|       pointer|
|m_axi_gmem_ARVALID     |  out|    1|          m_axi|            gmem|       pointer|
|m_axi_gmem_ARREADY     |   in|    1|          m_axi|            gmem|       pointer|
|m_axi_gmem_ARADDR      |  out|   64|          m_axi|            gmem|       pointer|
|m_axi_gmem_ARID        |  out|    1|          m_axi|            gmem|       pointer|
|m_axi_gmem_ARLEN       |  out|    8|          m_axi|            gmem|       pointer|
|m_axi_gmem_ARSIZE      |  out|    3|          m_axi|            gmem|       pointer|
|m_axi_gmem_ARBURST     |  out|    2|          m_axi|            gmem|       pointer|
|m_axi_gmem_ARLOCK      |  out|    2|          m_axi|            gmem|       pointer|
|m_axi_gmem_ARCACHE     |  out|    4|          m_axi|            gmem|       pointer|
|m_axi_gmem_ARPROT      |  out|    3|          m_axi|            gmem|       pointer|
|m_axi_gmem_ARQOS       |  out|    4|          m_axi|            gmem|       pointer|
|m_axi_gmem_ARREGION    |  out|    4|          m_axi|            gmem|       pointer|
|m_axi_gmem_ARUSER      |  out|    1|          m_axi|            gmem|       pointer|
|m_axi_gmem_RVALID      |   in|    1|          m_axi|            gmem|       pointer|
|m_axi_gmem_RREADY      |  out|    1|          m_axi|            gmem|       pointer|
|m_axi_gmem_RDATA       |   in|   32|          m_axi|            gmem|       pointer|
|m_axi_gmem_RLAST       |   in|    1|          m_axi|            gmem|       pointer|
|m_axi_gmem_RID         |   in|    1|          m_axi|            gmem|       pointer|
|m_axi_gmem_RUSER       |   in|    1|          m_axi|            gmem|       pointer|
|m_axi_gmem_RRESP       |   in|    2|          m_axi|            gmem|       pointer|
|m_axi_gmem_BVALID      |   in|    1|          m_axi|            gmem|       pointer|
|m_axi_gmem_BREADY      |  out|    1|          m_axi|            gmem|       pointer|
|m_axi_gmem_BRESP       |   in|    2|          m_axi|            gmem|       pointer|
|m_axi_gmem_BID         |   in|    1|          m_axi|            gmem|       pointer|
|m_axi_gmem_BUSER       |   in|    1|          m_axi|            gmem|       pointer|
+-----------------------+-----+-----+---------------+----------------+--------------+

