

================================================================
== Vitis HLS Report for 'edge_detect_hw_Pipeline_4'
================================================================
* Date:           Tue Sep  8 14:06:59 2026

* Version:        2024.2.2 (Build 6049644 on Mar  5 2025)
* Project:        final
* Solution:       hls (Vitis Kernel Flow Target)
* Product family: zynquplus
* Target device:  xczu9eg-ffvb1156-2-e


================================================================
== Performance Estimates
================================================================
+ Timing: 
    * Summary: 
    +--------+---------+----------+------------+
    |  Clock |  Target | Estimated| Uncertainty|
    +--------+---------+----------+------------+
    |ap_clk  |  6.67 ns|  4.667 ns|     2.00 ns|
    +--------+---------+----------+------------+

+ Latency: 
    * Summary: 
    +---------+---------+-----------+-----------+---------+---------+------------------------------------------------+
    |  Latency (cycles) |   Latency (absolute)  |      Interval     |                    Pipeline                    |
    |   min   |   max   |    min    |    max    |   min   |   max   |                      Type                      |
    +---------+---------+-----------+-----------+---------+---------+------------------------------------------------+
    |  2341078|  2341078|  15.608 ms|  15.608 ms|  2340909|  2340909|  loop auto-rewind stp (delay=0 clock cycles(s))|
    +---------+---------+-----------+-----------+---------+---------+------------------------------------------------+

    + Detail: 
        * Instance: 
        N/A

        * Loop: 
        +----------+---------+---------+----------+-----------+-----------+--------+----------+
        |          |  Latency (cycles) | Iteration|  Initiation Interval  |  Trip  |          |
        | Loop Name|   min   |   max   |  Latency |  achieved |   target  |  Count | Pipelined|
        +----------+---------+---------+----------+-----------+-----------+--------+----------+
        |- Loop 1  |  2341076|  2341076|       186|          9|          1|  260100|       yes|
        +----------+---------+---------+----------+-----------+-----------+--------+----------+



================================================================
== Utilization Estimates
================================================================
* Summary: 
+-----------------+---------+------+--------+--------+-----+
|       Name      | BRAM_18K|  DSP |   FF   |   LUT  | URAM|
+-----------------+---------+------+--------+--------+-----+
|DSP              |        -|     -|       -|       -|    -|
|Expression       |        -|     -|       0|     709|    -|
|FIFO             |        -|     -|       -|       -|    -|
|Instance         |        -|     -|    2283|    1738|    -|
|Memory           |        -|     -|       -|       -|    -|
|Multiplexer      |        -|     -|       0|     353|    -|
|Register         |        -|     -|     892|      96|    -|
+-----------------+---------+------+--------+--------+-----+
|Total            |        0|     0|    3175|    2896|    0|
+-----------------+---------+------+--------+--------+-----+
|Available        |     1824|  2520|  548160|  274080|    0|
+-----------------+---------+------+--------+--------+-----+
|Utilization (%)  |        0|     0|      ~0|       1|    0|
+-----------------+---------+------+--------+--------+-----+

+ Detail: 
    * Instance: 
    +---------------------------+-----------------------+---------+----+------+------+-----+
    |          Instance         |         Module        | BRAM_18K| DSP|  FF  |  LUT | URAM|
    +---------------------------+-----------------------+---------+----+------+------+-----+
    |sdiv_32ns_7ns_32_36_1_U11  |sdiv_32ns_7ns_32_36_1  |        0|   0|  2283|  1738|    0|
    +---------------------------+-----------------------+---------+----+------+------+-----+
    |Total                      |                       |        0|   0|  2283|  1738|    0|
    +---------------------------+-----------------------+---------+----+------+------+-----+

    * DSP: 
    N/A

    * Memory: 
    N/A

    * FIFO: 
    N/A

    * Expression: 
    +---------------------------------+----------+----+---+----+------------+------------+
    |          Variable Name          | Operation| DSP| FF| LUT| Bitwidth P0| Bitwidth P1|
    +---------------------------------+----------+----+---+----+------------+------------+
    |add_ln125_1_fu_234_p2            |         +|   0|  0|  16|           9|           1|
    |add_ln125_fu_208_p2              |         +|   0|  0|  25|          18|           1|
    |add_ln130_1_fu_404_p2            |         +|   0|  0|  32|          32|          32|
    |add_ln130_fu_394_p2              |         +|   0|  0|  39|          32|          32|
    |add_ln134_1_fu_437_p2            |         +|   0|  0|  25|          18|          18|
    |add_ln134_2_fu_455_p2            |         +|   0|  0|  71|          64|          64|
    |add_ln134_fu_365_p2              |         +|   0|  0|  16|           9|           1|
    |empty_26_fu_306_p2               |         +|   0|  0|  71|          64|          64|
    |empty_30_fu_340_p2               |         +|   0|  0|  71|          64|          64|
    |empty_fu_262_p2                  |         +|   0|  0|  71|          64|          64|
    |tmp14_fu_297_p2                  |         +|   0|  0|  27|          20|          12|
    |tmp15_fu_331_p2                  |         +|   0|  0|  27|          20|          13|
    |grp_fu_414_p0                    |         -|   0|  0|  32|          32|          32|
    |sub_ln130_fu_400_p2              |         -|   0|  0|  39|          32|          32|
    |tmp59_fu_383_p2                  |         -|   0|  0|  38|          31|          31|
    |ap_block_pp0_stage0_11001_grp12  |       and|   0|  0|   2|           1|           1|
    |ap_block_pp0_stage0_11001_grp13  |       and|   0|  0|   2|           1|           1|
    |ap_block_pp0_stage1_11001_grp14  |       and|   0|  0|   2|           1|           1|
    |ap_block_pp0_stage1_11001_grp4   |       and|   0|  0|   2|           1|           1|
    |ap_block_pp0_stage2_11001_grp1   |       and|   0|  0|   2|           1|           1|
    |ap_block_pp0_stage2_11001_grp5   |       and|   0|  0|   2|           1|           1|
    |ap_block_pp0_stage3_11001        |       and|   0|  0|   2|           1|           1|
    |ap_block_pp0_stage5_11001_grp2   |       and|   0|  0|   2|           1|           1|
    |ap_block_pp0_stage5_11001_grp8   |       and|   0|  0|   2|           1|           1|
    |ap_block_pp0_stage6_11001_grp15  |       and|   0|  0|   2|           1|           1|
    |ap_block_pp0_stage6_11001_grp9   |       and|   0|  0|   2|           1|           1|
    |ap_block_pp0_stage8_11001_grp11  |       and|   0|  0|   2|           1|           1|
    |ap_block_pp0_stage8_11001_grp3   |       and|   0|  0|   2|           1|           1|
    |ap_block_state3_io_grp1          |       and|   0|  0|   2|           1|           1|
    |ap_condition_1189                |       and|   0|  0|   2|           1|           1|
    |ap_condition_1193                |       and|   0|  0|   2|           1|           1|
    |ap_condition_1197                |       and|   0|  0|   2|           1|           1|
    |ap_condition_426                 |       and|   0|  0|   2|           1|           1|
    |icmp_ln125_fu_202_p2             |      icmp|   0|  0|  25|          18|          12|
    |icmp_ln126_fu_220_p2             |      icmp|   0|  0|  16|           9|           3|
    |ap_block_pp0_stage0_11001        |        or|   0|  0|   2|           1|           1|
    |ap_block_pp0_stage1_11001        |        or|   0|  0|   2|           1|           1|
    |ap_block_pp0_stage2_11001        |        or|   0|  0|   2|           1|           1|
    |ap_block_pp0_stage5_11001        |        or|   0|  0|   2|           1|           1|
    |ap_block_pp0_stage6_11001        |        or|   0|  0|   2|           1|           1|
    |ap_block_pp0_stage8_11001        |        or|   0|  0|   2|           1|           1|
    |select_ln103_fu_226_p3           |    select|   0|  0|   9|           1|           1|
    |select_ln125_fu_240_p3           |    select|   0|  0|   9|           1|           9|
    |ap_enable_pp0                    |       xor|   0|  0|   2|           1|           2|
    +---------------------------------+----------+----+---+----+------------+------------+
    |Total                            |          |   0|  0| 709|         563|         512|
    +---------------------------------+----------+----+---+----+------------+------------+

    * Multiplexer: 
    +-----------------------------------+----+-----------+-----+-----------+
    |                Name               | LUT| Input Size| Bits| Total Bits|
    +-----------------------------------+----+-----------+-----+-----------+
    |ap_NS_fsm                          |  54|         10|    1|         10|
    |ap_done_int                        |   9|          2|    1|          2|
    |ap_enable_reg_pp0_iter0            |   9|          2|    1|          2|
    |ap_enable_reg_pp0_iter1            |   9|          2|    1|          2|
    |ap_enable_reg_pp0_iter20           |   9|          2|    1|          2|
    |ap_loop_exit_ready_pp0_iter10_reg  |   9|          2|    1|          2|
    |ap_loop_exit_ready_pp0_iter11_reg  |   9|          2|    1|          2|
    |ap_loop_exit_ready_pp0_iter12_reg  |   9|          2|    1|          2|
    |ap_loop_exit_ready_pp0_iter13_reg  |   9|          2|    1|          2|
    |ap_loop_exit_ready_pp0_iter14_reg  |   9|          2|    1|          2|
    |ap_loop_exit_ready_pp0_iter15_reg  |   9|          2|    1|          2|
    |ap_loop_exit_ready_pp0_iter16_reg  |   9|          2|    1|          2|
    |ap_loop_exit_ready_pp0_iter17_reg  |   9|          2|    1|          2|
    |ap_loop_exit_ready_pp0_iter18_reg  |   9|          2|    1|          2|
    |ap_loop_exit_ready_pp0_iter19_reg  |   9|          2|    1|          2|
    |ap_loop_exit_ready_pp0_iter1_reg   |   9|          2|    1|          2|
    |ap_loop_exit_ready_pp0_iter2_reg   |   9|          2|    1|          2|
    |ap_loop_exit_ready_pp0_iter3_reg   |   9|          2|    1|          2|
    |ap_loop_exit_ready_pp0_iter4_reg   |   9|          2|    1|          2|
    |ap_loop_exit_ready_pp0_iter5_reg   |   9|          2|    1|          2|
    |ap_loop_exit_ready_pp0_iter6_reg   |   9|          2|    1|          2|
    |ap_loop_exit_ready_pp0_iter7_reg   |   9|          2|    1|          2|
    |ap_loop_exit_ready_pp0_iter8_reg   |   9|          2|    1|          2|
    |ap_loop_exit_ready_pp0_iter9_reg   |   9|          2|    1|          2|
    |c_fu_94                            |   9|          2|    9|         18|
    |gmem_blk_n_AR                      |   9|          2|    1|          2|
    |gmem_blk_n_AW                      |   9|          2|    1|          2|
    |gmem_blk_n_B                       |   9|          2|    1|          2|
    |gmem_blk_n_R                       |   9|          2|    1|          2|
    |gmem_blk_n_W                       |   9|          2|    1|          2|
    |indvar_flatten26_fu_102            |   9|          2|   18|         36|
    |m_axi_gmem_0_ARADDR                |  20|          4|   64|        256|
    |r_fu_98                            |   9|          2|    9|         18|
    +-----------------------------------+----+-----------+-----+-----------+
    |Total                              | 353|         76|  129|        394|
    +-----------------------------------+----+-----------+-----+-----------+

    * Register: 
    +--------------------------------------------+----+----+-----+-----------+
    |                    Name                    | FF | LUT| Bits| Const Bits|
    +--------------------------------------------+----+----+-----+-----------+
    |add_ln130_reg_586                           |  32|   0|   32|          0|
    |add_ln134_reg_556                           |   9|   0|    9|          0|
    |ap_CS_fsm                                   |   9|   0|    9|          0|
    |ap_block_pp0_stage0_subdone_grp0_done_reg   |   1|   0|    1|          0|
    |ap_block_pp0_stage0_subdone_grp12_done_reg  |   1|   0|    1|          0|
    |ap_block_pp0_stage0_subdone_grp13_done_reg  |   1|   0|    1|          0|
    |ap_block_pp0_stage1_subdone_grp0_done_reg   |   1|   0|    1|          0|
    |ap_block_pp0_stage1_subdone_grp14_done_reg  |   1|   0|    1|          0|
    |ap_block_pp0_stage1_subdone_grp4_done_reg   |   1|   0|    1|          0|
    |ap_block_pp0_stage2_subdone_grp0_done_reg   |   1|   0|    1|          0|
    |ap_block_pp0_stage2_subdone_grp1_done_reg   |   1|   0|    1|          0|
    |ap_block_pp0_stage2_subdone_grp5_done_reg   |   1|   0|    1|          0|
    |ap_block_pp0_stage3_subdone_grp0_done_reg   |   1|   0|    1|          0|
    |ap_block_pp0_stage4_subdone_grp0_done_reg   |   1|   0|    1|          0|
    |ap_block_pp0_stage5_subdone_grp0_done_reg   |   1|   0|    1|          0|
    |ap_block_pp0_stage5_subdone_grp2_done_reg   |   1|   0|    1|          0|
    |ap_block_pp0_stage5_subdone_grp8_done_reg   |   1|   0|    1|          0|
    |ap_block_pp0_stage6_subdone_grp0_done_reg   |   1|   0|    1|          0|
    |ap_block_pp0_stage6_subdone_grp15_done_reg  |   1|   0|    1|          0|
    |ap_block_pp0_stage6_subdone_grp9_done_reg   |   1|   0|    1|          0|
    |ap_block_pp0_stage7_subdone_grp0_done_reg   |   1|   0|    1|          0|
    |ap_block_pp0_stage8_subdone_grp0_done_reg   |   1|   0|    1|          0|
    |ap_block_pp0_stage8_subdone_grp11_done_reg  |   1|   0|    1|          0|
    |ap_block_pp0_stage8_subdone_grp3_done_reg   |   1|   0|    1|          0|
    |ap_done_reg                                 |   1|   0|    1|          0|
    |ap_enable_reg_pp0_iter0_reg                 |   1|   0|    1|          0|
    |ap_enable_reg_pp0_iter1                     |   1|   0|    1|          0|
    |ap_enable_reg_pp0_iter10                    |   1|   0|    1|          0|
    |ap_enable_reg_pp0_iter11                    |   1|   0|    1|          0|
    |ap_enable_reg_pp0_iter12                    |   1|   0|    1|          0|
    |ap_enable_reg_pp0_iter13                    |   1|   0|    1|          0|
    |ap_enable_reg_pp0_iter14                    |   1|   0|    1|          0|
    |ap_enable_reg_pp0_iter15                    |   1|   0|    1|          0|
    |ap_enable_reg_pp0_iter16                    |   1|   0|    1|          0|
    |ap_enable_reg_pp0_iter17                    |   1|   0|    1|          0|
    |ap_enable_reg_pp0_iter18                    |   1|   0|    1|          0|
    |ap_enable_reg_pp0_iter19                    |   1|   0|    1|          0|
    |ap_enable_reg_pp0_iter2                     |   1|   0|    1|          0|
    |ap_enable_reg_pp0_iter20                    |   1|   0|    1|          0|
    |ap_enable_reg_pp0_iter3                     |   1|   0|    1|          0|
    |ap_enable_reg_pp0_iter4                     |   1|   0|    1|          0|
    |ap_enable_reg_pp0_iter5                     |   1|   0|    1|          0|
    |ap_enable_reg_pp0_iter6                     |   1|   0|    1|          0|
    |ap_enable_reg_pp0_iter7                     |   1|   0|    1|          0|
    |ap_enable_reg_pp0_iter8                     |   1|   0|    1|          0|
    |ap_enable_reg_pp0_iter9                     |   1|   0|    1|          0|
    |ap_loop_exit_ready_pp0_iter10_reg           |   1|   0|    1|          0|
    |ap_loop_exit_ready_pp0_iter11_reg           |   1|   0|    1|          0|
    |ap_loop_exit_ready_pp0_iter12_reg           |   1|   0|    1|          0|
    |ap_loop_exit_ready_pp0_iter13_reg           |   1|   0|    1|          0|
    |ap_loop_exit_ready_pp0_iter14_reg           |   1|   0|    1|          0|
    |ap_loop_exit_ready_pp0_iter15_reg           |   1|   0|    1|          0|
    |ap_loop_exit_ready_pp0_iter16_reg           |   1|   0|    1|          0|
    |ap_loop_exit_ready_pp0_iter17_reg           |   1|   0|    1|          0|
    |ap_loop_exit_ready_pp0_iter18_reg           |   1|   0|    1|          0|
    |ap_loop_exit_ready_pp0_iter19_reg           |   1|   0|    1|          0|
    |ap_loop_exit_ready_pp0_iter1_reg            |   1|   0|    1|          0|
    |ap_loop_exit_ready_pp0_iter2_reg            |   1|   0|    1|          0|
    |ap_loop_exit_ready_pp0_iter3_reg            |   1|   0|    1|          0|
    |ap_loop_exit_ready_pp0_iter4_reg            |   1|   0|    1|          0|
    |ap_loop_exit_ready_pp0_iter5_reg            |   1|   0|    1|          0|
    |ap_loop_exit_ready_pp0_iter6_reg            |   1|   0|    1|          0|
    |ap_loop_exit_ready_pp0_iter7_reg            |   1|   0|    1|          0|
    |ap_loop_exit_ready_pp0_iter8_reg            |   1|   0|    1|          0|
    |ap_loop_exit_ready_pp0_iter9_reg            |   1|   0|    1|          0|
    |c_fu_94                                     |   9|   0|    9|          0|
    |empty_29_reg_576                            |  31|   0|   31|          0|
    |gmem_addr_4_reg_544                         |  64|   0|   64|          0|
    |gmem_addr_5_reg_550                         |  64|   0|   64|          0|
    |gmem_addr_6_reg_601                         |  64|   0|   64|          0|
    |gmem_addr_read_3_reg_566                    |  32|   0|   32|          0|
    |gmem_addr_read_reg_561                      |  32|   0|   32|          0|
    |gmem_addr_reg_538                           |  64|   0|   64|          0|
    |icmp_ln125_reg_518                          |   1|   0|    1|          0|
    |indvar_flatten26_fu_102                     |  18|   0|   18|          0|
    |normal_factor_2_reload_cast_reg_513         |   6|   0|   32|         26|
    |r_fu_98                                     |   9|   0|    9|          0|
    |reg_176                                     |  32|   0|   32|          0|
    |sdiv_ln135_reg_607                          |  32|   0|   32|          0|
    |select_ln103_reg_522                        |   9|   0|    9|          0|
    |select_ln125_reg_527                        |   9|   0|    9|          0|
    |sub_ln130_reg_591                           |  32|   0|   32|          0|
    |tmp59_reg_581                               |  31|   0|   31|          0|
    |tmp_3_reg_532                               |  18|   0|   20|          2|
    |trunc_ln131_reg_571                         |  31|   0|   31|          0|
    |add_ln134_reg_556                           |  64|  32|    9|          0|
    |icmp_ln125_reg_518                          |  64|  32|    1|          0|
    |select_ln125_reg_527                        |  64|  32|    9|          0|
    +--------------------------------------------+----+----+-----+-----------+
    |Total                                       | 892|  96|  747|         28|
    +--------------------------------------------+----+----+-----+-----------+



================================================================
== Interface
================================================================
* Summary: 
+------------------------+-----+-----+------------+---------------------------+--------------+
|        RTL Ports       | Dir | Bits|  Protocol  |       Source Object       |    C Type    |
+------------------------+-----+-----+------------+---------------------------+--------------+
|ap_clk                  |   in|    1|  ap_ctrl_hs|  edge_detect_hw_Pipeline_4|  return value|
|ap_rst                  |   in|    1|  ap_ctrl_hs|  edge_detect_hw_Pipeline_4|  return value|
|ap_start                |   in|    1|  ap_ctrl_hs|  edge_detect_hw_Pipeline_4|  return value|
|ap_done                 |  out|    1|  ap_ctrl_hs|  edge_detect_hw_Pipeline_4|  return value|
|ap_idle                 |  out|    1|  ap_ctrl_hs|  edge_detect_hw_Pipeline_4|  return value|
|ap_ready                |  out|    1|  ap_ctrl_hs|  edge_detect_hw_Pipeline_4|  return value|
|m_axi_gmem_0_AWVALID    |  out|    1|       m_axi|                       gmem|       pointer|
|m_axi_gmem_0_AWREADY    |   in|    1|       m_axi|                       gmem|       pointer|
|m_axi_gmem_0_AWADDR     |  out|   64|       m_axi|                       gmem|       pointer|
|m_axi_gmem_0_AWID       |  out|    1|       m_axi|                       gmem|       pointer|
|m_axi_gmem_0_AWLEN      |  out|   32|       m_axi|                       gmem|       pointer|
|m_axi_gmem_0_AWSIZE     |  out|    3|       m_axi|                       gmem|       pointer|
|m_axi_gmem_0_AWBURST    |  out|    2|       m_axi|                       gmem|       pointer|
|m_axi_gmem_0_AWLOCK     |  out|    2|       m_axi|                       gmem|       pointer|
|m_axi_gmem_0_AWCACHE    |  out|    4|       m_axi|                       gmem|       pointer|
|m_axi_gmem_0_AWPROT     |  out|    3|       m_axi|                       gmem|       pointer|
|m_axi_gmem_0_AWQOS      |  out|    4|       m_axi|                       gmem|       pointer|
|m_axi_gmem_0_AWREGION   |  out|    4|       m_axi|                       gmem|       pointer|
|m_axi_gmem_0_AWUSER     |  out|    1|       m_axi|                       gmem|       pointer|
|m_axi_gmem_0_WVALID     |  out|    1|       m_axi|                       gmem|       pointer|
|m_axi_gmem_0_WREADY     |   in|    1|       m_axi|                       gmem|       pointer|
|m_axi_gmem_0_WDATA      |  out|   32|       m_axi|                       gmem|       pointer|
|m_axi_gmem_0_WSTRB      |  out|    4|       m_axi|                       gmem|       pointer|
|m_axi_gmem_0_WLAST      |  out|    1|       m_axi|                       gmem|       pointer|
|m_axi_gmem_0_WID        |  out|    1|       m_axi|                       gmem|       pointer|
|m_axi_gmem_0_WUSER      |  out|    1|       m_axi|                       gmem|       pointer|
|m_axi_gmem_0_ARVALID    |  out|    1|       m_axi|                       gmem|       pointer|
|m_axi_gmem_0_ARREADY    |   in|    1|       m_axi|                       gmem|       pointer|
|m_axi_gmem_0_ARADDR     |  out|   64|       m_axi|                       gmem|       pointer|
|m_axi_gmem_0_ARID       |  out|    1|       m_axi|                       gmem|       pointer|
|m_axi_gmem_0_ARLEN      |  out|   32|       m_axi|                       gmem|       pointer|
|m_axi_gmem_0_ARSIZE     |  out|    3|       m_axi|                       gmem|       pointer|
|m_axi_gmem_0_ARBURST    |  out|    2|       m_axi|                       gmem|       pointer|
|m_axi_gmem_0_ARLOCK     |  out|    2|       m_axi|                       gmem|       pointer|
|m_axi_gmem_0_ARCACHE    |  out|    4|       m_axi|                       gmem|       pointer|
|m_axi_gmem_0_ARPROT     |  out|    3|       m_axi|                       gmem|       pointer|
|m_axi_gmem_0_ARQOS      |  out|    4|       m_axi|                       gmem|       pointer|
|m_axi_gmem_0_ARREGION   |  out|    4|       m_axi|                       gmem|       pointer|
|m_axi_gmem_0_ARUSER     |  out|    1|       m_axi|                       gmem|       pointer|
|m_axi_gmem_0_RVALID     |   in|    1|       m_axi|                       gmem|       pointer|
|m_axi_gmem_0_RREADY     |  out|    1|       m_axi|                       gmem|       pointer|
|m_axi_gmem_0_RDATA      |   in|   32|       m_axi|                       gmem|       pointer|
|m_axi_gmem_0_RLAST      |   in|    1|       m_axi|                       gmem|       pointer|
|m_axi_gmem_0_RID        |   in|    1|       m_axi|                       gmem|       pointer|
|m_axi_gmem_0_RFIFONUM   |   in|    9|       m_axi|                       gmem|       pointer|
|m_axi_gmem_0_RUSER      |   in|    1|       m_axi|                       gmem|       pointer|
|m_axi_gmem_0_RRESP      |   in|    2|       m_axi|                       gmem|       pointer|
|m_axi_gmem_0_BVALID     |   in|    1|       m_axi|                       gmem|       pointer|
|m_axi_gmem_0_BREADY     |  out|    1|       m_axi|                       gmem|       pointer|
|m_axi_gmem_0_BRESP      |   in|    2|       m_axi|                       gmem|       pointer|
|m_axi_gmem_0_BID        |   in|    1|       m_axi|                       gmem|       pointer|
|m_axi_gmem_0_BUSER      |   in|    1|       m_axi|                       gmem|       pointer|
|output_r                |   in|   64|     ap_none|                   output_r|        scalar|
|normal_factor_2_reload  |   in|    6|     ap_none|     normal_factor_2_reload|        scalar|
|image_gray              |   in|   64|     ap_none|                 image_gray|        scalar|
+------------------------+-----+-----+------------+---------------------------+--------------+

