

================================================================
== Vitis HLS Report for 'convolve2d_rep0_hw_Pipeline_VITIS_LOOP_16_1_VITIS_LOOP_17_2'
================================================================
* Date:           Tue Sep  8 13:52:58 2026

* Version:        2024.2.2 (Build 6049644 on Mar  5 2025)
* Project:        final
* Solution:       hls (Vitis Kernel Flow Target)
* Product family: zynquplus
* Target device:  xczu9eg-ffvb1156-2-e


================================================================
== Performance Estimates
================================================================
+ Timing: 
    * Summary: 
    +--------+---------+----------+------------+
    |  Clock |  Target | Estimated| Uncertainty|
    +--------+---------+----------+------------+
    |ap_clk  |  6.67 ns|  4.667 ns|     2.00 ns|
    +--------+---------+----------+------------+

+ Latency: 
    * Summary: 
    +---------+---------+-----------+-----------+-----+-----+------------------------------------------------+
    |  Latency (cycles) |   Latency (absolute)  |  Interval |                    Pipeline                    |
    |   min   |   max   |    min    |    max    | min | max |                      Type                      |
    +---------+---------+-----------+-----------+-----+-----+------------------------------------------------+
    |       12|       12|  80.004 ns|  80.004 ns|   10|   10|  loop auto-rewind stp (delay=0 clock cycles(s))|
    +---------+---------+-----------+-----------+-----+-----+------------------------------------------------+

    + Detail: 
        * Instance: 
        N/A

        * Loop: 
        +-----------------------------------+---------+---------+----------+-----------+-----------+------+----------+
        |                                   |  Latency (cycles) | Iteration|  Initiation Interval  | Trip |          |
        |             Loop Name             |   min   |   max   |  Latency |  achieved |   target  | Count| Pipelined|
        +-----------------------------------+---------+---------+----------+-----------+-----------+------+----------+
        |- VITIS_LOOP_16_1_VITIS_LOOP_17_2  |       10|       10|         3|          1|          1|     9|       yes|
        +-----------------------------------+---------+---------+----------+-----------+-----------+------+----------+



================================================================
== Utilization Estimates
================================================================
* Summary: 
+-----------------+---------+------+--------+--------+-----+
|       Name      | BRAM_18K|  DSP |   FF   |   LUT  | URAM|
+-----------------+---------+------+--------+--------+-----+
|DSP              |        -|     -|       -|       -|    -|
|Expression       |        -|     -|       0|     177|    -|
|FIFO             |        -|     -|       -|       -|    -|
|Instance         |        -|     -|       -|       -|    -|
|Memory           |        -|     -|       -|       -|    -|
|Multiplexer      |        -|     -|       0|      54|    -|
|Register         |        -|     -|      75|       -|    -|
+-----------------+---------+------+--------+--------+-----+
|Total            |        0|     0|      75|     231|    0|
+-----------------+---------+------+--------+--------+-----+
|Available        |     1824|  2520|  548160|  274080|    0|
+-----------------+---------+------+--------+--------+-----+
|Utilization (%)  |        0|     0|      ~0|      ~0|    0|
+-----------------+---------+------+--------+--------+-----+

+ Detail: 
    * Instance: 
    N/A

    * DSP: 
    N/A

    * Memory: 
    N/A

    * FIFO: 
    N/A

    * Expression: 
    +---------------------------+----------+----+---+----+------------+------------+
    |       Variable Name       | Operation| DSP| FF| LUT| Bitwidth P0| Bitwidth P1|
    +---------------------------+----------+----+---+----+------------+------------+
    |add_ln16_fu_99_p2          |         +|   0|  0|  12|           4|           1|
    |normal_factor_fu_136_p2    |         +|   0|  0|  39|          32|          32|
    |neg_fu_119_p2              |         -|   0|  0|  39|           1|          32|
    |ap_block_pp0_stage0_11001  |       and|   0|  0|   2|           1|           1|
    |abscond_fu_124_p2          |      icmp|   0|  0|  39|          32|           1|
    |icmp_ln16_fu_93_p2         |      icmp|   0|  0|  12|           4|           4|
    |p_d0_0_fu_129_p3           |    select|   0|  0|  32|           1|          32|
    |ap_enable_pp0              |       xor|   0|  0|   2|           1|           2|
    +---------------------------+----------+----+---+----+------------+------------+
    |Total                      |          |   0|  0| 177|          76|         105|
    +---------------------------+----------+----+---+----+------------+------------+

    * Multiplexer: 
    +--------------------------------------+----+-----------+-----+-----------+
    |                 Name                 | LUT| Input Size| Bits| Total Bits|
    +--------------------------------------+----+-----------+-----+-----------+
    |ap_done_int                           |   9|          2|    1|          2|
    |ap_enable_reg_pp0_iter1               |   9|          2|    1|          2|
    |ap_sig_allocacmp_indvar_flatten_load  |   9|          2|    4|          8|
    |gmem_blk_n_R                          |   9|          2|    1|          2|
    |indvar_flatten_fu_54                  |   9|          2|    4|          8|
    |normal_factor_1_fu_50                 |   9|          2|   32|         64|
    +--------------------------------------+----+-----------+-----+-----------+
    |Total                                 |  54|         12|   43|         86|
    +--------------------------------------+----+-----------+-----+-----------+

    * Register: 
    +-------------------------------------------+----+----+-----+-----------+
    |                    Name                   | FF | LUT| Bits| Const Bits|
    +-------------------------------------------+----+----+-----+-----------+
    |ap_CS_fsm                                  |   1|   0|    1|          0|
    |ap_block_pp0_stage0_subdone_grp0_done_reg  |   1|   0|    1|          0|
    |ap_done_reg                                |   1|   0|    1|          0|
    |ap_enable_reg_pp0_iter1                    |   1|   0|    1|          0|
    |ap_enable_reg_pp0_iter2                    |   1|   0|    1|          0|
    |ap_loop_exit_ready_pp0_iter1_reg           |   1|   0|    1|          0|
    |gmem_addr_read_reg_175                     |  32|   0|   32|          0|
    |icmp_ln16_reg_171                          |   1|   0|    1|          0|
    |indvar_flatten_fu_54                       |   4|   0|    4|          0|
    |normal_factor_1_fu_50                      |  32|   0|   32|          0|
    +-------------------------------------------+----+----+-----+-----------+
    |Total                                      |  75|   0|   75|          0|
    +-------------------------------------------+----+----+-----+-----------+



================================================================
== Interface
================================================================
* Summary: 
+----------------------------+-----+-----+------------+-------------------------------------------------------------+--------------+
|          RTL Ports         | Dir | Bits|  Protocol  |                        Source Object                        |    C Type    |
+----------------------------+-----+-----+------------+-------------------------------------------------------------+--------------+
|ap_clk                      |   in|    1|  ap_ctrl_hs|  convolve2d_rep0_hw_Pipeline_VITIS_LOOP_16_1_VITIS_LOOP_17_2|  return value|
|ap_rst                      |   in|    1|  ap_ctrl_hs|  convolve2d_rep0_hw_Pipeline_VITIS_LOOP_16_1_VITIS_LOOP_17_2|  return value|
|ap_start                    |   in|    1|  ap_ctrl_hs|  convolve2d_rep0_hw_Pipeline_VITIS_LOOP_16_1_VITIS_LOOP_17_2|  return value|
|ap_done                     |  out|    1|  ap_ctrl_hs|  convolve2d_rep0_hw_Pipeline_VITIS_LOOP_16_1_VITIS_LOOP_17_2|  return value|
|ap_idle                     |  out|    1|  ap_ctrl_hs|  convolve2d_rep0_hw_Pipeline_VITIS_LOOP_16_1_VITIS_LOOP_17_2|  return value|
|ap_ready                    |  out|    1|  ap_ctrl_hs|  convolve2d_rep0_hw_Pipeline_VITIS_LOOP_16_1_VITIS_LOOP_17_2|  return value|
|m_axi_gmem_0_AWVALID        |  out|    1|       m_axi|                                                         gmem|       pointer|
|m_axi_gmem_0_AWREADY        |   in|    1|       m_axi|                                                         gmem|       pointer|
|m_axi_gmem_0_AWADDR         |  out|   64|       m_axi|                                                         gmem|       pointer|
|m_axi_gmem_0_AWID           |  out|    1|       m_axi|                                                         gmem|       pointer|
|m_axi_gmem_0_AWLEN          |  out|   32|       m_axi|                                                         gmem|       pointer|
|m_axi_gmem_0_AWSIZE         |  out|    3|       m_axi|                                                         gmem|       pointer|
|m_axi_gmem_0_AWBURST        |  out|    2|       m_axi|                                                         gmem|       pointer|
|m_axi_gmem_0_AWLOCK         |  out|    2|       m_axi|                                                         gmem|       pointer|
|m_axi_gmem_0_AWCACHE        |  out|    4|       m_axi|                                                         gmem|       pointer|
|m_axi_gmem_0_AWPROT         |  out|    3|       m_axi|                                                         gmem|       pointer|
|m_axi_gmem_0_AWQOS          |  out|    4|       m_axi|                                                         gmem|       pointer|
|m_axi_gmem_0_AWREGION       |  out|    4|       m_axi|                                                         gmem|       pointer|
|m_axi_gmem_0_AWUSER         |  out|    1|       m_axi|                                                         gmem|       pointer|
|m_axi_gmem_0_WVALID         |  out|    1|       m_axi|                                                         gmem|       pointer|
|m_axi_gmem_0_WREADY         |   in|    1|       m_axi|                                                         gmem|       pointer|
|m_axi_gmem_0_WDATA          |  out|   32|       m_axi|                                                         gmem|       pointer|
|m_axi_gmem_0_WSTRB          |  out|    4|       m_axi|                                                         gmem|       pointer|
|m_axi_gmem_0_WLAST          |  out|    1|       m_axi|                                                         gmem|       pointer|
|m_axi_gmem_0_WID            |  out|    1|       m_axi|                                                         gmem|       pointer|
|m_axi_gmem_0_WUSER          |  out|    1|       m_axi|                                                         gmem|       pointer|
|m_axi_gmem_0_ARVALID        |  out|    1|       m_axi|                                                         gmem|       pointer|
|m_axi_gmem_0_ARREADY        |   in|    1|       m_axi|                                                         gmem|       pointer|
|m_axi_gmem_0_ARADDR         |  out|   64|       m_axi|                                                         gmem|       pointer|
|m_axi_gmem_0_ARID           |  out|    1|       m_axi|                                                         gmem|       pointer|
|m_axi_gmem_0_ARLEN          |  out|   32|       m_axi|                                                         gmem|       pointer|
|m_axi_gmem_0_ARSIZE         |  out|    3|       m_axi|                                                         gmem|       pointer|
|m_axi_gmem_0_ARBURST        |  out|    2|       m_axi|                                                         gmem|       pointer|
|m_axi_gmem_0_ARLOCK         |  out|    2|       m_axi|                                                         gmem|       pointer|
|m_axi_gmem_0_ARCACHE        |  out|    4|       m_axi|                                                         gmem|       pointer|
|m_axi_gmem_0_ARPROT         |  out|    3|       m_axi|                                                         gmem|       pointer|
|m_axi_gmem_0_ARQOS          |  out|    4|       m_axi|                                                         gmem|       pointer|
|m_axi_gmem_0_ARREGION       |  out|    4|       m_axi|                                                         gmem|       pointer|
|m_axi_gmem_0_ARUSER         |  out|    1|       m_axi|                                                         gmem|       pointer|
|m_axi_gmem_0_RVALID         |   in|    1|       m_axi|                                                         gmem|       pointer|
|m_axi_gmem_0_RREADY         |  out|    1|       m_axi|                                                         gmem|       pointer|
|m_axi_gmem_0_RDATA          |   in|   32|       m_axi|                                                         gmem|       pointer|
|m_axi_gmem_0_RLAST          |   in|    1|       m_axi|                                                         gmem|       pointer|
|m_axi_gmem_0_RID            |   in|    1|       m_axi|                                                         gmem|       pointer|
|m_axi_gmem_0_RFIFONUM       |   in|    9|       m_axi|                                                         gmem|       pointer|
|m_axi_gmem_0_RUSER          |   in|    1|       m_axi|                                                         gmem|       pointer|
|m_axi_gmem_0_RRESP          |   in|    2|       m_axi|                                                         gmem|       pointer|
|m_axi_gmem_0_BVALID         |   in|    1|       m_axi|                                                         gmem|       pointer|
|m_axi_gmem_0_BREADY         |  out|    1|       m_axi|                                                         gmem|       pointer|
|m_axi_gmem_0_BRESP          |   in|    2|       m_axi|                                                         gmem|       pointer|
|m_axi_gmem_0_BID            |   in|    1|       m_axi|                                                         gmem|       pointer|
|m_axi_gmem_0_BUSER          |   in|    1|       m_axi|                                                         gmem|       pointer|
|sext_ln16                   |   in|   62|     ap_none|                                                    sext_ln16|        scalar|
|normal_factor_1_out         |  out|   32|      ap_vld|                                          normal_factor_1_out|       pointer|
|normal_factor_1_out_ap_vld  |  out|    1|      ap_vld|                                          normal_factor_1_out|       pointer|
+----------------------------+-----+-----+------------+-------------------------------------------------------------+--------------+

