

================================================================
== Vitis HLS Report for 'convolve2d_rep0_hw_Pipeline_VITIS_LOOP_29_3_VITIS_LOOP_30_4'
================================================================
* Date:           Tue Sep  8 13:52:58 2026

* Version:        2024.2.2 (Build 6049644 on Mar  5 2025)
* Project:        final
* Solution:       hls (Vitis Kernel Flow Target)
* Product family: zynquplus
* Target device:  xczu9eg-ffvb1156-2-e


================================================================
== Performance Estimates
================================================================
+ Timing: 
    * Summary: 
    +--------+---------+----------+------------+
    |  Clock |  Target | Estimated| Uncertainty|
    +--------+---------+----------+------------+
    |ap_clk  |  6.67 ns|  4.667 ns|     2.00 ns|
    +--------+---------+----------+------------+

+ Latency: 
    * Summary: 
    +---------+---------+-----------+-----------+---------+---------+------------------------------------------------+
    |  Latency (cycles) |   Latency (absolute)  |      Interval     |                    Pipeline                    |
    |   min   |   max   |    min    |    max    |   min   |   max   |                      Type                      |
    +---------+---------+-----------+-----------+---------+---------+------------------------------------------------+
    |  4681979|  4681979|  31.215 ms|  31.215 ms|  4681818|  4681818|  loop auto-rewind stp (delay=0 clock cycles(s))|
    +---------+---------+-----------+-----------+---------+---------+------------------------------------------------+

    + Detail: 
        * Instance: 
        N/A

        * Loop: 
        +-----------------------------------+---------+---------+----------+-----------+-----------+--------+----------+
        |                                   |  Latency (cycles) | Iteration|  Initiation Interval  |  Trip  |          |
        |             Loop Name             |   min   |   max   |  Latency |  achieved |   target  |  Count | Pipelined|
        +-----------------------------------+---------+---------+----------+-----------+-----------+--------+----------+
        |- VITIS_LOOP_29_3_VITIS_LOOP_30_4  |  4681977|  4681977|       196|         18|          1|  260100|       yes|
        +-----------------------------------+---------+---------+----------+-----------+-----------+--------+----------+



================================================================
== Utilization Estimates
================================================================
* Summary: 
+-----------------+---------+------+--------+--------+-----+
|       Name      | BRAM_18K|  DSP |   FF   |   LUT  | URAM|
+-----------------+---------+------+--------+--------+-----+
|DSP              |        -|     -|       -|       -|    -|
|Expression       |        -|     -|       0|    1031|    -|
|FIFO             |        -|     -|       -|       -|    -|
|Instance         |        -|     3|    2283|    1758|    -|
|Memory           |        -|     -|       -|       -|    -|
|Multiplexer      |        -|     -|       0|     450|    -|
|Register         |        -|     -|    1936|      64|    -|
+-----------------+---------+------+--------+--------+-----+
|Total            |        0|     3|    4219|    3303|    0|
+-----------------+---------+------+--------+--------+-----+
|Available        |     1824|  2520|  548160|  274080|    0|
+-----------------+---------+------+--------+--------+-----+
|Utilization (%)  |        0|    ~0|      ~0|       1|    0|
+-----------------+---------+------+--------+--------+-----+

+ Detail: 
    * Instance: 
    +---------------------------+------------------------+---------+----+------+------+-----+
    |          Instance         |         Module         | BRAM_18K| DSP|  FF  |  LUT | URAM|
    +---------------------------+------------------------+---------+----+------+------+-----+
    |mul_32s_32s_32_1_1_U4      |mul_32s_32s_32_1_1      |        0|   3|     0|    20|    0|
    |sdiv_32ns_32ns_32_36_1_U5  |sdiv_32ns_32ns_32_36_1  |        0|   0|  2283|  1738|    0|
    +---------------------------+------------------------+---------+----+------+------+-----+
    |Total                      |                        |        0|   3|  2283|  1758|    0|
    +---------------------------+------------------------+---------+----+------+------+-----+

    * DSP: 
    N/A

    * Memory: 
    N/A

    * FIFO: 
    N/A

    * Expression: 
    +--------------------------------------------+----------+----+---+----+------------+------------+
    |                Variable Name               | Operation| DSP| FF| LUT| Bitwidth P0| Bitwidth P1|
    +--------------------------------------------+----------+----+---+----+------------+------------+
    |add_ln29_1_fu_496_p2                        |         +|   0|  0|  16|           9|           1|
    |add_ln29_fu_470_p2                          |         +|   0|  0|  25|          18|           1|
    |add_ln34_1_fu_650_p2                        |         +|   0|  0|  70|          63|           2|
    |add_ln34_2_fu_782_p2                        |         +|   0|  0|  39|          32|          32|
    |add_ln34_3_fu_788_p2                        |         +|   0|  0|  39|          32|          32|
    |add_ln34_4_fu_804_p2                        |         +|   0|  0|  32|          32|          32|
    |add_ln34_5_fu_808_p2                        |         +|   0|  0|  32|          32|          32|
    |add_ln34_6_fu_794_p2                        |         +|   0|  0|  32|          32|          32|
    |add_ln34_7_fu_799_p2                        |         +|   0|  0|  32|          32|          32|
    |add_ln34_8_fu_813_p2                        |         +|   0|  0|  32|          32|          32|
    |add_ln34_fu_634_p2                          |         +|   0|  0|  70|          63|           1|
    |add_ln37_fu_588_p2                          |         +|   0|  0|  16|           9|           1|
    |empty_17_fu_573_p2                          |         +|   0|  0|  71|          64|          64|
    |empty_18_fu_687_p2                          |         +|   0|  0|  71|          64|          64|
    |empty_20_fu_739_p2                          |         +|   0|  0|  71|          64|          64|
    |empty_23_fu_534_p2                          |         +|   0|  0|  71|          64|          64|
    |grp_fu_824_p0                               |         +|   0|  0|  32|          32|          32|
    |tmp1_fu_678_p2                              |         +|   0|  0|  27|          20|          12|
    |tmp2_fu_730_p2                              |         +|   0|  0|  27|          20|          13|
    |tmp_fu_524_p2                               |         +|   0|  0|  27|          20|          12|
    |ap_block_pp0_stage0_11001                   |       and|   0|  0|   2|           1|           1|
    |ap_block_pp0_stage10_11001                  |       and|   0|  0|   2|           1|           1|
    |ap_block_pp0_stage11_11001_grp10            |       and|   0|  0|   2|           1|           1|
    |ap_block_pp0_stage11_11001_grp26            |       and|   0|  0|   2|           1|           1|
    |ap_block_pp0_stage13_11001_grp11            |       and|   0|  0|   2|           1|           1|
    |ap_block_pp0_stage13_11001_grp28            |       and|   0|  0|   2|           1|           1|
    |ap_block_pp0_stage14_11001_grp12            |       and|   0|  0|   2|           1|           1|
    |ap_block_pp0_stage14_11001_grp29            |       and|   0|  0|   2|           1|           1|
    |ap_block_pp0_stage15_11001_grp13            |       and|   0|  0|   2|           1|           1|
    |ap_block_pp0_stage15_11001_grp30            |       and|   0|  0|   2|           1|           1|
    |ap_block_pp0_stage16_11001_grp31            |       and|   0|  0|   2|           1|           1|
    |ap_block_pp0_stage16_11001_grp35            |       and|   0|  0|   2|           1|           1|
    |ap_block_pp0_stage17_11001_grp14            |       and|   0|  0|   2|           1|           1|
    |ap_block_pp0_stage17_11001_grp32            |       and|   0|  0|   2|           1|           1|
    |ap_block_pp0_stage1_11001_grp15             |       and|   0|  0|   2|           1|           1|
    |ap_block_pp0_stage1_11001_grp16             |       and|   0|  0|   2|           1|           1|
    |ap_block_pp0_stage2_11001_grp1              |       and|   0|  0|   2|           1|           1|
    |ap_block_pp0_stage2_11001_grp17             |       and|   0|  0|   2|           1|           1|
    |ap_block_pp0_stage2_11001_grp2              |       and|   0|  0|   2|           1|           1|
    |ap_block_pp0_stage2_11001_grp34             |       and|   0|  0|   2|           1|           1|
    |ap_block_pp0_stage3_11001_grp18             |       and|   0|  0|   2|           1|           1|
    |ap_block_pp0_stage3_11001_grp3              |       and|   0|  0|   2|           1|           1|
    |ap_block_pp0_stage4_11001_grp19             |       and|   0|  0|   2|           1|           1|
    |ap_block_pp0_stage4_11001_grp4              |       and|   0|  0|   2|           1|           1|
    |ap_block_pp0_stage5_11001_grp20             |       and|   0|  0|   2|           1|           1|
    |ap_block_pp0_stage5_11001_grp5              |       and|   0|  0|   2|           1|           1|
    |ap_block_pp0_stage6_11001_grp21             |       and|   0|  0|   2|           1|           1|
    |ap_block_pp0_stage6_11001_grp6              |       and|   0|  0|   2|           1|           1|
    |ap_block_pp0_stage7_11001_grp22             |       and|   0|  0|   2|           1|           1|
    |ap_block_pp0_stage7_11001_grp7              |       and|   0|  0|   2|           1|           1|
    |ap_block_pp0_stage8_11001_grp23             |       and|   0|  0|   2|           1|           1|
    |ap_block_pp0_stage8_11001_grp8              |       and|   0|  0|   2|           1|           1|
    |ap_block_pp0_stage9_11001_grp24             |       and|   0|  0|   2|           1|           1|
    |ap_block_pp0_stage9_11001_grp9              |       and|   0|  0|   2|           1|           1|
    |ap_block_state10_io_grp9                    |       and|   0|  0|   2|           1|           1|
    |ap_block_state197_pp0_stage16_iter10_grp35  |       and|   0|  0|   2|           1|           1|
    |ap_block_state3_io_grp1                     |       and|   0|  0|   2|           1|           1|
    |ap_predicate_op259_writereq_state3          |       and|   0|  0|   2|           1|           1|
    |first_iter_0_fu_510_p2                      |      icmp|   0|  0|  16|           9|           1|
    |icmp_ln29_fu_464_p2                         |      icmp|   0|  0|  25|          18|          12|
    |icmp_ln30_1_fu_594_p2                       |      icmp|   0|  0|  16|           9|           3|
    |icmp_ln30_fu_482_p2                         |      icmp|   0|  0|  16|           9|           3|
    |ap_block_pp0_stage11_11001                  |        or|   0|  0|   2|           1|           1|
    |ap_block_pp0_stage13_11001                  |        or|   0|  0|   2|           1|           1|
    |ap_block_pp0_stage14_11001                  |        or|   0|  0|   2|           1|           1|
    |ap_block_pp0_stage15_11001                  |        or|   0|  0|   2|           1|           1|
    |ap_block_pp0_stage16_11001                  |        or|   0|  0|   2|           1|           1|
    |ap_block_pp0_stage17_11001                  |        or|   0|  0|   2|           1|           1|
    |ap_block_pp0_stage1_11001                   |        or|   0|  0|   2|           1|           1|
    |ap_block_pp0_stage2_11001                   |        or|   0|  0|   2|           1|           1|
    |ap_block_pp0_stage3_11001                   |        or|   0|  0|   2|           1|           1|
    |ap_block_pp0_stage4_11001                   |        or|   0|  0|   2|           1|           1|
    |ap_block_pp0_stage5_11001                   |        or|   0|  0|   2|           1|           1|
    |ap_block_pp0_stage6_11001                   |        or|   0|  0|   2|           1|           1|
    |ap_block_pp0_stage7_11001                   |        or|   0|  0|   2|           1|           1|
    |ap_block_pp0_stage8_11001                   |        or|   0|  0|   2|           1|           1|
    |ap_block_pp0_stage9_11001                   |        or|   0|  0|   2|           1|           1|
    |select_ln29_fu_502_p3                       |    select|   0|  0|   9|           1|           9|
    |select_ln7_fu_488_p3                        |    select|   0|  0|   9|           1|           1|
    |ap_enable_pp0                               |       xor|   0|  0|   2|           1|           2|
    +--------------------------------------------+----------+----+---+----+------------+------------+
    |Total                                       |          |   0|  0|1031|         835|         639|
    +--------------------------------------------+----------+----+---+----+------------+------------+

    * Multiplexer: 
    +----------------------------------+----+-----------+-----+-----------+
    |               Name               | LUT| Input Size| Bits| Total Bits|
    +----------------------------------+----+-----------+-----+-----------+
    |ap_NS_fsm                         |  97|         19|    1|         19|
    |ap_done_int                       |   9|          2|    1|          2|
    |ap_enable_reg_pp0_iter0           |   9|          2|    1|          2|
    |ap_enable_reg_pp0_iter1           |   9|          2|    1|          2|
    |ap_enable_reg_pp0_iter10          |   9|          2|    1|          2|
    |ap_loop_exit_ready_pp0_iter1_reg  |   9|          2|    1|          2|
    |ap_loop_exit_ready_pp0_iter2_reg  |   9|          2|    1|          2|
    |ap_loop_exit_ready_pp0_iter3_reg  |   9|          2|    1|          2|
    |ap_loop_exit_ready_pp0_iter4_reg  |   9|          2|    1|          2|
    |ap_loop_exit_ready_pp0_iter5_reg  |   9|          2|    1|          2|
    |ap_loop_exit_ready_pp0_iter6_reg  |   9|          2|    1|          2|
    |ap_loop_exit_ready_pp0_iter7_reg  |   9|          2|    1|          2|
    |ap_loop_exit_ready_pp0_iter8_reg  |   9|          2|    1|          2|
    |ap_loop_exit_ready_pp0_iter9_reg  |   9|          2|    1|          2|
    |c_fu_124                          |   9|          2|    9|         18|
    |gmem_blk_n_AR                     |   9|          2|    1|          2|
    |gmem_blk_n_AW                     |   9|          2|    1|          2|
    |gmem_blk_n_B                      |   9|          2|    1|          2|
    |gmem_blk_n_R                      |   9|          2|    1|          2|
    |gmem_blk_n_W                      |   9|          2|    1|          2|
    |grp_fu_392_p0                     |  54|         10|   32|        320|
    |grp_fu_392_p1                     |  31|          6|   32|        192|
    |indvar_flatten6_fu_132            |   9|          2|   18|         36|
    |m_axi_gmem_0_ARADDR               |  65|         15|   64|        960|
    |m_axi_gmem_0_ARLEN                |  14|          3|   32|         96|
    |r_fu_128                          |   9|          2|    9|         18|
    +----------------------------------+----+-----------+-----+-----------+
    |Total                             | 450|         95|  215|       1695|
    +----------------------------------+----+-----------+-----+-----------+

    * Register: 
    +---------------------------------------------+----+----+-----+-----------+
    |                     Name                    | FF | LUT| Bits| Const Bits|
    +---------------------------------------------+----+----+-----+-----------+
    |add_ln34_2_reg_1051                          |  32|   0|   32|          0|
    |add_ln34_3_reg_1066                          |  32|   0|   32|          0|
    |add_ln34_7_reg_1111                          |  32|   0|   32|          0|
    |ap_CS_fsm                                    |  18|   0|   18|          0|
    |ap_block_pp0_stage0_subdone_grp0_done_reg    |   1|   0|    1|          0|
    |ap_block_pp0_stage10_subdone_grp0_done_reg   |   1|   0|    1|          0|
    |ap_block_pp0_stage11_subdone_grp0_done_reg   |   1|   0|    1|          0|
    |ap_block_pp0_stage11_subdone_grp10_done_reg  |   1|   0|    1|          0|
    |ap_block_pp0_stage11_subdone_grp26_done_reg  |   1|   0|    1|          0|
    |ap_block_pp0_stage12_subdone_grp0_done_reg   |   1|   0|    1|          0|
    |ap_block_pp0_stage13_subdone_grp0_done_reg   |   1|   0|    1|          0|
    |ap_block_pp0_stage13_subdone_grp11_done_reg  |   1|   0|    1|          0|
    |ap_block_pp0_stage13_subdone_grp28_done_reg  |   1|   0|    1|          0|
    |ap_block_pp0_stage14_subdone_grp0_done_reg   |   1|   0|    1|          0|
    |ap_block_pp0_stage14_subdone_grp12_done_reg  |   1|   0|    1|          0|
    |ap_block_pp0_stage14_subdone_grp29_done_reg  |   1|   0|    1|          0|
    |ap_block_pp0_stage15_subdone_grp0_done_reg   |   1|   0|    1|          0|
    |ap_block_pp0_stage15_subdone_grp13_done_reg  |   1|   0|    1|          0|
    |ap_block_pp0_stage15_subdone_grp30_done_reg  |   1|   0|    1|          0|
    |ap_block_pp0_stage16_subdone_grp0_done_reg   |   1|   0|    1|          0|
    |ap_block_pp0_stage16_subdone_grp31_done_reg  |   1|   0|    1|          0|
    |ap_block_pp0_stage16_subdone_grp35_done_reg  |   1|   0|    1|          0|
    |ap_block_pp0_stage17_subdone_grp0_done_reg   |   1|   0|    1|          0|
    |ap_block_pp0_stage17_subdone_grp14_done_reg  |   1|   0|    1|          0|
    |ap_block_pp0_stage17_subdone_grp32_done_reg  |   1|   0|    1|          0|
    |ap_block_pp0_stage1_subdone_grp0_done_reg    |   1|   0|    1|          0|
    |ap_block_pp0_stage1_subdone_grp15_done_reg   |   1|   0|    1|          0|
    |ap_block_pp0_stage1_subdone_grp16_done_reg   |   1|   0|    1|          0|
    |ap_block_pp0_stage2_subdone_grp0_done_reg    |   1|   0|    1|          0|
    |ap_block_pp0_stage2_subdone_grp17_done_reg   |   1|   0|    1|          0|
    |ap_block_pp0_stage2_subdone_grp1_done_reg    |   1|   0|    1|          0|
    |ap_block_pp0_stage2_subdone_grp2_done_reg    |   1|   0|    1|          0|
    |ap_block_pp0_stage2_subdone_grp34_done_reg   |   1|   0|    1|          0|
    |ap_block_pp0_stage3_subdone_grp0_done_reg    |   1|   0|    1|          0|
    |ap_block_pp0_stage3_subdone_grp18_done_reg   |   1|   0|    1|          0|
    |ap_block_pp0_stage3_subdone_grp3_done_reg    |   1|   0|    1|          0|
    |ap_block_pp0_stage4_subdone_grp0_done_reg    |   1|   0|    1|          0|
    |ap_block_pp0_stage4_subdone_grp19_done_reg   |   1|   0|    1|          0|
    |ap_block_pp0_stage4_subdone_grp4_done_reg    |   1|   0|    1|          0|
    |ap_block_pp0_stage5_subdone_grp0_done_reg    |   1|   0|    1|          0|
    |ap_block_pp0_stage5_subdone_grp20_done_reg   |   1|   0|    1|          0|
    |ap_block_pp0_stage5_subdone_grp5_done_reg    |   1|   0|    1|          0|
    |ap_block_pp0_stage6_subdone_grp0_done_reg    |   1|   0|    1|          0|
    |ap_block_pp0_stage6_subdone_grp21_done_reg   |   1|   0|    1|          0|
    |ap_block_pp0_stage6_subdone_grp6_done_reg    |   1|   0|    1|          0|
    |ap_block_pp0_stage7_subdone_grp0_done_reg    |   1|   0|    1|          0|
    |ap_block_pp0_stage7_subdone_grp22_done_reg   |   1|   0|    1|          0|
    |ap_block_pp0_stage7_subdone_grp7_done_reg    |   1|   0|    1|          0|
    |ap_block_pp0_stage8_subdone_grp0_done_reg    |   1|   0|    1|          0|
    |ap_block_pp0_stage8_subdone_grp23_done_reg   |   1|   0|    1|          0|
    |ap_block_pp0_stage8_subdone_grp8_done_reg    |   1|   0|    1|          0|
    |ap_block_pp0_stage9_subdone_grp0_done_reg    |   1|   0|    1|          0|
    |ap_block_pp0_stage9_subdone_grp24_done_reg   |   1|   0|    1|          0|
    |ap_block_pp0_stage9_subdone_grp9_done_reg    |   1|   0|    1|          0|
    |ap_done_reg                                  |   1|   0|    1|          0|
    |ap_enable_reg_pp0_iter0_reg                  |   1|   0|    1|          0|
    |ap_enable_reg_pp0_iter1                      |   1|   0|    1|          0|
    |ap_enable_reg_pp0_iter10                     |   1|   0|    1|          0|
    |ap_enable_reg_pp0_iter2                      |   1|   0|    1|          0|
    |ap_enable_reg_pp0_iter3                      |   1|   0|    1|          0|
    |ap_enable_reg_pp0_iter4                      |   1|   0|    1|          0|
    |ap_enable_reg_pp0_iter5                      |   1|   0|    1|          0|
    |ap_enable_reg_pp0_iter6                      |   1|   0|    1|          0|
    |ap_enable_reg_pp0_iter7                      |   1|   0|    1|          0|
    |ap_enable_reg_pp0_iter8                      |   1|   0|    1|          0|
    |ap_enable_reg_pp0_iter9                      |   1|   0|    1|          0|
    |ap_loop_exit_ready_pp0_iter1_reg             |   1|   0|    1|          0|
    |ap_loop_exit_ready_pp0_iter2_reg             |   1|   0|    1|          0|
    |ap_loop_exit_ready_pp0_iter3_reg             |   1|   0|    1|          0|
    |ap_loop_exit_ready_pp0_iter4_reg             |   1|   0|    1|          0|
    |ap_loop_exit_ready_pp0_iter5_reg             |   1|   0|    1|          0|
    |ap_loop_exit_ready_pp0_iter6_reg             |   1|   0|    1|          0|
    |ap_loop_exit_ready_pp0_iter7_reg             |   1|   0|    1|          0|
    |ap_loop_exit_ready_pp0_iter8_reg             |   1|   0|    1|          0|
    |ap_loop_exit_ready_pp0_iter9_reg             |   1|   0|    1|          0|
    |c_fu_124                                     |   9|   0|    9|          0|
    |first_iter_0_reg_916                         |   1|   0|    1|          0|
    |gmem_addr_10_read_reg_1026                   |  32|   0|   32|          0|
    |gmem_addr_11_read_reg_1036                   |  32|   0|   32|          0|
    |gmem_addr_11_reg_954                         |  64|   0|   64|          0|
    |gmem_addr_12_read_reg_1046                   |  32|   0|   32|          0|
    |gmem_addr_12_reg_960                         |  64|   0|   64|          0|
    |gmem_addr_13_reg_978                         |  64|   0|   64|          0|
    |gmem_addr_14_reg_1002                        |  64|   0|   64|          0|
    |gmem_addr_1_read_reg_1041                    |  32|   0|   32|          0|
    |gmem_addr_2_read_reg_1056                    |  32|   0|   32|          0|
    |gmem_addr_3_read_reg_1061                    |  32|   0|   32|          0|
    |gmem_addr_4_read_reg_1071                    |  32|   0|   32|          0|
    |gmem_addr_5_read_reg_1076                    |  32|   0|   32|          0|
    |gmem_addr_6_read_reg_1086                    |  32|   0|   32|          0|
    |gmem_addr_7_read_reg_1096                    |  32|   0|   32|          0|
    |gmem_addr_8_read_reg_1106                    |  32|   0|   32|          0|
    |gmem_addr_9_reg_920                          |  64|   0|   64|          0|
    |gmem_addr_read_reg_1031                      |  32|   0|   32|          0|
    |icmp_ln29_reg_912                            |   1|   0|    1|          0|
    |icmp_ln30_1_reg_938                          |   1|   0|    1|          0|
    |indvar_flatten6_fu_132                       |  18|   0|   18|          0|
    |mul_ln34_4_reg_1081                          |  32|   0|   32|          0|
    |mul_ln34_7_reg_1091                          |  32|   0|   32|          0|
    |mul_ln34_reg_1101                            |  32|   0|   32|          0|
    |p_cast12_cast_reg_897                        |  64|   0|   64|          0|
    |p_cast13_cast_reg_892                        |  64|   0|   64|          0|
    |p_cast14_cast_reg_887                        |  64|   0|   64|          0|
    |p_cast15_cast_reg_882                        |  64|   0|   64|          0|
    |p_cast16_cast_reg_877                        |  64|   0|   64|          0|
    |p_cast17_cast_reg_872                        |  64|   0|   64|          0|
    |p_cast18_cast_reg_867                        |  64|   0|   64|          0|
    |p_cast_cast_reg_902                          |  64|   0|   64|          0|
    |r_fu_128                                     |   9|   0|    9|          0|
    |reg_396                                      |  32|   0|   32|          0|
    |reg_400                                      |  32|   0|   32|          0|
    |reg_405                                      |  32|   0|   32|          0|
    |sdiv_ln37_reg_1121                           |  32|   0|   32|          0|
    |sext_ln16_cast_reg_907                       |  64|   0|   64|          0|
    |tmp_2_reg_926                                |  18|   0|   20|          2|
    |trunc_ln2_reg_932                            |  62|   0|   62|          0|
    |icmp_ln29_reg_912                            |  64|  32|    1|          0|
    |icmp_ln30_1_reg_938                          |  64|  32|    1|          0|
    +---------------------------------------------+----+----+-----+-----------+
    |Total                                        |1936|  64| 1812|          2|
    +---------------------------------------------+----+----+-----+-----------+



================================================================
== Interface
================================================================
* Summary: 
+------------------------+-----+-----+------------+-------------------------------------------------------------+--------------+
|        RTL Ports       | Dir | Bits|  Protocol  |                        Source Object                        |    C Type    |
+------------------------+-----+-----+------------+-------------------------------------------------------------+--------------+
|ap_clk                  |   in|    1|  ap_ctrl_hs|  convolve2d_rep0_hw_Pipeline_VITIS_LOOP_29_3_VITIS_LOOP_30_4|  return value|
|ap_rst                  |   in|    1|  ap_ctrl_hs|  convolve2d_rep0_hw_Pipeline_VITIS_LOOP_29_3_VITIS_LOOP_30_4|  return value|
|ap_start                |   in|    1|  ap_ctrl_hs|  convolve2d_rep0_hw_Pipeline_VITIS_LOOP_29_3_VITIS_LOOP_30_4|  return value|
|ap_done                 |  out|    1|  ap_ctrl_hs|  convolve2d_rep0_hw_Pipeline_VITIS_LOOP_29_3_VITIS_LOOP_30_4|  return value|
|ap_idle                 |  out|    1|  ap_ctrl_hs|  convolve2d_rep0_hw_Pipeline_VITIS_LOOP_29_3_VITIS_LOOP_30_4|  return value|
|ap_ready                |  out|    1|  ap_ctrl_hs|  convolve2d_rep0_hw_Pipeline_VITIS_LOOP_29_3_VITIS_LOOP_30_4|  return value|
|m_axi_gmem_0_AWVALID    |  out|    1|       m_axi|                                                         gmem|       pointer|
|m_axi_gmem_0_AWREADY    |   in|    1|       m_axi|                                                         gmem|       pointer|
|m_axi_gmem_0_AWADDR     |  out|   64|       m_axi|                                                         gmem|       pointer|
|m_axi_gmem_0_AWID       |  out|    1|       m_axi|                                                         gmem|       pointer|
|m_axi_gmem_0_AWLEN      |  out|   32|       m_axi|                                                         gmem|       pointer|
|m_axi_gmem_0_AWSIZE     |  out|    3|       m_axi|                                                         gmem|       pointer|
|m_axi_gmem_0_AWBURST    |  out|    2|       m_axi|                                                         gmem|       pointer|
|m_axi_gmem_0_AWLOCK     |  out|    2|       m_axi|                                                         gmem|       pointer|
|m_axi_gmem_0_AWCACHE    |  out|    4|       m_axi|                                                         gmem|       pointer|
|m_axi_gmem_0_AWPROT     |  out|    3|       m_axi|                                                         gmem|       pointer|
|m_axi_gmem_0_AWQOS      |  out|    4|       m_axi|                                                         gmem|       pointer|
|m_axi_gmem_0_AWREGION   |  out|    4|       m_axi|                                                         gmem|       pointer|
|m_axi_gmem_0_AWUSER     |  out|    1|       m_axi|                                                         gmem|       pointer|
|m_axi_gmem_0_WVALID     |  out|    1|       m_axi|                                                         gmem|       pointer|
|m_axi_gmem_0_WREADY     |   in|    1|       m_axi|                                                         gmem|       pointer|
|m_axi_gmem_0_WDATA      |  out|   32|       m_axi|                                                         gmem|       pointer|
|m_axi_gmem_0_WSTRB      |  out|    4|       m_axi|                                                         gmem|       pointer|
|m_axi_gmem_0_WLAST      |  out|    1|       m_axi|                                                         gmem|       pointer|
|m_axi_gmem_0_WID        |  out|    1|       m_axi|                                                         gmem|       pointer|
|m_axi_gmem_0_WUSER      |  out|    1|       m_axi|                                                         gmem|       pointer|
|m_axi_gmem_0_ARVALID    |  out|    1|       m_axi|                                                         gmem|       pointer|
|m_axi_gmem_0_ARREADY    |   in|    1|       m_axi|                                                         gmem|       pointer|
|m_axi_gmem_0_ARADDR     |  out|   64|       m_axi|                                                         gmem|       pointer|
|m_axi_gmem_0_ARID       |  out|    1|       m_axi|                                                         gmem|       pointer|
|m_axi_gmem_0_ARLEN      |  out|   32|       m_axi|                                                         gmem|       pointer|
|m_axi_gmem_0_ARSIZE     |  out|    3|       m_axi|                                                         gmem|       pointer|
|m_axi_gmem_0_ARBURST    |  out|    2|       m_axi|                                                         gmem|       pointer|
|m_axi_gmem_0_ARLOCK     |  out|    2|       m_axi|                                                         gmem|       pointer|
|m_axi_gmem_0_ARCACHE    |  out|    4|       m_axi|                                                         gmem|       pointer|
|m_axi_gmem_0_ARPROT     |  out|    3|       m_axi|                                                         gmem|       pointer|
|m_axi_gmem_0_ARQOS      |  out|    4|       m_axi|                                                         gmem|       pointer|
|m_axi_gmem_0_ARREGION   |  out|    4|       m_axi|                                                         gmem|       pointer|
|m_axi_gmem_0_ARUSER     |  out|    1|       m_axi|                                                         gmem|       pointer|
|m_axi_gmem_0_RVALID     |   in|    1|       m_axi|                                                         gmem|       pointer|
|m_axi_gmem_0_RREADY     |  out|    1|       m_axi|                                                         gmem|       pointer|
|m_axi_gmem_0_RDATA      |   in|   32|       m_axi|                                                         gmem|       pointer|
|m_axi_gmem_0_RLAST      |   in|    1|       m_axi|                                                         gmem|       pointer|
|m_axi_gmem_0_RID        |   in|    1|       m_axi|                                                         gmem|       pointer|
|m_axi_gmem_0_RFIFONUM   |   in|    9|       m_axi|                                                         gmem|       pointer|
|m_axi_gmem_0_RUSER      |   in|    1|       m_axi|                                                         gmem|       pointer|
|m_axi_gmem_0_RRESP      |   in|    2|       m_axi|                                                         gmem|       pointer|
|m_axi_gmem_0_BVALID     |   in|    1|       m_axi|                                                         gmem|       pointer|
|m_axi_gmem_0_BREADY     |  out|    1|       m_axi|                                                         gmem|       pointer|
|m_axi_gmem_0_BRESP      |   in|    2|       m_axi|                                                         gmem|       pointer|
|m_axi_gmem_0_BID        |   in|    1|       m_axi|                                                         gmem|       pointer|
|m_axi_gmem_0_BUSER      |   in|    1|       m_axi|                                                         gmem|       pointer|
|input_image             |   in|   64|     ap_none|                                                  input_image|        scalar|
|normal_factor_1_reload  |   in|   32|     ap_none|                                       normal_factor_1_reload|        scalar|
|sext_ln16               |   in|   62|     ap_none|                                                    sext_ln16|        scalar|
|p_cast                  |   in|   63|     ap_none|                                                       p_cast|        scalar|
|p_cast12                |   in|   63|     ap_none|                                                     p_cast12|        scalar|
|p_cast13                |   in|   63|     ap_none|                                                     p_cast13|        scalar|
|p_cast14                |   in|   63|     ap_none|                                                     p_cast14|        scalar|
|p_cast15                |   in|   63|     ap_none|                                                     p_cast15|        scalar|
|p_cast16                |   in|   63|     ap_none|                                                     p_cast16|        scalar|
|p_cast17                |   in|   63|     ap_none|                                                     p_cast17|        scalar|
|p_cast18                |   in|   63|     ap_none|                                                     p_cast18|        scalar|
|output_image            |   in|   64|     ap_none|                                                 output_image|        scalar|
+------------------------+-----+-----+------------+-------------------------------------------------------------+--------------+

