

================================================================
== Vitis HLS Report for 'convolve2d_rep0_hw'
================================================================
* Date:           Tue Sep  8 13:52:58 2026

* Version:        2024.2.2 (Build 6049644 on Mar  5 2025)
* Project:        final
* Solution:       hls (Vitis Kernel Flow Target)
* Product family: zynquplus
* Target device:  xczu9eg-ffvb1156-2-e


================================================================
== Performance Estimates
================================================================
+ Timing: 
    * Summary: 
    +--------+---------+----------+------------+
    |  Clock |  Target | Estimated| Uncertainty|
    +--------+---------+----------+------------+
    |ap_clk  |  6.67 ns|  4.667 ns|     2.00 ns|
    +--------+---------+----------+------------+

+ Latency: 
    * Summary: 
    +---------+---------+-----------+-----------+---------+---------+---------+
    |  Latency (cycles) |   Latency (absolute)  |      Interval     | Pipeline|
    |   min   |   max   |    min    |    max    |   min   |   max   |   Type  |
    +---------+---------+-----------+-----------+---------+---------+---------+
    |  4682066|  4682066|  31.215 ms|  31.215 ms|  4682067|  4682067|       no|
    +---------+---------+-----------+-----------+---------+---------+---------+

    + Detail: 
        * Instance: 
        +------------------------------------------------------------------------+-------------------------------------------------------------+---------+---------+-----------+-----------+---------+---------+------------------------------------------------+
        |                                                                        |                                                             |  Latency (cycles) |   Latency (absolute)  |      Interval     |                    Pipeline                    |
        |                                Instance                                |                            Module                           |   min   |   max   |    min    |    max    |   min   |   max   |                      Type                      |
        +------------------------------------------------------------------------+-------------------------------------------------------------+---------+---------+-----------+-----------+---------+---------+------------------------------------------------+
        |grp_convolve2d_rep0_hw_Pipeline_VITIS_LOOP_16_1_VITIS_LOOP_17_2_fu_111  |convolve2d_rep0_hw_Pipeline_VITIS_LOOP_16_1_VITIS_LOOP_17_2  |       12|       12|  80.004 ns|  80.004 ns|       10|       10|  loop auto-rewind stp (delay=0 clock cycles(s))|
        |grp_convolve2d_rep0_hw_Pipeline_VITIS_LOOP_29_3_VITIS_LOOP_30_4_fu_119  |convolve2d_rep0_hw_Pipeline_VITIS_LOOP_29_3_VITIS_LOOP_30_4  |  4681979|  4681979|  31.215 ms|  31.215 ms|  4681818|  4681818|  loop auto-rewind stp (delay=0 clock cycles(s))|
        +------------------------------------------------------------------------+-------------------------------------------------------------+---------+---------+-----------+-----------+---------+---------+------------------------------------------------+

        * Loop: 
        N/A



================================================================
== Utilization Estimates
================================================================
* Summary: 
+-----------------+---------+------+--------+--------+-----+
|       Name      | BRAM_18K|  DSP |   FF   |   LUT  | URAM|
+-----------------+---------+------+--------+--------+-----+
|DSP              |        -|     -|       -|       -|    -|
|Expression       |        -|     -|       0|     562|    -|
|FIFO             |        -|     -|       -|       -|    -|
|Instance         |        4|     3|    5364|    4640|    0|
|Memory           |        -|     -|       -|       -|    -|
|Multiplexer      |        -|     -|       0|     528|    -|
|Register         |        -|     -|     776|       -|    -|
+-----------------+---------+------+--------+--------+-----+
|Total            |        4|     3|    6140|    5730|    0|
+-----------------+---------+------+--------+--------+-----+
|Available        |     1824|  2520|  548160|  274080|    0|
+-----------------+---------+------+--------+--------+-----+
|Utilization (%)  |       ~0|    ~0|       1|       2|    0|
+-----------------+---------+------+--------+--------+-----+

+ Detail: 
    * Instance: 
    +------------------------------------------------------------------------+-------------------------------------------------------------+---------+----+------+------+-----+
    |                                Instance                                |                            Module                           | BRAM_18K| DSP|  FF  |  LUT | URAM|
    +------------------------------------------------------------------------+-------------------------------------------------------------+---------+----+------+------+-----+
    |control_s_axi_U                                                         |control_s_axi                                                |        0|   0|   246|   424|    0|
    |grp_convolve2d_rep0_hw_Pipeline_VITIS_LOOP_16_1_VITIS_LOOP_17_2_fu_111  |convolve2d_rep0_hw_Pipeline_VITIS_LOOP_16_1_VITIS_LOOP_17_2  |        0|   0|    75|   231|    0|
    |grp_convolve2d_rep0_hw_Pipeline_VITIS_LOOP_29_3_VITIS_LOOP_30_4_fu_119  |convolve2d_rep0_hw_Pipeline_VITIS_LOOP_29_3_VITIS_LOOP_30_4  |        0|   3|  4219|  3303|    0|
    |gmem_m_axi_U                                                            |gmem_m_axi                                                   |        4|   0|   824|   682|    0|
    +------------------------------------------------------------------------+-------------------------------------------------------------+---------+----+------+------+-----+
    |Total                                                                   |                                                             |        4|   3|  5364|  4640|    0|
    +------------------------------------------------------------------------+-------------------------------------------------------------+---------+----+------+------+-----+

    * DSP: 
    N/A

    * Memory: 
    N/A

    * FIFO: 
    N/A

    * Expression: 
    +--------------------+----------+----+---+----+------------+------------+
    |    Variable Name   | Operation| DSP| FF| LUT| Bitwidth P0| Bitwidth P1|
    +--------------------+----------+----+---+----+------------+------------+
    |empty_24_fu_164_p2  |         +|   0|  0|  70|          63|           1|
    |empty_25_fu_171_p2  |         +|   0|  0|  70|          63|           2|
    |empty_26_fu_178_p2  |         +|   0|  0|  70|          63|           2|
    |empty_27_fu_185_p2  |         +|   0|  0|  70|          63|           3|
    |empty_28_fu_192_p2  |         +|   0|  0|  70|          63|           3|
    |empty_29_fu_199_p2  |         +|   0|  0|  70|          63|           3|
    |empty_30_fu_206_p2  |         +|   0|  0|  70|          63|           3|
    |empty_31_fu_213_p2  |         +|   0|  0|  70|          63|           4|
    |ap_block_state1     |        or|   0|  0|   2|           1|           1|
    +--------------------+----------+----+---+----+------------+------------+
    |Total               |          |   0|  0| 562|         505|          22|
    +--------------------+----------+----+---+----+------------+------------+

    * Multiplexer: 
    +----------------+-----+-----------+-----+-----------+
    |      Name      | LUT | Input Size| Bits| Total Bits|
    +----------------+-----+-----------+-----+-----------+
    |ap_NS_fsm       |  409|         77|    1|         77|
    |ap_done         |    9|          2|    1|          2|
    |gmem_0_ARADDR   |   20|          4|   64|        256|
    |gmem_0_ARLEN    |   20|          4|   32|        128|
    |gmem_0_ARVALID  |   20|          4|    1|          4|
    |gmem_0_AWVALID  |    9|          2|    1|          2|
    |gmem_0_BREADY   |    9|          2|    1|          2|
    |gmem_0_RREADY   |   14|          3|    1|          3|
    |gmem_0_WVALID   |    9|          2|    1|          2|
    |gmem_blk_n_AR   |    9|          2|    1|          2|
    +----------------+-----+-----------+-----+-----------+
    |Total           |  528|        102|  104|        478|
    +----------------+-----+-----------+-----+-----------+

    * Register: 
    +-------------------------------------------------------------------------------------+----+----+-----+-----------+
    |                                         Name                                        | FF | LUT| Bits| Const Bits|
    +-------------------------------------------------------------------------------------+----+----+-----+-----------+
    |ap_CS_fsm                                                                            |  76|   0|   76|          0|
    |ap_done_reg                                                                          |   1|   0|    1|          0|
    |ap_rst_n_inv                                                                         |   1|   0|    1|          0|
    |ap_rst_reg_1                                                                         |   1|   0|    1|          0|
    |ap_rst_reg_2                                                                         |   1|   0|    1|          0|
    |empty_24_reg_252                                                                     |  63|   0|   63|          0|
    |empty_25_reg_257                                                                     |  63|   0|   63|          0|
    |empty_26_reg_262                                                                     |  63|   0|   63|          0|
    |empty_27_reg_267                                                                     |  63|   0|   63|          0|
    |empty_28_reg_272                                                                     |  63|   0|   63|          0|
    |empty_29_reg_277                                                                     |  63|   0|   63|          0|
    |empty_30_reg_282                                                                     |  63|   0|   63|          0|
    |empty_31_reg_287                                                                     |  63|   0|   63|          0|
    |grp_convolve2d_rep0_hw_Pipeline_VITIS_LOOP_16_1_VITIS_LOOP_17_2_fu_111_ap_start_reg  |   1|   0|    1|          0|
    |grp_convolve2d_rep0_hw_Pipeline_VITIS_LOOP_29_3_VITIS_LOOP_30_4_fu_119_ap_start_reg  |   1|   0|    1|          0|
    |input_image_read_reg_225                                                             |  64|   0|   64|          0|
    |output_image_read_reg_220                                                            |  64|   0|   64|          0|
    |trunc_ln_reg_236                                                                     |  62|   0|   62|          0|
    +-------------------------------------------------------------------------------------+----+----+-----+-----------+
    |Total                                                                                | 776|   0|  776|          0|
    +-------------------------------------------------------------------------------------+----+----+-----+-----------+



================================================================
== Interface
================================================================
* Summary: 
+-----------------------+-----+-----+---------------+--------------------+--------------+
|       RTL Ports       | Dir | Bits|    Protocol   |    Source Object   |    C Type    |
+-----------------------+-----+-----+---------------+--------------------+--------------+
|s_axi_control_AWVALID  |   in|    1|          s_axi|             control|        scalar|
|s_axi_control_AWREADY  |  out|    1|          s_axi|             control|        scalar|
|s_axi_control_AWADDR   |   in|    6|          s_axi|             control|        scalar|
|s_axi_control_WVALID   |   in|    1|          s_axi|             control|        scalar|
|s_axi_control_WREADY   |  out|    1|          s_axi|             control|        scalar|
|s_axi_control_WDATA    |   in|   32|          s_axi|             control|        scalar|
|s_axi_control_WSTRB    |   in|    4|          s_axi|             control|        scalar|
|s_axi_control_ARVALID  |   in|    1|          s_axi|             control|        scalar|
|s_axi_control_ARREADY  |  out|    1|          s_axi|             control|        scalar|
|s_axi_control_ARADDR   |   in|    6|          s_axi|             control|        scalar|
|s_axi_control_RVALID   |  out|    1|          s_axi|             control|        scalar|
|s_axi_control_RREADY   |   in|    1|          s_axi|             control|        scalar|
|s_axi_control_RDATA    |  out|   32|          s_axi|             control|        scalar|
|s_axi_control_RRESP    |  out|    2|          s_axi|             control|        scalar|
|s_axi_control_BVALID   |  out|    1|          s_axi|             control|        scalar|
|s_axi_control_BREADY   |   in|    1|          s_axi|             control|        scalar|
|s_axi_control_BRESP    |  out|    2|          s_axi|             control|        scalar|
|ap_clk                 |   in|    1|  ap_ctrl_chain|  convolve2d_rep0_hw|  return value|
|ap_rst_n               |   in|    1|  ap_ctrl_chain|  convolve2d_rep0_hw|  return value|
|interrupt              |  out|    1|  ap_ctrl_chain|  convolve2d_rep0_hw|  return value|
|m_axi_gmem_AWVALID     |  out|    1|          m_axi|                gmem|       pointer|
|m_axi_gmem_AWREADY     |   in|    1|          m_axi|                gmem|       pointer|
|m_axi_gmem_AWADDR      |  out|   64|          m_axi|                gmem|       pointer|
|m_axi_gmem_AWID        |  out|    1|          m_axi|                gmem|       pointer|
|m_axi_gmem_AWLEN       |  out|    8|          m_axi|                gmem|       pointer|
|m_axi_gmem_AWSIZE      |  out|    3|          m_axi|                gmem|       pointer|
|m_axi_gmem_AWBURST     |  out|    2|          m_axi|                gmem|       pointer|
|m_axi_gmem_AWLOCK      |  out|    2|          m_axi|                gmem|       pointer|
|m_axi_gmem_AWCACHE     |  out|    4|          m_axi|                gmem|       pointer|
|m_axi_gmem_AWPROT      |  out|    3|          m_axi|                gmem|       pointer|
|m_axi_gmem_AWQOS       |  out|    4|          m_axi|                gmem|       pointer|
|m_axi_gmem_AWREGION    |  out|    4|          m_axi|                gmem|       pointer|
|m_axi_gmem_AWUSER      |  out|    1|          m_axi|                gmem|       pointer|
|m_axi_gmem_WVALID      |  out|    1|          m_axi|                gmem|       pointer|
|m_axi_gmem_WREADY      |   in|    1|          m_axi|                gmem|       pointer|
|m_axi_gmem_WDATA       |  out|   32|          m_axi|                gmem|       pointer|
|m_axi_gmem_WSTRB       |  out|    4|          m_axi|                gmem|       pointer|
|m_axi_gmem_WLAST       |  out|    1|          m_axi|                gmem|       pointer|
|m_axi_gmem_WID         |  out|    1|          m_axi|                gmem|       pointer|
|m_axi_gmem_WUSER       |  out|    1|          m_axi|                gmem|       pointer|
|m_axi_gmem_ARVALID     |  out|    1|          m_axi|                gmem|       pointer|
|m_axi_gmem_ARREADY     |   in|    1|          m_axi|                gmem|       pointer|
|m_axi_gmem_ARADDR      |  out|   64|          m_axi|                gmem|       pointer|
|m_axi_gmem_ARID        |  out|    1|          m_axi|                gmem|       pointer|
|m_axi_gmem_ARLEN       |  out|    8|          m_axi|                gmem|       pointer|
|m_axi_gmem_ARSIZE      |  out|    3|          m_axi|                gmem|       pointer|
|m_axi_gmem_ARBURST     |  out|    2|          m_axi|                gmem|       pointer|
|m_axi_gmem_ARLOCK      |  out|    2|          m_axi|                gmem|       pointer|
|m_axi_gmem_ARCACHE     |  out|    4|          m_axi|                gmem|       pointer|
|m_axi_gmem_ARPROT      |  out|    3|          m_axi|                gmem|       pointer|
|m_axi_gmem_ARQOS       |  out|    4|          m_axi|                gmem|       pointer|
|m_axi_gmem_ARREGION    |  out|    4|          m_axi|                gmem|       pointer|
|m_axi_gmem_ARUSER      |  out|    1|          m_axi|                gmem|       pointer|
|m_axi_gmem_RVALID      |   in|    1|          m_axi|                gmem|       pointer|
|m_axi_gmem_RREADY      |  out|    1|          m_axi|                gmem|       pointer|
|m_axi_gmem_RDATA       |   in|   32|          m_axi|                gmem|       pointer|
|m_axi_gmem_RLAST       |   in|    1|          m_axi|                gmem|       pointer|
|m_axi_gmem_RID         |   in|    1|          m_axi|                gmem|       pointer|
|m_axi_gmem_RUSER       |   in|    1|          m_axi|                gmem|       pointer|
|m_axi_gmem_RRESP       |   in|    2|          m_axi|                gmem|       pointer|
|m_axi_gmem_BVALID      |   in|    1|          m_axi|                gmem|       pointer|
|m_axi_gmem_BREADY      |  out|    1|          m_axi|                gmem|       pointer|
|m_axi_gmem_BRESP       |   in|    2|          m_axi|                gmem|       pointer|
|m_axi_gmem_BID         |   in|    1|          m_axi|                gmem|       pointer|
|m_axi_gmem_BUSER       |   in|    1|          m_axi|                gmem|       pointer|
+-----------------------+-----+-----+---------------+--------------------+--------------+

