

================================================================
== Synthesis Summary Report of 'convolve2d_rep0_hw'
================================================================
+ General Information: 
    * Date:           Tue Sep  8 13:52:58 2026
    * Version:        2024.2.2 (Build 6049644 on Mar  5 2025)
    * Project:        final
    * Solution:       hls (Vitis Kernel Flow Target)
    * Product family: zynquplus
    * Target device:  xczu9eg-ffvb1156-2-e
    

+ Performance & Resource Estimates: 
    
    PS: '+' for module; 'o' for loop; '*' for dataflow
    +----------------------------------------------------------------+------+------+---------+-----------+----------+---------+--------+----------+---------+---------+------------+-----------+-----+
    |                             Modules                            | Issue|      | Latency |  Latency  | Iteration|         |  Trip  |          |         |         |            |           |     |
    |                             & Loops                            | Type | Slack| (cycles)|    (ns)   |  Latency | Interval|  Count | Pipelined|  BRAM   |   DSP   |     FF     |    LUT    | URAM|
    +----------------------------------------------------------------+------+------+---------+-----------+----------+---------+--------+----------+---------+---------+------------+-----------+-----+
    |+ convolve2d_rep0_hw                                            |     -|  0.00|  4682066|  3.122e+07|         -|  4682067|       -|        no|  4 (~0%)|  3 (~0%)|   6140 (1%)|  5730 (2%)|    -|
    | + convolve2d_rep0_hw_Pipeline_VITIS_LOOP_16_1_VITIS_LOOP_17_2  |     -|  0.00|       12|     80.004|         -|       12|       -|        no|        -|        -|    75 (~0%)|  231 (~0%)|    -|
    |  o VITIS_LOOP_16_1_VITIS_LOOP_17_2                             |     -|  4.67|       10|     66.670|         3|        1|       9|       yes|        -|        -|           -|          -|    -|
    | + convolve2d_rep0_hw_Pipeline_VITIS_LOOP_29_3_VITIS_LOOP_30_4  |     -|  0.00|  4681979|  3.121e+07|         -|  4681979|       -|        no|        -|  3 (~0%)|  4219 (~0%)|  3303 (1%)|    -|
    |  o VITIS_LOOP_29_3_VITIS_LOOP_30_4                             |    II|  4.67|  4681977|  3.121e+07|       196|       18|  260100|       yes|        -|        -|           -|          -|    -|
    +----------------------------------------------------------------+------+------+---------+-----------+----------+---------+--------+----------+---------+---------+------------+-----------+-----+


================================================================
== HW Interfaces
================================================================
* M_AXI
+------------+------------+------------+---------------+---------+--------+----------+-----------+--------------+--------------+-------------+-------------+-------------------+
| Interface  | Read/Write | Data Width | Address Width | Latency | Offset | Register | Max Widen | Max Read     | Max Write    | Num Read    | Num Write   | Resource Estimate |
|            |            | (SW->HW)   |               |         |        |          | Bitwidth  | Burst Length | Burst Length | Outstanding | Outstanding |                   |
+------------+------------+------------+---------------+---------+--------+----------+-----------+--------------+--------------+-------------+-------------+-------------------+
| m_axi_gmem | READ_WRITE | 32 -> 32   | 64            | 64      | slave  | 0        | 512       | 16           | 16           | 16          | 16          | BRAM=4            |
+------------+------------+------------+---------------+---------+--------+----------+-----------+--------------+--------------+-------------+-------------+-------------------+

* S_AXILITE Interfaces
+---------------+------------+---------------+--------+----------+
| Interface     | Data Width | Address Width | Offset | Register |
+---------------+------------+---------------+--------+----------+
| s_axi_control | 32         | 6             | 16     | 0        |
+---------------+------------+---------------+--------+----------+

* S_AXILITE Registers
+---------------+----------------+--------+-------+--------+----------------------------------+------------------------------------------------------------------------------------+
| Interface     | Register       | Offset | Width | Access | Description                      | Bit Fields                                                                         |
+---------------+----------------+--------+-------+--------+----------------------------------+------------------------------------------------------------------------------------+
| s_axi_control | CTRL           | 0x00   | 32    | RW     | Control signals                  | 0=AP_START 1=AP_DONE 2=AP_IDLE 3=AP_READY 4=AP_CONTINUE 7=AUTO_RESTART 9=INTERRUPT |
| s_axi_control | GIER           | 0x04   | 32    | RW     | Global Interrupt Enable Register | 0=Enable                                                                           |
| s_axi_control | IP_IER         | 0x08   | 32    | RW     | IP Interrupt Enable Register     | 0=CHAN0_INT_EN 1=CHAN1_INT_EN                                                      |
| s_axi_control | IP_ISR         | 0x0c   | 32    | RW     | IP Interrupt Status Register     | 0=CHAN0_INT_ST 1=CHAN1_INT_ST                                                      |
| s_axi_control | input_image_1  | 0x10   | 32    | W      | Data signal of input_image       |                                                                                    |
| s_axi_control | input_image_2  | 0x14   | 32    | W      | Data signal of input_image       |                                                                                    |
| s_axi_control | filter_1       | 0x1c   | 32    | W      | Data signal of filter            |                                                                                    |
| s_axi_control | filter_2       | 0x20   | 32    | W      | Data signal of filter            |                                                                                    |
| s_axi_control | output_image_1 | 0x28   | 32    | W      | Data signal of output_image      |                                                                                    |
| s_axi_control | output_image_2 | 0x2c   | 32    | W      | Data signal of output_image      |                                                                                    |
+---------------+----------------+--------+-------+--------+----------------------------------+------------------------------------------------------------------------------------+

* TOP LEVEL CONTROL
+-----------+---------------+-----------+
| Interface | Type          | Ports     |
+-----------+---------------+-----------+
| ap_clk    | clock         | ap_clk    |
| ap_rst_n  | reset         | ap_rst_n  |
| interrupt | interrupt     | interrupt |
| ap_ctrl   | ap_ctrl_chain |           |
+-----------+---------------+-----------+


================================================================
== SW I/O Information
================================================================
* Top Function Arguments
+--------------+-----------+----------+
| Argument     | Direction | Datatype |
+--------------+-----------+----------+
| input_image  | inout     | int*     |
| filter       | inout     | int*     |
| output_image | inout     | int*     |
+--------------+-----------+----------+

* SW-to-HW Mapping
+--------------+---------------+-----------+----------+------------------------------------------+
| Argument     | HW Interface  | HW Type   | HW Usage | HW Info                                  |
+--------------+---------------+-----------+----------+------------------------------------------+
| input_image  | m_axi_gmem    | interface |          | channel=0                                |
| input_image  | s_axi_control | register  | offset   | name=input_image_1 offset=0x10 range=32  |
| input_image  | s_axi_control | register  | offset   | name=input_image_2 offset=0x14 range=32  |
| filter       | m_axi_gmem    | interface |          | channel=0                                |
| filter       | s_axi_control | register  | offset   | name=filter_1 offset=0x1c range=32       |
| filter       | s_axi_control | register  | offset   | name=filter_2 offset=0x20 range=32       |
| output_image | m_axi_gmem    | interface |          | channel=0                                |
| output_image | s_axi_control | register  | offset   | name=output_image_1 offset=0x28 range=32 |
| output_image | s_axi_control | register  | offset   | name=output_image_2 offset=0x2c range=32 |
+--------------+---------------+-----------+----------+------------------------------------------+


================================================================
== M_AXI Burst Information
================================================================
 Note: All burst requests might be further partitioned into multiple requests during RTL generation based on max_read_burst_length or max_write_burst_length settings.

* Inferred Burst Summary
+--------------+-----------+--------+-------+-----------------+-------------------+
| HW Interface | Direction | Length | Width | Loop            | Loop Location     |
+--------------+-----------+--------+-------+-----------------+-------------------+
| m_axi_gmem   | read      | 9      | 32    | VITIS_LOOP_16_1 | cluster.cpp:16:21 |
| m_axi_gmem   | write     | 510    | 32    | VITIS_LOOP_30_4 | cluster.cpp:30:24 |
| m_axi_gmem   | read      | 3      | 32    |                 |                   |
+--------------+-----------+--------+-------+-----------------+-------------------+

* All M_AXI Variable Accesses
+--------------+--------------+-------------------+-----------+--------------+--------+-----------------+-------------------+------------+----------------------------------------------------------------------------------------+
| HW Interface | Variable     | Access Location   | Direction | Burst Status | Length | Loop            | Loop Location     | Resolution | Problem                                                                                |
+--------------+--------------+-------------------+-----------+--------------+--------+-----------------+-------------------+------------+----------------------------------------------------------------------------------------+
| m_axi_gmem   | filter       | cluster.cpp:20:22 | read      | Widen Fail   |        | VITIS_LOOP_17_2 | cluster.cpp:17:24 | 214-235    | Start index of the access is unaligned                                                 |
| m_axi_gmem   | filter       | cluster.cpp:20:22 | read      | Widen Fail   |        | VITIS_LOOP_17_2 | cluster.cpp:17:24 | 214-234    | Sequential access length is not divisible by 2                                         |
| m_axi_gmem   | filter       | cluster.cpp:20:22 | read      | Inferred     | 9      | VITIS_LOOP_16_1 | cluster.cpp:16:21 |            |                                                                                        |
| m_axi_gmem   |              | cluster.cpp:32:27 | read      | Fail         |        |                 |                   | 214-224    | Could not burst due to multiple potential reads to the same bundle in the same region. |
| m_axi_gmem   | filter       | cluster.cpp:34:71 | read      | Widen Fail   |        | VITIS_LOOP_33_6 | cluster.cpp:33:30 | 214-235    | Start index of the access is unaligned                                                 |
| m_axi_gmem   | filter       | cluster.cpp:34:71 | read      | Widen Fail   |        | VITIS_LOOP_33_6 | cluster.cpp:33:30 | 214-234    | Sequential access length is not divisible by 2                                         |
| m_axi_gmem   | input_image  | cluster.cpp:34:28 | read      | Widen Fail   |        | VITIS_LOOP_33_6 | cluster.cpp:33:30 | 214-307    | Could not widen since type i32 size is greater than or equal to alignment 4(bytes)     |
| m_axi_gmem   | filter       | cluster.cpp:34:71 | read      | Fail         |        | VITIS_LOOP_30_4 | cluster.cpp:30:24 | 214-229    | Could not analyze pattern                                                              |
| m_axi_gmem   | input_image  | cluster.cpp:34:28 | read      | Fail         |        | VITIS_LOOP_32_5 | cluster.cpp:32:27 | 214-230    | Stride is incompatible                                                                 |
| m_axi_gmem   | filter       | cluster.cpp:34:71 | read      | Inferred     | 9      | VITIS_LOOP_32_5 | cluster.cpp:32:27 |            |                                                                                        |
| m_axi_gmem   | input_image  | cluster.cpp:34:28 | read      | Inferred     | 3      | VITIS_LOOP_33_6 | cluster.cpp:33:30 |            |                                                                                        |
| m_axi_gmem   | output_image | cluster.cpp:37:68 | write     | Widen Fail   |        | VITIS_LOOP_30_4 | cluster.cpp:30:24 | 214-307    | Could not widen since type i32 size is greater than or equal to alignment 4(bytes)     |
| m_axi_gmem   | output_image | cluster.cpp:37:68 | write     | Fail         |        | VITIS_LOOP_29_3 | cluster.cpp:29:21 | 214-230    | Stride is incompatible                                                                 |
| m_axi_gmem   | output_image | cluster.cpp:37:68 | write     | Inferred     | 510    | VITIS_LOOP_30_4 | cluster.cpp:30:24 |            |                                                                                        |
+--------------+--------------+-------------------+-----------+--------------+--------+-----------------+-------------------+------------+----------------------------------------------------------------------------------------+

    * Resolution URL: docs.xilinx.com/access/sources/dita/topic?Doc_Version=2024.2%20English&url=ug1448-hls-guidance&resourceid=XXX-YYY.html (replace XXX-YYY with column value)

================================================================
== Bind Op Report
================================================================
+----------------------------------------------------------------+-----+--------+---------------+--------+----------+---------+
| Name                                                           | DSP | Pragma | Variable      | Op     | Impl     | Latency |
+----------------------------------------------------------------+-----+--------+---------------+--------+----------+---------+
| + convolve2d_rep0_hw                                           | 3   |        |               |        |          |         |
|   empty_24_fu_164_p2                                           |     |        | empty_24      | add    | fabric   | 0       |
|   empty_25_fu_171_p2                                           |     |        | empty_25      | add    | fabric   | 0       |
|   empty_26_fu_178_p2                                           |     |        | empty_26      | add    | fabric   | 0       |
|   empty_27_fu_185_p2                                           |     |        | empty_27      | add    | fabric   | 0       |
|   empty_28_fu_192_p2                                           |     |        | empty_28      | add    | fabric   | 0       |
|   empty_29_fu_199_p2                                           |     |        | empty_29      | add    | fabric   | 0       |
|   empty_30_fu_206_p2                                           |     |        | empty_30      | add    | fabric   | 0       |
|   empty_31_fu_213_p2                                           |     |        | empty_31      | add    | fabric   | 0       |
|  + convolve2d_rep0_hw_Pipeline_VITIS_LOOP_16_1_VITIS_LOOP_17_2 | 0   |        |               |        |          |         |
|    icmp_ln16_fu_93_p2                                          |     |        | icmp_ln16     | seteq  | auto     | 0       |
|    add_ln16_fu_99_p2                                           |     |        | add_ln16      | add    | fabric   | 0       |
|    neg_fu_119_p2                                               |     |        | neg           | sub    | fabric   | 0       |
|    abscond_fu_124_p2                                           |     |        | abscond       | setgt  | auto     | 0       |
|    p_d0_0_fu_129_p3                                            |     |        | p_d0_0        | select | auto_sel | 0       |
|    normal_factor_fu_136_p2                                     |     |        | normal_factor | add    | fabric   | 0       |
|  + convolve2d_rep0_hw_Pipeline_VITIS_LOOP_29_3_VITIS_LOOP_30_4 | 3   |        |               |        |          |         |
|    icmp_ln29_fu_464_p2                                         |     |        | icmp_ln29     | seteq  | auto     | 0       |
|    add_ln29_fu_470_p2                                          |     |        | add_ln29      | add    | fabric   | 0       |
|    icmp_ln30_fu_482_p2                                         |     |        | icmp_ln30     | seteq  | auto     | 0       |
|    select_ln7_fu_488_p3                                        |     |        | select_ln7    | select | auto_sel | 0       |
|    add_ln29_1_fu_496_p2                                        |     |        | add_ln29_1    | add    | fabric   | 0       |
|    select_ln29_fu_502_p3                                       |     |        | select_ln29   | select | auto_sel | 0       |
|    first_iter_0_fu_510_p2                                      |     |        | first_iter_0  | seteq  | auto     | 0       |
|    tmp_fu_524_p2                                               |     |        | tmp           | add    | fabric   | 0       |
|    empty_23_fu_534_p2                                          |     |        | empty_23      | add    | fabric   | 0       |
|    empty_17_fu_573_p2                                          |     |        | empty_17      | add    | fabric   | 0       |
|    add_ln34_fu_634_p2                                          |     |        | add_ln34      | add    | fabric   | 0       |
|    add_ln34_1_fu_650_p2                                        |     |        | add_ln34_1    | add    | fabric   | 0       |
|    tmp1_fu_678_p2                                              |     |        | tmp1          | add    | fabric   | 0       |
|    empty_18_fu_687_p2                                          |     |        | empty_18      | add    | fabric   | 0       |
|    tmp2_fu_730_p2                                              |     |        | tmp2          | add    | fabric   | 0       |
|    empty_20_fu_739_p2                                          |     |        | empty_20      | add    | fabric   | 0       |
|    mul_32s_32s_32_1_1_U4                                       | 3   |        | mul_ln34      | mul    | auto     | 0       |
|    mul_32s_32s_32_1_1_U4                                       | 3   |        | mul_ln34_1    | mul    | auto     | 0       |
|    mul_32s_32s_32_1_1_U4                                       | 3   |        | mul_ln34_2    | mul    | auto     | 0       |
|    mul_32s_32s_32_1_1_U4                                       | 3   |        | mul_ln34_3    | mul    | auto     | 0       |
|    mul_32s_32s_32_1_1_U4                                       | 3   |        | mul_ln34_4    | mul    | auto     | 0       |
|    mul_32s_32s_32_1_1_U4                                       | 3   |        | mul_ln34_5    | mul    | auto     | 0       |
|    mul_32s_32s_32_1_1_U4                                       | 3   |        | mul_ln34_6    | mul    | auto     | 0       |
|    mul_32s_32s_32_1_1_U4                                       | 3   |        | mul_ln34_7    | mul    | auto     | 0       |
|    mul_32s_32s_32_1_1_U4                                       | 3   |        | mul_ln34_8    | mul    | auto     | 0       |
|    add_ln34_2_fu_782_p2                                        |     |        | add_ln34_2    | add    | fabric   | 0       |
|    add_ln34_3_fu_788_p2                                        |     |        | add_ln34_3    | add    | fabric   | 0       |
|    sdiv_32ns_32ns_32_36_1_U5                                   |     |        | sdiv_ln37     | sdiv   | auto     | 35      |
|    add_ln37_fu_588_p2                                          |     |        | add_ln37      | add    | fabric   | 0       |
|    icmp_ln30_1_fu_594_p2                                       |     |        | icmp_ln30_1   | seteq  | auto     | 0       |
+----------------------------------------------------------------+-----+--------+---------------+--------+----------+---------+


================================================================
== Storage Report
================================================================
+----------------------+-----------+-----------+------+------+--------+----------+------+---------+------------------+
| Name                 | Usage     | Type      | BRAM | URAM | Pragma | Variable | Impl | Latency | Bitwidth, Depth, |
|                      |           |           |      |      |        |          |      |         | Banks            |
+----------------------+-----------+-----------+------+------+--------+----------+------+---------+------------------+
| + convolve2d_rep0_hw |           |           | 4    | 0    |        |          |      |         |                  |
|   control_s_axi_U    | interface | s_axilite |      |      |        |          |      |         |                  |
|   gmem_m_axi_U       | interface | m_axi     | 4    |      |        |          |      |         |                  |
+----------------------+-----------+-----------+------+------+--------+----------+------+---------+------------------+


================================================================
== Pragma Report
================================================================
  No pragmas found

