

================================================================
== Vitis HLS Report for 'edge_detect_hw_Pipeline_5'
================================================================
* Date:           Tue Sep  8 14:06:59 2026

* Version:        2024.2.2 (Build 6049644 on Mar  5 2025)
* Project:        final
* Solution:       hls (Vitis Kernel Flow Target)
* Product family: zynquplus
* Target device:  xczu9eg-ffvb1156-2-e


================================================================
== Performance Estimates
================================================================
+ Timing: 
    * Summary: 
    +--------+---------+----------+------------+
    |  Clock |  Target | Estimated| Uncertainty|
    +--------+---------+----------+------------+
    |ap_clk  |  6.67 ns|  2.682 ns|     2.00 ns|
    +--------+---------+----------+------------+

+ Latency: 
    * Summary: 
    +---------+---------+-----------+-----------+-----+-----+------------------------------------------------+
    |  Latency (cycles) |   Latency (absolute)  |  Interval |                    Pipeline                    |
    |   min   |   max   |    min    |    max    | min | max |                      Type                      |
    +---------+---------+-----------+-----------+-----+-----+------------------------------------------------+
    |       11|       11|  73.337 ns|  73.337 ns|   10|   10|  loop auto-rewind stp (delay=0 clock cycles(s))|
    +---------+---------+-----------+-----------+-----+-----+------------------------------------------------+

    + Detail: 
        * Instance: 
        N/A

        * Loop: 
        +----------+---------+---------+----------+-----------+-----------+------+----------+
        |          |  Latency (cycles) | Iteration|  Initiation Interval  | Trip |          |
        | Loop Name|   min   |   max   |  Latency |  achieved |   target  | Count| Pipelined|
        +----------+---------+---------+----------+-----------+-----------+------+----------+
        |- Loop 1  |        9|        9|         2|          1|          1|     9|       yes|
        +----------+---------+---------+----------+-----------+-----------+------+----------+



================================================================
== Utilization Estimates
================================================================
* Summary: 
+-----------------+---------+------+--------+--------+-----+
|       Name      | BRAM_18K|  DSP |   FF   |   LUT  | URAM|
+-----------------+---------+------+--------+--------+-----+
|DSP              |        -|     -|       -|       -|    -|
|Expression       |        -|     -|       0|     109|    -|
|FIFO             |        -|     -|       -|       -|    -|
|Instance         |        -|     -|       -|       -|    -|
|Memory           |        -|     -|       -|       -|    -|
|Multiplexer      |        -|     -|       0|      81|    -|
|Register         |        -|     -|      17|       -|    -|
+-----------------+---------+------+--------+--------+-----+
|Total            |        0|     0|      17|     190|    0|
+-----------------+---------+------+--------+--------+-----+
|Available        |     1824|  2520|  548160|  274080|    0|
+-----------------+---------+------+--------+--------+-----+
|Utilization (%)  |        0|     0|      ~0|      ~0|    0|
+-----------------+---------+------+--------+--------+-----+

+ Detail: 
    * Instance: 
    N/A

    * DSP: 
    N/A

    * Memory: 
    N/A

    * FIFO: 
    N/A

    * Expression: 
    +---------------------------+----------+----+---+----+------------+------------+
    |       Variable Name       | Operation| DSP| FF| LUT| Bitwidth P0| Bitwidth P1|
    +---------------------------+----------+----+---+----+------------+------------+
    |add_ln58_1_fu_131_p2       |         +|   0|  0|   9|           2|           1|
    |add_ln58_fu_105_p2         |         +|   0|  0|  12|           4|           1|
    |add_ln59_fu_178_p2         |         +|   0|  0|   9|           2|           1|
    |add_ln62_fu_167_p2         |         +|   0|  0|   7|           4|           4|
    |normal_factor_2_fu_230_p2  |         +|   0|  0|  13|           6|           6|
    |empty_fu_157_p2            |         -|   0|  0|   7|           4|           4|
    |neg15_fu_206_p2            |         -|   0|  0|  10|           1|           3|
    |abscond16_fu_212_p2        |      icmp|   0|  0|  12|           4|           1|
    |icmp_ln58_fu_99_p2         |      icmp|   0|  0|  12|           4|           4|
    |icmp_ln59_fu_117_p2        |      icmp|   0|  0|   9|           2|           2|
    |p_d0_0_fu_218_p3           |    select|   0|  0|   3|           1|           3|
    |select_ln49_fu_123_p3      |    select|   0|  0|   2|           1|           1|
    |select_ln58_fu_137_p3      |    select|   0|  0|   2|           1|           2|
    |ap_enable_pp0              |       xor|   0|  0|   2|           1|           2|
    +---------------------------+----------+----+---+----+------------+------------+
    |Total                      |          |   0|  0| 109|          37|          35|
    +---------------------------+----------+----+---+----+------------+------------+

    * Multiplexer: 
    +----------------------------------------+----+-----------+-----+-----------+
    |                  Name                  | LUT| Input Size| Bits| Total Bits|
    +----------------------------------------+----+-----------+-----+-----------+
    |ap_done_int                             |   9|          2|    1|          2|
    |ap_enable_reg_pp0_iter1                 |   9|          2|    1|          2|
    |ap_sig_allocacmp_c_load                 |   9|          2|    2|          4|
    |ap_sig_allocacmp_indvar_flatten33_load  |   9|          2|    4|          8|
    |ap_sig_allocacmp_r_load                 |   9|          2|    2|          4|
    |c_fu_44                                 |   9|          2|    2|          4|
    |indvar_flatten33_fu_52                  |   9|          2|    4|          8|
    |normal_factor_fu_40                     |   9|          2|    6|         12|
    |r_fu_48                                 |   9|          2|    2|          4|
    +----------------------------------------+----+-----------+-----+-----------+
    |Total                                   |  81|         18|   24|         48|
    +----------------------------------------+----+-----------+-----+-----------+

    * Register: 
    +-------------------------+---+----+-----+-----------+
    |           Name          | FF| LUT| Bits| Const Bits|
    +-------------------------+---+----+-----+-----------+
    |ap_CS_fsm                |  1|   0|    1|          0|
    |ap_done_reg              |  1|   0|    1|          0|
    |ap_enable_reg_pp0_iter1  |  1|   0|    1|          0|
    |c_fu_44                  |  2|   0|    2|          0|
    |indvar_flatten33_fu_52   |  4|   0|    4|          0|
    |normal_factor_fu_40      |  6|   0|    6|          0|
    |r_fu_48                  |  2|   0|    2|          0|
    +-------------------------+---+----+-----+-----------+
    |Total                    | 17|   0|   17|          0|
    +-------------------------+---+----+-----+-----------+



================================================================
== Interface
================================================================
* Summary: 
+----------------------------+-----+-----+------------+---------------------------+--------------+
|          RTL Ports         | Dir | Bits|  Protocol  |       Source Object       |    C Type    |
+----------------------------+-----+-----+------------+---------------------------+--------------+
|ap_clk                      |   in|    1|  ap_ctrl_hs|  edge_detect_hw_Pipeline_5|  return value|
|ap_rst                      |   in|    1|  ap_ctrl_hs|  edge_detect_hw_Pipeline_5|  return value|
|ap_start                    |   in|    1|  ap_ctrl_hs|  edge_detect_hw_Pipeline_5|  return value|
|ap_done                     |  out|    1|  ap_ctrl_hs|  edge_detect_hw_Pipeline_5|  return value|
|ap_idle                     |  out|    1|  ap_ctrl_hs|  edge_detect_hw_Pipeline_5|  return value|
|ap_ready                    |  out|    1|  ap_ctrl_hs|  edge_detect_hw_Pipeline_5|  return value|
|filter_address0             |  out|    4|   ap_memory|                     filter|         array|
|filter_ce0                  |  out|    1|   ap_memory|                     filter|         array|
|filter_q0                   |   in|    4|   ap_memory|                     filter|         array|
|normal_factor_3_out         |  out|    6|      ap_vld|        normal_factor_3_out|       pointer|
|normal_factor_3_out_ap_vld  |  out|    1|      ap_vld|        normal_factor_3_out|       pointer|
+----------------------------+-----+-----+------------+---------------------------+--------------+

============================================================
+ Verbose Summary: Synthesis Manager
============================================================
InlineROM: 1
ExposeGlobal: 0
============================================================
+ Verbose Summary: CDFG Model
============================================================
IsTopModel: 0
ResetActiveHigh: 1
IsCombinational: 2
IsDatapathOnly: 2
HasWiredReturn: 1
HasMFsm: 2
HasVarLatency: 1
IsPipeline: 0
IsRtlPipelined: 0
IsInstanceOverlapped: 0
IsDontTouch: 0
HasImplIP: 0
IsGatedGlobalClock: 0

+ Individual pipeline summary: 
  * Pipeline-0: initiation interval (II) = 1, depth = 2


============================================================
+ Verbose Summary: Schedule
============================================================
* Number of FSM states : 2
* Pipeline : 1
  Pipeline-0 : II = 1, D = 2, States = { 1 2 }
* Dataflow Pipeline: 0

* FSM state transitions: 
1 --> 2 
2 --> 

* FSM state operations: 

State 1 <SV = 0> <Delay = 2.30>
ST_1 : Operation 5 [1/1] (0.00ns)   --->   "%normal_factor = alloca i32 1" [cluster.cpp:50->cluster.cpp:23]   --->   Operation 5 'alloca' 'normal_factor' <Predicate = true> <Delay = 0.00>
ST_1 : Operation 6 [1/1] (0.00ns)   --->   "%c = alloca i32 1" [cluster.cpp:48->cluster.cpp:23]   --->   Operation 6 'alloca' 'c' <Predicate = true> <Delay = 0.00>
ST_1 : Operation 7 [1/1] (0.00ns)   --->   "%r = alloca i32 1" [cluster.cpp:49->cluster.cpp:23]   --->   Operation 7 'alloca' 'r' <Predicate = true> <Delay = 0.00>
ST_1 : Operation 8 [1/1] (0.00ns)   --->   "%indvar_flatten33 = alloca i32 1"   --->   Operation 8 'alloca' 'indvar_flatten33' <Predicate = true> <Delay = 0.00>
ST_1 : Operation 9 [1/1] (0.42ns)   --->   "%store_ln0 = store i4 0, i4 %indvar_flatten33"   --->   Operation 9 'store' 'store_ln0' <Predicate = true> <Delay = 0.42>
ST_1 : Operation 10 [1/1] (0.42ns)   --->   "%store_ln49 = store i2 0, i2 %r" [cluster.cpp:49->cluster.cpp:23]   --->   Operation 10 'store' 'store_ln49' <Predicate = true> <Delay = 0.42>
ST_1 : Operation 11 [1/1] (0.42ns)   --->   "%store_ln48 = store i2 0, i2 %c" [cluster.cpp:48->cluster.cpp:23]   --->   Operation 11 'store' 'store_ln48' <Predicate = true> <Delay = 0.42>
ST_1 : Operation 12 [1/1] (0.42ns)   --->   "%store_ln50 = store i6 0, i6 %normal_factor" [cluster.cpp:50->cluster.cpp:23]   --->   Operation 12 'store' 'store_ln50' <Predicate = true> <Delay = 0.42>
ST_1 : Operation 13 [1/1] (0.00ns)   --->   "%br_ln0 = br void %for.inc.i69"   --->   Operation 13 'br' 'br_ln0' <Predicate = true> <Delay = 0.00>
ST_1 : Operation 14 [1/1] (0.00ns)   --->   "%indvar_flatten33_load = load i4 %indvar_flatten33" [cluster.cpp:58->cluster.cpp:23]   --->   Operation 14 'load' 'indvar_flatten33_load' <Predicate = true> <Delay = 0.00>
ST_1 : Operation 15 [1/1] (0.79ns)   --->   "%icmp_ln58 = icmp_eq  i4 %indvar_flatten33_load, i4 9" [cluster.cpp:58->cluster.cpp:23]   --->   Operation 15 'icmp' 'icmp_ln58' <Predicate = true> <Delay = 0.79> <CoreInst = "Cmp">   --->   Core 9 'Cmp' <Latency = 0> <II = 1> <Delay = 0.79> <FuncUnit> <Opcode : 'seteq' 'setne' 'setle' 'setge' 'setlt' 'setgt'> <InPorts = 2> <OutPorts = 1>
ST_1 : Operation 16 [1/1] (0.79ns)   --->   "%add_ln58 = add i4 %indvar_flatten33_load, i4 1" [cluster.cpp:58->cluster.cpp:23]   --->   Operation 16 'add' 'add_ln58' <Predicate = true> <Delay = 0.79> <CoreInst = "Adder">   --->   Core 1 'Adder' <Latency = 0> <II = 1> <Delay = 0.79> <FuncUnit> <Opcode : 'add' 'sub'> <InPorts = 2> <OutPorts = 1>
ST_1 : Operation 17 [1/1] (0.00ns)   --->   "%br_ln58 = br i1 %icmp_ln58, void %for.inc5.i72, void %for.body13.i77.preheader.exitStub" [cluster.cpp:58->cluster.cpp:23]   --->   Operation 17 'br' 'br_ln58' <Predicate = true> <Delay = 0.00>
ST_1 : Operation 18 [1/1] (0.00ns)   --->   "%c_load = load i2 %c" [cluster.cpp:59->cluster.cpp:23]   --->   Operation 18 'load' 'c_load' <Predicate = (!icmp_ln58)> <Delay = 0.00>
ST_1 : Operation 19 [1/1] (0.00ns)   --->   "%r_load = load i2 %r" [cluster.cpp:58->cluster.cpp:23]   --->   Operation 19 'load' 'r_load' <Predicate = (!icmp_ln58)> <Delay = 0.00>
ST_1 : Operation 20 [1/1] (0.54ns)   --->   "%icmp_ln59 = icmp_eq  i2 %c_load, i2 3" [cluster.cpp:59->cluster.cpp:23]   --->   Operation 20 'icmp' 'icmp_ln59' <Predicate = (!icmp_ln58)> <Delay = 0.54> <CoreInst = "Cmp">   --->   Core 9 'Cmp' <Latency = 0> <II = 1> <Delay = 0.54> <FuncUnit> <Opcode : 'seteq' 'setne' 'setle' 'setge' 'setlt' 'setgt'> <InPorts = 2> <OutPorts = 1>
ST_1 : Operation 21 [1/1] (0.17ns)   --->   "%select_ln49 = select i1 %icmp_ln59, i2 0, i2 %c_load" [cluster.cpp:49->cluster.cpp:23]   --->   Operation 21 'select' 'select_ln49' <Predicate = (!icmp_ln58)> <Delay = 0.17> <CoreInst = "Sel">   --->   Core 73 'Sel' <Latency = 0> <II = 1> <Delay = 0.17> <FuncUnit> <Opcode : 'select'> <InPorts = 3> <OutPorts = 1>
ST_1 : Operation 22 [1/1] (0.54ns)   --->   "%add_ln58_1 = add i2 %r_load, i2 1" [cluster.cpp:58->cluster.cpp:23]   --->   Operation 22 'add' 'add_ln58_1' <Predicate = (!icmp_ln58)> <Delay = 0.54> <CoreInst = "Adder">   --->   Core 1 'Adder' <Latency = 0> <II = 1> <Delay = 0.54> <FuncUnit> <Opcode : 'add' 'sub'> <InPorts = 2> <OutPorts = 1>
ST_1 : Operation 23 [1/1] (0.17ns)   --->   "%select_ln58 = select i1 %icmp_ln59, i2 %add_ln58_1, i2 %r_load" [cluster.cpp:58->cluster.cpp:23]   --->   Operation 23 'select' 'select_ln58' <Predicate = (!icmp_ln58)> <Delay = 0.17> <CoreInst = "Sel">   --->   Core 73 'Sel' <Latency = 0> <II = 1> <Delay = 0.17> <FuncUnit> <Opcode : 'select'> <InPorts = 3> <OutPorts = 1>
ST_1 : Operation 24 [1/1] (0.00ns)   --->   "%zext_ln58 = zext i2 %select_ln58" [cluster.cpp:58->cluster.cpp:23]   --->   Operation 24 'zext' 'zext_ln58' <Predicate = (!icmp_ln58)> <Delay = 0.00>
ST_1 : Operation 25 [1/1] (0.00ns)   --->   "%p_shl = bitconcatenate i4 @_ssdm_op_BitConcatenate.i4.i2.i2, i2 %select_ln58, i2 0" [cluster.cpp:58->cluster.cpp:23]   --->   Operation 25 'bitconcatenate' 'p_shl' <Predicate = (!icmp_ln58)> <Delay = 0.00>
ST_1 : Operation 26 [1/1] (0.00ns) (grouped into TernaryAdder)   --->   "%empty = sub i4 %p_shl, i4 %zext_ln58" [cluster.cpp:58->cluster.cpp:23]   --->   Operation 26 'sub' 'empty' <Predicate = (!icmp_ln58)> <Delay = 0.00> <CoreInst = "TAddSub">   --->   Core 10 'TAddSub' <Latency = 0> <II = 1> <Delay = 0.23> <IPBlock> <Opcode : '' 'add' 'sub'> <InPorts = 3> <OutPorts = 1> <Sync> <CReg>
ST_1 : Operation 27 [1/1] (0.00ns)   --->   "%zext_ln59 = zext i2 %select_ln49" [cluster.cpp:59->cluster.cpp:23]   --->   Operation 27 'zext' 'zext_ln59' <Predicate = (!icmp_ln58)> <Delay = 0.00>
ST_1 : Operation 28 [1/1] (0.46ns) (root node of TernaryAdder)   --->   "%add_ln62 = add i4 %zext_ln59, i4 %empty" [cluster.cpp:62->cluster.cpp:23]   --->   Operation 28 'add' 'add_ln62' <Predicate = (!icmp_ln58)> <Delay = 0.46> <CoreInst = "TAddSub">   --->   Core 10 'TAddSub' <Latency = 0> <II = 1> <Delay = 0.23> <IPBlock> <Opcode : '' 'add' 'sub'> <InPorts = 3> <OutPorts = 1> <Sync> <CReg>
ST_1 : Operation 29 [1/1] (0.00ns)   --->   "%zext_ln62 = zext i4 %add_ln62" [cluster.cpp:62->cluster.cpp:23]   --->   Operation 29 'zext' 'zext_ln62' <Predicate = (!icmp_ln58)> <Delay = 0.00>
ST_1 : Operation 30 [1/1] (0.00ns)   --->   "%filter_addr = getelementptr i4 %filter, i64 0, i64 %zext_ln62" [cluster.cpp:62->cluster.cpp:23]   --->   Operation 30 'getelementptr' 'filter_addr' <Predicate = (!icmp_ln58)> <Delay = 0.00>
ST_1 : Operation 31 [2/2] (0.67ns)   --->   "%filter_load = load i4 %filter_addr" [cluster.cpp:62->cluster.cpp:23]   --->   Operation 31 'load' 'filter_load' <Predicate = (!icmp_ln58)> <Delay = 0.67> <CoreInst = "RAM">   --->   Core 82 'RAM' <Latency = 1> <II = 1> <Delay = 0.67> <Storage> <Opcode : 'load' 'store'> <Ports = 2> <Width = 4> <Depth = 9> <RAM>
ST_1 : Operation 32 [1/1] (0.54ns)   --->   "%add_ln59 = add i2 %select_ln49, i2 1" [cluster.cpp:59->cluster.cpp:23]   --->   Operation 32 'add' 'add_ln59' <Predicate = (!icmp_ln58)> <Delay = 0.54> <CoreInst = "Adder">   --->   Core 1 'Adder' <Latency = 0> <II = 1> <Delay = 0.54> <FuncUnit> <Opcode : 'add' 'sub'> <InPorts = 2> <OutPorts = 1>
ST_1 : Operation 33 [1/1] (0.42ns)   --->   "%store_ln58 = store i4 %add_ln58, i4 %indvar_flatten33" [cluster.cpp:58->cluster.cpp:23]   --->   Operation 33 'store' 'store_ln58' <Predicate = (!icmp_ln58)> <Delay = 0.42>
ST_1 : Operation 34 [1/1] (0.42ns)   --->   "%store_ln49 = store i2 %select_ln58, i2 %r" [cluster.cpp:49->cluster.cpp:23]   --->   Operation 34 'store' 'store_ln49' <Predicate = (!icmp_ln58)> <Delay = 0.42>
ST_1 : Operation 35 [1/1] (0.42ns)   --->   "%store_ln48 = store i2 %add_ln59, i2 %c" [cluster.cpp:48->cluster.cpp:23]   --->   Operation 35 'store' 'store_ln48' <Predicate = (!icmp_ln58)> <Delay = 0.42>
ST_1 : Operation 48 [1/1] (0.00ns)   --->   "%normal_factor_load = load i6 %normal_factor"   --->   Operation 48 'load' 'normal_factor_load' <Predicate = (icmp_ln58)> <Delay = 0.00>
ST_1 : Operation 49 [1/1] (0.00ns)   --->   "%write_ln0 = write void @_ssdm_op_Write.ap_auto.i6P0A, i6 %normal_factor_3_out, i6 %normal_factor_load"   --->   Operation 49 'write' 'write_ln0' <Predicate = (icmp_ln58)> <Delay = 0.00>
ST_1 : Operation 50 [1/1] (0.42ns)   --->   "%ret_ln0 = ret"   --->   Operation 50 'ret' 'ret_ln0' <Predicate = (icmp_ln58)> <Delay = 0.42>

State 2 <SV = 1> <Delay = 2.68>
ST_2 : Operation 36 [1/1] (0.00ns)   --->   "%normal_factor_load_1 = load i6 %normal_factor" [cluster.cpp:63->cluster.cpp:23]   --->   Operation 36 'load' 'normal_factor_load_1' <Predicate = true> <Delay = 0.00>
ST_2 : Operation 37 [1/1] (0.00ns)   --->   "%speclooptripcount_ln0 = speclooptripcount void @_ssdm_op_SpecLoopTripCount, i64 9, i64 9, i64 9"   --->   Operation 37 'speclooptripcount' 'speclooptripcount_ln0' <Predicate = true> <Delay = 0.00>
ST_2 : Operation 38 [1/1] (0.00ns)   --->   "%specpipeline_ln48 = specpipeline void @_ssdm_op_SpecPipeline, i32 4294967295, i32 0, i32 0, i32 0, void @empty_0" [cluster.cpp:48->cluster.cpp:23]   --->   Operation 38 'specpipeline' 'specpipeline_ln48' <Predicate = true> <Delay = 0.00>
ST_2 : Operation 39 [1/2] ( I:0.67ns O:0.67ns )   --->   "%filter_load = load i4 %filter_addr" [cluster.cpp:62->cluster.cpp:23]   --->   Operation 39 'load' 'filter_load' <Predicate = true> <Delay = 0.67> <CoreInst = "RAM">   --->   Core 82 'RAM' <Latency = 1> <II = 1> <Delay = 0.67> <Storage> <Opcode : 'load' 'store'> <Ports = 2> <Width = 4> <Depth = 9> <RAM>
ST_2 : Operation 40 [1/1] (0.00ns)   --->   "%empty_23 = trunc i4 %filter_load" [cluster.cpp:62->cluster.cpp:23]   --->   Operation 40 'trunc' 'empty_23' <Predicate = true> <Delay = 0.00>
ST_2 : Operation 41 [1/1] (0.67ns)   --->   "%neg15 = sub i3 0, i3 %empty_23" [cluster.cpp:62->cluster.cpp:23]   --->   Operation 41 'sub' 'neg15' <Predicate = true> <Delay = 0.67> <CoreInst = "Adder">   --->   Core 1 'Adder' <Latency = 0> <II = 1> <Delay = 0.67> <FuncUnit> <Opcode : 'add' 'sub'> <InPorts = 2> <OutPorts = 1>
ST_2 : Operation 42 [1/1] (0.79ns)   --->   "%abscond16 = icmp_sgt  i4 %filter_load, i4 0" [cluster.cpp:62->cluster.cpp:23]   --->   Operation 42 'icmp' 'abscond16' <Predicate = true> <Delay = 0.79> <CoreInst = "Cmp">   --->   Core 9 'Cmp' <Latency = 0> <II = 1> <Delay = 0.79> <FuncUnit> <Opcode : 'seteq' 'setne' 'setle' 'setge' 'setlt' 'setgt'> <InPorts = 2> <OutPorts = 1>
ST_2 : Operation 43 [1/1] (0.00ns) (grouped into LUT with out node normal_factor_2)   --->   "%p_d0_0 = select i1 %abscond16, i3 %empty_23, i3 %neg15" [cluster.cpp:62->cluster.cpp:23]   --->   Operation 43 'select' 'p_d0_0' <Predicate = true> <Delay = 0.00> <CoreInst = "Sel">   --->   Core 73 'Sel' <Latency = 0> <II = 1> <Delay = 0.20> <FuncUnit> <Opcode : 'select'> <InPorts = 3> <OutPorts = 1>
ST_2 : Operation 44 [1/1] (0.00ns) (grouped into LUT with out node normal_factor_2)   --->   "%zext_ln60 = zext i3 %p_d0_0" [cluster.cpp:60->cluster.cpp:23]   --->   Operation 44 'zext' 'zext_ln60' <Predicate = true> <Delay = 0.00>
ST_2 : Operation 45 [1/1] (0.78ns) (out node of the LUT)   --->   "%normal_factor_2 = add i6 %zext_ln60, i6 %normal_factor_load_1" [cluster.cpp:63->cluster.cpp:23]   --->   Operation 45 'add' 'normal_factor_2' <Predicate = true> <Delay = 0.78> <CoreInst = "Adder">   --->   Core 1 'Adder' <Latency = 0> <II = 1> <Delay = 0.78> <FuncUnit> <Opcode : 'add' 'sub'> <InPorts = 2> <OutPorts = 1>
ST_2 : Operation 46 [1/1] (0.42ns)   --->   "%store_ln50 = store i6 %normal_factor_2, i6 %normal_factor" [cluster.cpp:50->cluster.cpp:23]   --->   Operation 46 'store' 'store_ln50' <Predicate = true> <Delay = 0.42>
ST_2 : Operation 47 [1/1] (0.00ns)   --->   "%br_ln59 = br void %for.inc.i69" [cluster.cpp:59->cluster.cpp:23]   --->   Operation 47 'br' 'br_ln59' <Predicate = true> <Delay = 0.00>


============================================================
+ Verbose Summary: Binding
============================================================
STG Binding: 
---------------- STG Properties BEGIN ----------------
- Is combinational: 0
- Is one-state seq: 0
- Is datapath-only: 0
- Is pipelined: 0
- Is top level: 0
Port [ Return ] is wired: 1; IO mode=ap_ctrl_hs:ce=0
Port [ filter]:  wired=1; compound=1; hidden=0; nouse=0; global=0; static=0; extern=0; dir=0; type=1; pingpong=0; private_global=0; MemPort=[13]; IO mode=ap_memory:ce=0
Port [ normal_factor_3_out]:  wired=1; compound=0; hidden=0; nouse=0; global=0; static=0; extern=0; dir=1; type=0; pingpong=0; private_global=0; IO mode=ap_vld:ce=0
---------------- STG Properties END ------------------

---------------- Datapath Model BEGIN ----------------

<LifeTime>
<method=bitvector/>
normal_factor         (alloca           ) [ 011]
c                     (alloca           ) [ 010]
r                     (alloca           ) [ 010]
indvar_flatten33      (alloca           ) [ 010]
store_ln0             (store            ) [ 000]
store_ln49            (store            ) [ 000]
store_ln48            (store            ) [ 000]
store_ln50            (store            ) [ 000]
br_ln0                (br               ) [ 000]
indvar_flatten33_load (load             ) [ 000]
icmp_ln58             (icmp             ) [ 010]
add_ln58              (add              ) [ 000]
br_ln58               (br               ) [ 000]
c_load                (load             ) [ 000]
r_load                (load             ) [ 000]
icmp_ln59             (icmp             ) [ 000]
select_ln49           (select           ) [ 000]
add_ln58_1            (add              ) [ 000]
select_ln58           (select           ) [ 000]
zext_ln58             (zext             ) [ 000]
p_shl                 (bitconcatenate   ) [ 000]
empty                 (sub              ) [ 000]
zext_ln59             (zext             ) [ 000]
add_ln62              (add              ) [ 000]
zext_ln62             (zext             ) [ 000]
filter_addr           (getelementptr    ) [ 011]
add_ln59              (add              ) [ 000]
store_ln58            (store            ) [ 000]
store_ln49            (store            ) [ 000]
store_ln48            (store            ) [ 000]
normal_factor_load_1  (load             ) [ 000]
speclooptripcount_ln0 (speclooptripcount) [ 000]
specpipeline_ln48     (specpipeline     ) [ 000]
filter_load           (load             ) [ 000]
empty_23              (trunc            ) [ 000]
neg15                 (sub              ) [ 000]
abscond16             (icmp             ) [ 000]
p_d0_0                (select           ) [ 000]
zext_ln60             (zext             ) [ 000]
normal_factor_2       (add              ) [ 000]
store_ln50            (store            ) [ 000]
br_ln59               (br               ) [ 000]
normal_factor_load    (load             ) [ 000]
write_ln0             (write            ) [ 000]
ret_ln0               (ret              ) [ 000]
</LifeTime>

<model>

<comp_list>
<comp id="0" class="1000" name="filter">
<pin_list>
<pin id="1" dir="1" index="0" bw="1" slack="0"/>
</pin_list>
<bind>
<StgValue><ssdm name="filter"/><MemPortTyVec>1 3 </MemPortTyVec>
</StgValue>
</bind>
</comp>

<comp id="2" class="1000" name="normal_factor_3_out">
<pin_list>
<pin id="3" dir="1" index="0" bw="1" slack="0"/>
</pin_list>
<bind>
<StgValue><ssdm name="normal_factor_3_out"/></StgValue>
</bind>
</comp>

<comp id="4" class="1001" name="const_4">
<pin_list>
<pin id="5" dir="1" index="0" bw="1" slack="0"/>
</pin_list>
<bind>
<StgValue><ssdm name=""/></StgValue>
</bind>
</comp>

<comp id="6" class="1001" name="const_6">
<pin_list>
<pin id="7" dir="1" index="0" bw="1" slack="0"/>
</pin_list>
<bind>
<StgValue><ssdm name=""/></StgValue>
</bind>
</comp>

<comp id="8" class="1001" name="const_8">
<pin_list>
<pin id="9" dir="1" index="0" bw="1" slack="0"/>
</pin_list>
<bind>
<StgValue><ssdm name=""/></StgValue>
</bind>
</comp>

<comp id="10" class="1001" name="const_10">
<pin_list>
<pin id="11" dir="1" index="0" bw="1" slack="0"/>
</pin_list>
<bind>
<StgValue><ssdm name=""/></StgValue>
</bind>
</comp>

<comp id="12" class="1001" name="const_12">
<pin_list>
<pin id="13" dir="1" index="0" bw="1" slack="0"/>
</pin_list>
<bind>
<StgValue><ssdm name=""/></StgValue>
</bind>
</comp>

<comp id="14" class="1001" name="const_14">
<pin_list>
<pin id="15" dir="1" index="0" bw="1" slack="0"/>
</pin_list>
<bind>
<StgValue><ssdm name=""/></StgValue>
</bind>
</comp>

<comp id="16" class="1001" name="const_16">
<pin_list>
<pin id="17" dir="1" index="0" bw="1" slack="0"/>
</pin_list>
<bind>
<StgValue><ssdm name=""/></StgValue>
</bind>
</comp>

<comp id="18" class="1001" name="const_18">
<pin_list>
<pin id="19" dir="1" index="0" bw="1" slack="0"/>
</pin_list>
<bind>
<StgValue><ssdm name=""/></StgValue>
</bind>
</comp>

<comp id="20" class="1001" name="const_20">
<pin_list>
<pin id="21" dir="1" index="0" bw="1" slack="0"/>
</pin_list>
<bind>
<StgValue><ssdm name="_ssdm_op_BitConcatenate.i4.i2.i2"/></StgValue>
</bind>
</comp>

<comp id="22" class="1001" name="const_22">
<pin_list>
<pin id="23" dir="1" index="0" bw="1" slack="0"/>
</pin_list>
<bind>
<StgValue><ssdm name=""/></StgValue>
</bind>
</comp>

<comp id="24" class="1001" name="const_24">
<pin_list>
<pin id="25" dir="1" index="0" bw="1" slack="2147483647"/>
</pin_list>
<bind>
<StgValue><ssdm name="_ssdm_op_SpecLoopTripCount"/></StgValue>
</bind>
</comp>

<comp id="26" class="1001" name="const_26">
<pin_list>
<pin id="27" dir="1" index="0" bw="1" slack="2147483647"/>
</pin_list>
<bind>
<StgValue><ssdm name=""/></StgValue>
</bind>
</comp>

<comp id="28" class="1001" name="const_28">
<pin_list>
<pin id="29" dir="1" index="0" bw="1" slack="2147483647"/>
</pin_list>
<bind>
<StgValue><ssdm name="_ssdm_op_SpecPipeline"/></StgValue>
</bind>
</comp>

<comp id="30" class="1001" name="const_30">
<pin_list>
<pin id="31" dir="1" index="0" bw="1" slack="2147483647"/>
</pin_list>
<bind>
<StgValue><ssdm name=""/></StgValue>
</bind>
</comp>

<comp id="32" class="1001" name="const_32">
<pin_list>
<pin id="33" dir="1" index="0" bw="1" slack="2147483647"/>
</pin_list>
<bind>
<StgValue><ssdm name=""/></StgValue>
</bind>
</comp>

<comp id="34" class="1001" name="const_34">
<pin_list>
<pin id="35" dir="1" index="0" bw="1" slack="2147483647"/>
</pin_list>
<bind>
<StgValue><ssdm name="empty_0"/></StgValue>
</bind>
</comp>

<comp id="36" class="1001" name="const_36">
<pin_list>
<pin id="37" dir="1" index="0" bw="1" slack="0"/>
</pin_list>
<bind>
<StgValue><ssdm name=""/></StgValue>
</bind>
</comp>

<comp id="38" class="1001" name="const_38">
<pin_list>
<pin id="39" dir="1" index="0" bw="1" slack="0"/>
</pin_list>
<bind>
<StgValue><ssdm name="_ssdm_op_Write.ap_auto.i6P0A"/></StgValue>
</bind>
</comp>

<comp id="40" class="1004" name="normal_factor_fu_40">
<pin_list>
<pin id="41" dir="0" index="0" bw="1" slack="0"/>
<pin id="42" dir="1" index="1" bw="6" slack="0"/>
</pin_list>
<bind>
<opcode="alloca(26) " fcode="alloca"/>
<opset="normal_factor/1 "/>
</bind>
</comp>

<comp id="44" class="1004" name="c_fu_44">
<pin_list>
<pin id="45" dir="0" index="0" bw="1" slack="0"/>
<pin id="46" dir="1" index="1" bw="2" slack="0"/>
</pin_list>
<bind>
<opcode="alloca(26) " fcode="alloca"/>
<opset="c/1 "/>
</bind>
</comp>

<comp id="48" class="1004" name="r_fu_48">
<pin_list>
<pin id="49" dir="0" index="0" bw="1" slack="0"/>
<pin id="50" dir="1" index="1" bw="2" slack="0"/>
</pin_list>
<bind>
<opcode="alloca(26) " fcode="alloca"/>
<opset="r/1 "/>
</bind>
</comp>

<comp id="52" class="1004" name="indvar_flatten33_fu_52">
<pin_list>
<pin id="53" dir="0" index="0" bw="1" slack="0"/>
<pin id="54" dir="1" index="1" bw="4" slack="0"/>
</pin_list>
<bind>
<opcode="alloca(26) " fcode="alloca"/>
<opset="indvar_flatten33/1 "/>
</bind>
</comp>

<comp id="56" class="1004" name="write_ln0_write_fu_56">
<pin_list>
<pin id="57" dir="0" index="0" bw="0" slack="0"/>
<pin id="58" dir="0" index="1" bw="6" slack="0"/>
<pin id="59" dir="0" index="2" bw="6" slack="0"/>
<pin id="60" dir="1" index="3" bw="0" slack="2147483647"/>
</pin_list>
<bind>
<opcode="write(1151) " fcode="write"/>
<opset="write_ln0/1 "/>
</bind>
</comp>

<comp id="63" class="1004" name="filter_addr_gep_fu_63">
<pin_list>
<pin id="64" dir="0" index="0" bw="4" slack="0"/>
<pin id="65" dir="0" index="1" bw="1" slack="0"/>
<pin id="66" dir="0" index="2" bw="4" slack="0"/>
<pin id="67" dir="1" index="3" bw="4" slack="0"/>
</pin_list>
<bind>
<opcode="getelementptr(29) " fcode="getelementptr"/>
<opset="filter_addr/1 "/>
</bind>
</comp>

<comp id="70" class="1004" name="grp_access_fu_70">
<pin_list>
<pin id="71" dir="0" index="0" bw="4" slack="0"/>
<pin id="72" dir="0" index="1" bw="4" slack="2147483647"/>
<pin id="73" dir="0" index="2" bw="0" slack="2147483647"/>
<pin id="74" dir="1" index="3" bw="4" slack="0"/>
</pin_list>
<bind>
<opcode="load(27) " fcode="load"/>
<opset="filter_load/1 "/>
</bind>
</comp>

<comp id="76" class="1004" name="store_ln0_store_fu_76">
<pin_list>
<pin id="77" dir="0" index="0" bw="1" slack="0"/>
<pin id="78" dir="0" index="1" bw="4" slack="0"/>
<pin id="79" dir="1" index="2" bw="0" slack="2147483647"/>
</pin_list>
<bind>
<opcode="store(28) " fcode="store"/>
<opset="store_ln0/1 "/>
</bind>
</comp>

<comp id="81" class="1004" name="store_ln49_store_fu_81">
<pin_list>
<pin id="82" dir="0" index="0" bw="1" slack="0"/>
<pin id="83" dir="0" index="1" bw="2" slack="0"/>
<pin id="84" dir="1" index="2" bw="0" slack="2147483647"/>
</pin_list>
<bind>
<opcode="store(28) " fcode="store"/>
<opset="store_ln49/1 "/>
</bind>
</comp>

<comp id="86" class="1004" name="store_ln48_store_fu_86">
<pin_list>
<pin id="87" dir="0" index="0" bw="1" slack="0"/>
<pin id="88" dir="0" index="1" bw="2" slack="0"/>
<pin id="89" dir="1" index="2" bw="0" slack="2147483647"/>
</pin_list>
<bind>
<opcode="store(28) " fcode="store"/>
<opset="store_ln48/1 "/>
</bind>
</comp>

<comp id="91" class="1004" name="store_ln50_store_fu_91">
<pin_list>
<pin id="92" dir="0" index="0" bw="1" slack="0"/>
<pin id="93" dir="0" index="1" bw="6" slack="0"/>
<pin id="94" dir="1" index="2" bw="0" slack="2147483647"/>
</pin_list>
<bind>
<opcode="store(28) " fcode="store"/>
<opset="store_ln50/1 "/>
</bind>
</comp>

<comp id="96" class="1004" name="indvar_flatten33_load_load_fu_96">
<pin_list>
<pin id="97" dir="0" index="0" bw="4" slack="0"/>
<pin id="98" dir="1" index="1" bw="4" slack="0"/>
</pin_list>
<bind>
<opcode="load(27) " fcode="load"/>
<opset="indvar_flatten33_load/1 "/>
</bind>
</comp>

<comp id="99" class="1004" name="icmp_ln58_fu_99">
<pin_list>
<pin id="100" dir="0" index="0" bw="4" slack="0"/>
<pin id="101" dir="0" index="1" bw="4" slack="0"/>
<pin id="102" dir="1" index="2" bw="1" slack="2147483647"/>
</pin_list>
<bind>
<opcode="icmp(45) " fcode="icmp"/>
<opset="icmp_ln58/1 "/>
</bind>
</comp>

<comp id="105" class="1004" name="add_ln58_fu_105">
<pin_list>
<pin id="106" dir="0" index="0" bw="4" slack="0"/>
<pin id="107" dir="0" index="1" bw="1" slack="0"/>
<pin id="108" dir="1" index="2" bw="4" slack="0"/>
</pin_list>
<bind>
<opcode="add(8) " fcode="add"/>
<opset="add_ln58/1 "/>
</bind>
</comp>

<comp id="111" class="1004" name="c_load_load_fu_111">
<pin_list>
<pin id="112" dir="0" index="0" bw="2" slack="0"/>
<pin id="113" dir="1" index="1" bw="2" slack="0"/>
</pin_list>
<bind>
<opcode="load(27) " fcode="load"/>
<opset="c_load/1 "/>
</bind>
</comp>

<comp id="114" class="1004" name="r_load_load_fu_114">
<pin_list>
<pin id="115" dir="0" index="0" bw="2" slack="0"/>
<pin id="116" dir="1" index="1" bw="2" slack="0"/>
</pin_list>
<bind>
<opcode="load(27) " fcode="load"/>
<opset="r_load/1 "/>
</bind>
</comp>

<comp id="117" class="1004" name="icmp_ln59_fu_117">
<pin_list>
<pin id="118" dir="0" index="0" bw="2" slack="0"/>
<pin id="119" dir="0" index="1" bw="2" slack="0"/>
<pin id="120" dir="1" index="2" bw="1" slack="0"/>
</pin_list>
<bind>
<opcode="icmp(45) " fcode="icmp"/>
<opset="icmp_ln59/1 "/>
</bind>
</comp>

<comp id="123" class="1004" name="select_ln49_fu_123">
<pin_list>
<pin id="124" dir="0" index="0" bw="1" slack="0"/>
<pin id="125" dir="0" index="1" bw="2" slack="0"/>
<pin id="126" dir="0" index="2" bw="2" slack="0"/>
<pin id="127" dir="1" index="3" bw="2" slack="0"/>
</pin_list>
<bind>
<opcode="select(49) " fcode="select"/>
<opset="select_ln49/1 "/>
</bind>
</comp>

<comp id="131" class="1004" name="add_ln58_1_fu_131">
<pin_list>
<pin id="132" dir="0" index="0" bw="2" slack="0"/>
<pin id="133" dir="0" index="1" bw="1" slack="0"/>
<pin id="134" dir="1" index="2" bw="2" slack="0"/>
</pin_list>
<bind>
<opcode="add(8) " fcode="add"/>
<opset="add_ln58_1/1 "/>
</bind>
</comp>

<comp id="137" class="1004" name="select_ln58_fu_137">
<pin_list>
<pin id="138" dir="0" index="0" bw="1" slack="0"/>
<pin id="139" dir="0" index="1" bw="2" slack="0"/>
<pin id="140" dir="0" index="2" bw="2" slack="0"/>
<pin id="141" dir="1" index="3" bw="2" slack="0"/>
</pin_list>
<bind>
<opcode="select(49) " fcode="select"/>
<opset="select_ln58/1 "/>
</bind>
</comp>

<comp id="145" class="1004" name="zext_ln58_fu_145">
<pin_list>
<pin id="146" dir="0" index="0" bw="2" slack="0"/>
<pin id="147" dir="1" index="1" bw="4" slack="0"/>
</pin_list>
<bind>
<opcode="zext(34) " fcode="zext"/>
<opset="zext_ln58/1 "/>
</bind>
</comp>

<comp id="149" class="1004" name="p_shl_fu_149">
<pin_list>
<pin id="150" dir="0" index="0" bw="4" slack="0"/>
<pin id="151" dir="0" index="1" bw="2" slack="0"/>
<pin id="152" dir="0" index="2" bw="1" slack="0"/>
<pin id="153" dir="1" index="3" bw="4" slack="0"/>
</pin_list>
<bind>
<opcode="bitconcatenate(1004) " fcode="bitconcatenate"/>
<opset="p_shl/1 "/>
</bind>
</comp>

<comp id="157" class="1004" name="empty_fu_157">
<pin_list>
<pin id="158" dir="0" index="0" bw="4" slack="0"/>
<pin id="159" dir="0" index="1" bw="2" slack="0"/>
<pin id="160" dir="1" index="2" bw="4" slack="0"/>
</pin_list>
<bind>
<opcode="sub(10) " fcode="sub"/>
<opset="empty/1 "/>
</bind>
</comp>

<comp id="163" class="1004" name="zext_ln59_fu_163">
<pin_list>
<pin id="164" dir="0" index="0" bw="2" slack="0"/>
<pin id="165" dir="1" index="1" bw="4" slack="0"/>
</pin_list>
<bind>
<opcode="zext(34) " fcode="zext"/>
<opset="zext_ln59/1 "/>
</bind>
</comp>

<comp id="167" class="1004" name="add_ln62_fu_167">
<pin_list>
<pin id="168" dir="0" index="0" bw="2" slack="0"/>
<pin id="169" dir="0" index="1" bw="4" slack="0"/>
<pin id="170" dir="1" index="2" bw="4" slack="0"/>
</pin_list>
<bind>
<opcode="add(8) " fcode="add"/>
<opset="add_ln62/1 "/>
</bind>
</comp>

<comp id="173" class="1004" name="zext_ln62_fu_173">
<pin_list>
<pin id="174" dir="0" index="0" bw="4" slack="0"/>
<pin id="175" dir="1" index="1" bw="64" slack="0"/>
</pin_list>
<bind>
<opcode="zext(34) " fcode="zext"/>
<opset="zext_ln62/1 "/>
</bind>
</comp>

<comp id="178" class="1004" name="add_ln59_fu_178">
<pin_list>
<pin id="179" dir="0" index="0" bw="2" slack="0"/>
<pin id="180" dir="0" index="1" bw="1" slack="0"/>
<pin id="181" dir="1" index="2" bw="2" slack="0"/>
</pin_list>
<bind>
<opcode="add(8) " fcode="add"/>
<opset="add_ln59/1 "/>
</bind>
</comp>

<comp id="184" class="1004" name="store_ln58_store_fu_184">
<pin_list>
<pin id="185" dir="0" index="0" bw="4" slack="0"/>
<pin id="186" dir="0" index="1" bw="4" slack="0"/>
<pin id="187" dir="1" index="2" bw="0" slack="2147483647"/>
</pin_list>
<bind>
<opcode="store(28) " fcode="store"/>
<opset="store_ln58/1 "/>
</bind>
</comp>

<comp id="189" class="1004" name="store_ln49_store_fu_189">
<pin_list>
<pin id="190" dir="0" index="0" bw="2" slack="0"/>
<pin id="191" dir="0" index="1" bw="2" slack="0"/>
<pin id="192" dir="1" index="2" bw="0" slack="2147483647"/>
</pin_list>
<bind>
<opcode="store(28) " fcode="store"/>
<opset="store_ln49/1 "/>
</bind>
</comp>

<comp id="194" class="1004" name="store_ln48_store_fu_194">
<pin_list>
<pin id="195" dir="0" index="0" bw="2" slack="0"/>
<pin id="196" dir="0" index="1" bw="2" slack="0"/>
<pin id="197" dir="1" index="2" bw="0" slack="2147483647"/>
</pin_list>
<bind>
<opcode="store(28) " fcode="store"/>
<opset="store_ln48/1 "/>
</bind>
</comp>

<comp id="199" class="1004" name="normal_factor_load_1_load_fu_199">
<pin_list>
<pin id="200" dir="0" index="0" bw="6" slack="1"/>
<pin id="201" dir="1" index="1" bw="6" slack="0"/>
</pin_list>
<bind>
<opcode="load(27) " fcode="load"/>
<opset="normal_factor_load_1/2 "/>
</bind>
</comp>

<comp id="202" class="1004" name="empty_23_fu_202">
<pin_list>
<pin id="203" dir="0" index="0" bw="4" slack="0"/>
<pin id="204" dir="1" index="1" bw="3" slack="0"/>
</pin_list>
<bind>
<opcode="trunc(33) " fcode="trunc"/>
<opset="empty_23/2 "/>
</bind>
</comp>

<comp id="206" class="1004" name="neg15_fu_206">
<pin_list>
<pin id="207" dir="0" index="0" bw="1" slack="0"/>
<pin id="208" dir="0" index="1" bw="3" slack="0"/>
<pin id="209" dir="1" index="2" bw="3" slack="0"/>
</pin_list>
<bind>
<opcode="sub(10) " fcode="sub"/>
<opset="neg15/2 "/>
</bind>
</comp>

<comp id="212" class="1004" name="abscond16_fu_212">
<pin_list>
<pin id="213" dir="0" index="0" bw="4" slack="0"/>
<pin id="214" dir="0" index="1" bw="4" slack="0"/>
<pin id="215" dir="1" index="2" bw="1" slack="0"/>
</pin_list>
<bind>
<opcode="icmp(45) " fcode="icmp"/>
<opset="abscond16/2 "/>
</bind>
</comp>

<comp id="218" class="1004" name="p_d0_0_fu_218">
<pin_list>
<pin id="219" dir="0" index="0" bw="1" slack="0"/>
<pin id="220" dir="0" index="1" bw="3" slack="0"/>
<pin id="221" dir="0" index="2" bw="3" slack="0"/>
<pin id="222" dir="1" index="3" bw="3" slack="0"/>
</pin_list>
<bind>
<opcode="select(49) " fcode="select"/>
<opset="p_d0_0/2 "/>
</bind>
</comp>

<comp id="226" class="1004" name="zext_ln60_fu_226">
<pin_list>
<pin id="227" dir="0" index="0" bw="3" slack="0"/>
<pin id="228" dir="1" index="1" bw="6" slack="0"/>
</pin_list>
<bind>
<opcode="zext(34) " fcode="zext"/>
<opset="zext_ln60/2 "/>
</bind>
</comp>

<comp id="230" class="1004" name="normal_factor_2_fu_230">
<pin_list>
<pin id="231" dir="0" index="0" bw="3" slack="0"/>
<pin id="232" dir="0" index="1" bw="6" slack="0"/>
<pin id="233" dir="1" index="2" bw="6" slack="0"/>
</pin_list>
<bind>
<opcode="add(8) " fcode="add"/>
<opset="normal_factor_2/2 "/>
</bind>
</comp>

<comp id="236" class="1004" name="store_ln50_store_fu_236">
<pin_list>
<pin id="237" dir="0" index="0" bw="6" slack="0"/>
<pin id="238" dir="0" index="1" bw="6" slack="1"/>
<pin id="239" dir="1" index="2" bw="0" slack="2147483647"/>
</pin_list>
<bind>
<opcode="store(28) " fcode="store"/>
<opset="store_ln50/2 "/>
</bind>
</comp>

<comp id="241" class="1004" name="normal_factor_load_load_fu_241">
<pin_list>
<pin id="242" dir="0" index="0" bw="6" slack="0"/>
<pin id="243" dir="1" index="1" bw="6" slack="0"/>
</pin_list>
<bind>
<opcode="load(27) " fcode="load"/>
<opset="normal_factor_load/1 "/>
</bind>
</comp>

<comp id="245" class="1005" name="normal_factor_reg_245">
<pin_list>
<pin id="246" dir="0" index="0" bw="6" slack="0"/>
<pin id="247" dir="1" index="1" bw="6" slack="0"/>
</pin_list>
<bind>
<opset="normal_factor "/>
</bind>
</comp>

<comp id="253" class="1005" name="c_reg_253">
<pin_list>
<pin id="254" dir="0" index="0" bw="2" slack="0"/>
<pin id="255" dir="1" index="1" bw="2" slack="0"/>
</pin_list>
<bind>
<opset="c "/>
</bind>
</comp>

<comp id="260" class="1005" name="r_reg_260">
<pin_list>
<pin id="261" dir="0" index="0" bw="2" slack="0"/>
<pin id="262" dir="1" index="1" bw="2" slack="0"/>
</pin_list>
<bind>
<opset="r "/>
</bind>
</comp>

<comp id="267" class="1005" name="indvar_flatten33_reg_267">
<pin_list>
<pin id="268" dir="0" index="0" bw="4" slack="0"/>
<pin id="269" dir="1" index="1" bw="4" slack="0"/>
</pin_list>
<bind>
<opset="indvar_flatten33 "/>
</bind>
</comp>

<comp id="277" class="1005" name="filter_addr_reg_277">
<pin_list>
<pin id="278" dir="0" index="0" bw="4" slack="1"/>
<pin id="279" dir="1" index="1" bw="4" slack="1"/>
</pin_list>
<bind>
<opset="filter_addr "/>
</bind>
</comp>

</comp_list>

<net_list>
<net id="43"><net_src comp="4" pin="0"/><net_sink comp="40" pin=0"/></net>

<net id="47"><net_src comp="4" pin="0"/><net_sink comp="44" pin=0"/></net>

<net id="51"><net_src comp="4" pin="0"/><net_sink comp="48" pin=0"/></net>

<net id="55"><net_src comp="4" pin="0"/><net_sink comp="52" pin=0"/></net>

<net id="61"><net_src comp="38" pin="0"/><net_sink comp="56" pin=0"/></net>

<net id="62"><net_src comp="2" pin="0"/><net_sink comp="56" pin=1"/></net>

<net id="68"><net_src comp="0" pin="0"/><net_sink comp="63" pin=0"/></net>

<net id="69"><net_src comp="22" pin="0"/><net_sink comp="63" pin=1"/></net>

<net id="75"><net_src comp="63" pin="3"/><net_sink comp="70" pin=0"/></net>

<net id="80"><net_src comp="6" pin="0"/><net_sink comp="76" pin=0"/></net>

<net id="85"><net_src comp="8" pin="0"/><net_sink comp="81" pin=0"/></net>

<net id="90"><net_src comp="8" pin="0"/><net_sink comp="86" pin=0"/></net>

<net id="95"><net_src comp="10" pin="0"/><net_sink comp="91" pin=0"/></net>

<net id="103"><net_src comp="96" pin="1"/><net_sink comp="99" pin=0"/></net>

<net id="104"><net_src comp="12" pin="0"/><net_sink comp="99" pin=1"/></net>

<net id="109"><net_src comp="96" pin="1"/><net_sink comp="105" pin=0"/></net>

<net id="110"><net_src comp="14" pin="0"/><net_sink comp="105" pin=1"/></net>

<net id="121"><net_src comp="111" pin="1"/><net_sink comp="117" pin=0"/></net>

<net id="122"><net_src comp="16" pin="0"/><net_sink comp="117" pin=1"/></net>

<net id="128"><net_src comp="117" pin="2"/><net_sink comp="123" pin=0"/></net>

<net id="129"><net_src comp="8" pin="0"/><net_sink comp="123" pin=1"/></net>

<net id="130"><net_src comp="111" pin="1"/><net_sink comp="123" pin=2"/></net>

<net id="135"><net_src comp="114" pin="1"/><net_sink comp="131" pin=0"/></net>

<net id="136"><net_src comp="18" pin="0"/><net_sink comp="131" pin=1"/></net>

<net id="142"><net_src comp="117" pin="2"/><net_sink comp="137" pin=0"/></net>

<net id="143"><net_src comp="131" pin="2"/><net_sink comp="137" pin=1"/></net>

<net id="144"><net_src comp="114" pin="1"/><net_sink comp="137" pin=2"/></net>

<net id="148"><net_src comp="137" pin="3"/><net_sink comp="145" pin=0"/></net>

<net id="154"><net_src comp="20" pin="0"/><net_sink comp="149" pin=0"/></net>

<net id="155"><net_src comp="137" pin="3"/><net_sink comp="149" pin=1"/></net>

<net id="156"><net_src comp="8" pin="0"/><net_sink comp="149" pin=2"/></net>

<net id="161"><net_src comp="149" pin="3"/><net_sink comp="157" pin=0"/></net>

<net id="162"><net_src comp="145" pin="1"/><net_sink comp="157" pin=1"/></net>

<net id="166"><net_src comp="123" pin="3"/><net_sink comp="163" pin=0"/></net>

<net id="171"><net_src comp="163" pin="1"/><net_sink comp="167" pin=0"/></net>

<net id="172"><net_src comp="157" pin="2"/><net_sink comp="167" pin=1"/></net>

<net id="176"><net_src comp="167" pin="2"/><net_sink comp="173" pin=0"/></net>

<net id="177"><net_src comp="173" pin="1"/><net_sink comp="63" pin=2"/></net>

<net id="182"><net_src comp="123" pin="3"/><net_sink comp="178" pin=0"/></net>

<net id="183"><net_src comp="18" pin="0"/><net_sink comp="178" pin=1"/></net>

<net id="188"><net_src comp="105" pin="2"/><net_sink comp="184" pin=0"/></net>

<net id="193"><net_src comp="137" pin="3"/><net_sink comp="189" pin=0"/></net>

<net id="198"><net_src comp="178" pin="2"/><net_sink comp="194" pin=0"/></net>

<net id="205"><net_src comp="70" pin="3"/><net_sink comp="202" pin=0"/></net>

<net id="210"><net_src comp="36" pin="0"/><net_sink comp="206" pin=0"/></net>

<net id="211"><net_src comp="202" pin="1"/><net_sink comp="206" pin=1"/></net>

<net id="216"><net_src comp="70" pin="3"/><net_sink comp="212" pin=0"/></net>

<net id="217"><net_src comp="6" pin="0"/><net_sink comp="212" pin=1"/></net>

<net id="223"><net_src comp="212" pin="2"/><net_sink comp="218" pin=0"/></net>

<net id="224"><net_src comp="202" pin="1"/><net_sink comp="218" pin=1"/></net>

<net id="225"><net_src comp="206" pin="2"/><net_sink comp="218" pin=2"/></net>

<net id="229"><net_src comp="218" pin="3"/><net_sink comp="226" pin=0"/></net>

<net id="234"><net_src comp="226" pin="1"/><net_sink comp="230" pin=0"/></net>

<net id="235"><net_src comp="199" pin="1"/><net_sink comp="230" pin=1"/></net>

<net id="240"><net_src comp="230" pin="2"/><net_sink comp="236" pin=0"/></net>

<net id="244"><net_src comp="241" pin="1"/><net_sink comp="56" pin=2"/></net>

<net id="248"><net_src comp="40" pin="1"/><net_sink comp="245" pin=0"/></net>

<net id="249"><net_src comp="245" pin="1"/><net_sink comp="91" pin=1"/></net>

<net id="250"><net_src comp="245" pin="1"/><net_sink comp="199" pin=0"/></net>

<net id="251"><net_src comp="245" pin="1"/><net_sink comp="236" pin=1"/></net>

<net id="252"><net_src comp="245" pin="1"/><net_sink comp="241" pin=0"/></net>

<net id="256"><net_src comp="44" pin="1"/><net_sink comp="253" pin=0"/></net>

<net id="257"><net_src comp="253" pin="1"/><net_sink comp="86" pin=1"/></net>

<net id="258"><net_src comp="253" pin="1"/><net_sink comp="111" pin=0"/></net>

<net id="259"><net_src comp="253" pin="1"/><net_sink comp="194" pin=1"/></net>

<net id="263"><net_src comp="48" pin="1"/><net_sink comp="260" pin=0"/></net>

<net id="264"><net_src comp="260" pin="1"/><net_sink comp="81" pin=1"/></net>

<net id="265"><net_src comp="260" pin="1"/><net_sink comp="114" pin=0"/></net>

<net id="266"><net_src comp="260" pin="1"/><net_sink comp="189" pin=1"/></net>

<net id="270"><net_src comp="52" pin="1"/><net_sink comp="267" pin=0"/></net>

<net id="271"><net_src comp="267" pin="1"/><net_sink comp="76" pin=1"/></net>

<net id="272"><net_src comp="267" pin="1"/><net_sink comp="96" pin=0"/></net>

<net id="273"><net_src comp="267" pin="1"/><net_sink comp="184" pin=1"/></net>

<net id="280"><net_src comp="63" pin="3"/><net_sink comp="277" pin=0"/></net>

<net id="281"><net_src comp="277" pin="1"/><net_sink comp="70" pin=0"/></net>

</net_list>

</model> 
---------------- Datapath Model END ------------------

* FSMD analyzer results:
  - Output states:
	Port: normal_factor_3_out | {1 }
 - Input state : 
	Port: edge_detect_hw_Pipeline_5 : filter | {1 2 }
  - Chain level:
	State 1
		store_ln0 : 1
		store_ln49 : 1
		store_ln48 : 1
		store_ln50 : 1
		indvar_flatten33_load : 1
		icmp_ln58 : 2
		add_ln58 : 2
		br_ln58 : 3
		c_load : 1
		r_load : 1
		icmp_ln59 : 2
		select_ln49 : 3
		add_ln58_1 : 2
		select_ln58 : 3
		zext_ln58 : 4
		p_shl : 4
		empty : 5
		zext_ln59 : 4
		add_ln62 : 6
		zext_ln62 : 7
		filter_addr : 8
		filter_load : 9
		add_ln59 : 4
		store_ln58 : 3
		store_ln49 : 4
		store_ln48 : 5
		normal_factor_load : 1
		write_ln0 : 2
	State 2
		empty_23 : 1
		neg15 : 2
		abscond16 : 1
		p_d0_0 : 3
		zext_ln60 : 4
		normal_factor_2 : 5
		store_ln50 : 6


============================================================
+ Verbose Summary: Datapath Resource usage 
============================================================

* Functional unit list:
|----------|------------------------|---------|---------|
| Operation|     Functional Unit    |    FF   |   LUT   |
|----------|------------------------|---------|---------|
|          |     add_ln58_fu_105    |    0    |    12   |
|          |    add_ln58_1_fu_131   |    0    |    9    |
|    add   |     add_ln62_fu_167    |    0    |    7    |
|          |     add_ln59_fu_178    |    0    |    9    |
|          | normal_factor_2_fu_230 |    0    |    13   |
|----------|------------------------|---------|---------|
|          |     icmp_ln58_fu_99    |    0    |    12   |
|   icmp   |    icmp_ln59_fu_117    |    0    |    9    |
|          |    abscond16_fu_212    |    0    |    12   |
|----------|------------------------|---------|---------|
|    sub   |      empty_fu_157      |    0    |    7    |
|          |      neg15_fu_206      |    0    |    10   |
|----------|------------------------|---------|---------|
|          |   select_ln49_fu_123   |    0    |    2    |
|  select  |   select_ln58_fu_137   |    0    |    2    |
|          |      p_d0_0_fu_218     |    0    |    3    |
|----------|------------------------|---------|---------|
|   write  |  write_ln0_write_fu_56 |    0    |    0    |
|----------|------------------------|---------|---------|
|          |    zext_ln58_fu_145    |    0    |    0    |
|   zext   |    zext_ln59_fu_163    |    0    |    0    |
|          |    zext_ln62_fu_173    |    0    |    0    |
|          |    zext_ln60_fu_226    |    0    |    0    |
|----------|------------------------|---------|---------|
|bitconcatenate|      p_shl_fu_149      |    0    |    0    |
|----------|------------------------|---------|---------|
|   trunc  |     empty_23_fu_202    |    0    |    0    |
|----------|------------------------|---------|---------|
|   Total  |                        |    0    |   107   |
|----------|------------------------|---------|---------|

Memories:
N/A

* Register list:
+------------------------+--------+
|                        |   FF   |
+------------------------+--------+
|        c_reg_253       |    2   |
|   filter_addr_reg_277  |    4   |
|indvar_flatten33_reg_267|    4   |
|  normal_factor_reg_245 |    6   |
|        r_reg_260       |    2   |
+------------------------+--------+
|          Total         |   18   |
+------------------------+--------+

* Multiplexer (MUX) list: 
|------------------|------|------|------|--------||---------||---------||---------|
|       Comp       |  Pin | Size |  BW  | S x BW ||  Delay  ||    FF   ||   LUT   |
|------------------|------|------|------|--------||---------||---------||---------|
| grp_access_fu_70 |  p0  |   2  |   4  |    8   ||    0    ||    9    |
|------------------|------|------|------|--------||---------||---------||---------|
|       Total      |      |      |      |    8   ||  0.427  ||    0    ||    9    |
|------------------|------|------|------|--------||---------||---------||---------|



* Summary:
+-----------+--------+--------+--------+
|           |  Delay |   FF   |   LUT  |
+-----------+--------+--------+--------+
|  Function |    -   |    0   |   107  |
|   Memory  |    -   |    -   |    -   |
|Multiplexer|    0   |    0   |    9   |
|  Register |    -   |   18   |    -   |
+-----------+--------+--------+--------+
|   Total   |    0   |   18   |   116  |
+-----------+--------+--------+--------+
