

================================================================
== Vitis HLS Report for 'convolve2d_rep0_hw'
================================================================
* Date:           Tue Sep  8 13:52:58 2026

* Version:        2024.2.2 (Build 6049644 on Mar  5 2025)
* Project:        final
* Solution:       hls (Vitis Kernel Flow Target)
* Product family: zynquplus
* Target device:  xczu9eg-ffvb1156-2-e


================================================================
== Performance Estimates
================================================================
+ Timing: 
    * Summary: 
    +--------+---------+----------+------------+
    |  Clock |  Target | Estimated| Uncertainty|
    +--------+---------+----------+------------+
    |ap_clk  |  6.67 ns|  4.667 ns|     2.00 ns|
    +--------+---------+----------+------------+

+ Latency: 
    * Summary: 
    +---------+---------+-----------+-----------+---------+---------+---------+
    |  Latency (cycles) |   Latency (absolute)  |      Interval     | Pipeline|
    |   min   |   max   |    min    |    max    |   min   |   max   |   Type  |
    +---------+---------+-----------+-----------+---------+---------+---------+
    |  4682066|  4682066|  31.215 ms|  31.215 ms|  4682067|  4682067|       no|
    +---------+---------+-----------+-----------+---------+---------+---------+

    + Detail: 
        * Instance: 
        N/A

        * Loop: 
        N/A

============================================================
+ Verbose Summary: Synthesis Manager
============================================================
InlineROM: 1
ExposeGlobal: 0
============================================================
+ Verbose Summary: CDFG Model
============================================================
IsTopModel: 1
ResetActiveHigh: 1
IsCombinational: 0
IsDatapathOnly: 0
HasWiredReturn: 1
HasMFsm: 0
HasVarLatency: 1
IsPipeline: 0
IsRtlPipelined: 0
IsInstanceOverlapped: 0
IsDontTouch: 0
HasImplIP: 0
IsGatedGlobalClock: 0


============================================================
+ Verbose Summary: Schedule
============================================================
* Number of FSM states : 76
* Pipeline : 0
* Dataflow Pipeline: 0

* FSM state transitions: 
1 --> 2 
2 --> 3 
3 --> 4 
4 --> 5 
5 --> 6 
6 --> 7 
7 --> 8 
8 --> 9 
9 --> 10 
10 --> 11 
11 --> 12 
12 --> 13 
13 --> 14 
14 --> 15 
15 --> 16 
16 --> 17 
17 --> 18 
18 --> 19 
19 --> 20 
20 --> 21 
21 --> 22 
22 --> 23 
23 --> 24 
24 --> 25 
25 --> 26 
26 --> 27 
27 --> 28 
28 --> 29 
29 --> 30 
30 --> 31 
31 --> 32 
32 --> 33 
33 --> 34 
34 --> 35 
35 --> 36 
36 --> 37 
37 --> 38 
38 --> 39 
39 --> 40 
40 --> 41 
41 --> 42 
42 --> 43 
43 --> 44 
44 --> 45 
45 --> 46 
46 --> 47 
47 --> 48 
48 --> 49 
49 --> 50 
50 --> 51 
51 --> 52 
52 --> 53 
53 --> 54 
54 --> 55 
55 --> 56 
56 --> 57 
57 --> 58 
58 --> 59 
59 --> 60 
60 --> 61 
61 --> 62 
62 --> 63 
63 --> 64 
64 --> 65 
65 --> 66 
66 --> 67 
67 --> 68 
68 --> 69 
69 --> 70 
70 --> 71 
71 --> 72 
72 --> 73 
73 --> 74 
74 --> 75 
75 --> 76 
76 --> 

* FSM state operations: 

State 1 <SV = 0> <Delay = 1.00>
ST_1 : Operation 77 [1/1] (1.00ns)   --->   "%output_image_read = read i64 @_ssdm_op_Read.s_axilite.i64, i64 %output_image"   --->   Operation 77 'read' 'output_image_read' <Predicate = true> <Delay = 1.00> <CoreInst = "s_axilite">   --->   Core 120 's_axilite' <Latency = 0> <II = 1> <Delay = 1.00> <Adapter> <Opcode : 'read' 'write'>
ST_1 : Operation 78 [1/1] (1.00ns)   --->   "%filter_read = read i64 @_ssdm_op_Read.s_axilite.i64, i64 %filter"   --->   Operation 78 'read' 'filter_read' <Predicate = true> <Delay = 1.00> <CoreInst = "s_axilite">   --->   Core 120 's_axilite' <Latency = 0> <II = 1> <Delay = 1.00> <Adapter> <Opcode : 'read' 'write'>
ST_1 : Operation 79 [1/1] (1.00ns)   --->   "%input_image_read = read i64 @_ssdm_op_Read.s_axilite.i64, i64 %input_image"   --->   Operation 79 'read' 'input_image_read' <Predicate = true> <Delay = 1.00> <CoreInst = "s_axilite">   --->   Core 120 's_axilite' <Latency = 0> <II = 1> <Delay = 1.00> <Adapter> <Opcode : 'read' 'write'>
ST_1 : Operation 80 [1/1] (0.00ns)   --->   "%normal_factor_1_loc = alloca i64 1"   --->   Operation 80 'alloca' 'normal_factor_1_loc' <Predicate = true> <Delay = 0.00>
ST_1 : Operation 81 [1/1] (0.00ns)   --->   "%trunc_ln = partselect i62 @_ssdm_op_PartSelect.i62.i64.i32.i32, i64 %filter_read, i32 2, i32 63" [cluster.cpp:16]   --->   Operation 81 'partselect' 'trunc_ln' <Predicate = true> <Delay = 0.00>

State 2 <SV = 1> <Delay = 4.66>
ST_2 : Operation 82 [1/1] (0.00ns)   --->   "%sext_ln16 = sext i62 %trunc_ln" [cluster.cpp:16]   --->   Operation 82 'sext' 'sext_ln16' <Predicate = true> <Delay = 0.00>
ST_2 : Operation 83 [1/1] (0.00ns)   --->   "%gmem_addr = getelementptr i32 %gmem, i64 %sext_ln16" [cluster.cpp:16]   --->   Operation 83 'getelementptr' 'gmem_addr' <Predicate = true> <Delay = 0.00>
ST_2 : Operation 84 [71/71] (4.66ns)   --->   "%empty = readreq i1 @_ssdm_op_ReadReq.m_axi.p1i32, i32 %gmem_addr, i64 9" [cluster.cpp:16]   --->   Operation 84 'readreq' 'empty' <Predicate = true> <Delay = 4.66> <CoreInst = "m_axi">   --->   Core 119 'm_axi' <Latency = 6> <II = 1> <Delay = 1.00> <Adapter> <Opcode : 'read' 'write' 'readreq' 'writereq' 'writeresp'>

State 3 <SV = 2> <Delay = 4.66>
ST_3 : Operation 85 [70/71] (4.66ns)   --->   "%empty = readreq i1 @_ssdm_op_ReadReq.m_axi.p1i32, i32 %gmem_addr, i64 9" [cluster.cpp:16]   --->   Operation 85 'readreq' 'empty' <Predicate = true> <Delay = 4.66> <CoreInst = "m_axi">   --->   Core 119 'm_axi' <Latency = 6> <II = 1> <Delay = 1.00> <Adapter> <Opcode : 'read' 'write' 'readreq' 'writereq' 'writeresp'>

State 4 <SV = 3> <Delay = 4.66>
ST_4 : Operation 86 [69/71] (4.66ns)   --->   "%empty = readreq i1 @_ssdm_op_ReadReq.m_axi.p1i32, i32 %gmem_addr, i64 9" [cluster.cpp:16]   --->   Operation 86 'readreq' 'empty' <Predicate = true> <Delay = 4.66> <CoreInst = "m_axi">   --->   Core 119 'm_axi' <Latency = 6> <II = 1> <Delay = 1.00> <Adapter> <Opcode : 'read' 'write' 'readreq' 'writereq' 'writeresp'>

State 5 <SV = 4> <Delay = 4.66>
ST_5 : Operation 87 [68/71] (4.66ns)   --->   "%empty = readreq i1 @_ssdm_op_ReadReq.m_axi.p1i32, i32 %gmem_addr, i64 9" [cluster.cpp:16]   --->   Operation 87 'readreq' 'empty' <Predicate = true> <Delay = 4.66> <CoreInst = "m_axi">   --->   Core 119 'm_axi' <Latency = 6> <II = 1> <Delay = 1.00> <Adapter> <Opcode : 'read' 'write' 'readreq' 'writereq' 'writeresp'>

State 6 <SV = 5> <Delay = 4.66>
ST_6 : Operation 88 [67/71] (4.66ns)   --->   "%empty = readreq i1 @_ssdm_op_ReadReq.m_axi.p1i32, i32 %gmem_addr, i64 9" [cluster.cpp:16]   --->   Operation 88 'readreq' 'empty' <Predicate = true> <Delay = 4.66> <CoreInst = "m_axi">   --->   Core 119 'm_axi' <Latency = 6> <II = 1> <Delay = 1.00> <Adapter> <Opcode : 'read' 'write' 'readreq' 'writereq' 'writeresp'>

State 7 <SV = 6> <Delay = 4.66>
ST_7 : Operation 89 [66/71] (4.66ns)   --->   "%empty = readreq i1 @_ssdm_op_ReadReq.m_axi.p1i32, i32 %gmem_addr, i64 9" [cluster.cpp:16]   --->   Operation 89 'readreq' 'empty' <Predicate = true> <Delay = 4.66> <CoreInst = "m_axi">   --->   Core 119 'm_axi' <Latency = 6> <II = 1> <Delay = 1.00> <Adapter> <Opcode : 'read' 'write' 'readreq' 'writereq' 'writeresp'>

State 8 <SV = 7> <Delay = 4.66>
ST_8 : Operation 90 [65/71] (4.66ns)   --->   "%empty = readreq i1 @_ssdm_op_ReadReq.m_axi.p1i32, i32 %gmem_addr, i64 9" [cluster.cpp:16]   --->   Operation 90 'readreq' 'empty' <Predicate = true> <Delay = 4.66> <CoreInst = "m_axi">   --->   Core 119 'm_axi' <Latency = 6> <II = 1> <Delay = 1.00> <Adapter> <Opcode : 'read' 'write' 'readreq' 'writereq' 'writeresp'>

State 9 <SV = 8> <Delay = 4.66>
ST_9 : Operation 91 [64/71] (4.66ns)   --->   "%empty = readreq i1 @_ssdm_op_ReadReq.m_axi.p1i32, i32 %gmem_addr, i64 9" [cluster.cpp:16]   --->   Operation 91 'readreq' 'empty' <Predicate = true> <Delay = 4.66> <CoreInst = "m_axi">   --->   Core 119 'm_axi' <Latency = 6> <II = 1> <Delay = 1.00> <Adapter> <Opcode : 'read' 'write' 'readreq' 'writereq' 'writeresp'>

State 10 <SV = 9> <Delay = 4.66>
ST_10 : Operation 92 [63/71] (4.66ns)   --->   "%empty = readreq i1 @_ssdm_op_ReadReq.m_axi.p1i32, i32 %gmem_addr, i64 9" [cluster.cpp:16]   --->   Operation 92 'readreq' 'empty' <Predicate = true> <Delay = 4.66> <CoreInst = "m_axi">   --->   Core 119 'm_axi' <Latency = 6> <II = 1> <Delay = 1.00> <Adapter> <Opcode : 'read' 'write' 'readreq' 'writereq' 'writeresp'>

State 11 <SV = 10> <Delay = 4.66>
ST_11 : Operation 93 [62/71] (4.66ns)   --->   "%empty = readreq i1 @_ssdm_op_ReadReq.m_axi.p1i32, i32 %gmem_addr, i64 9" [cluster.cpp:16]   --->   Operation 93 'readreq' 'empty' <Predicate = true> <Delay = 4.66> <CoreInst = "m_axi">   --->   Core 119 'm_axi' <Latency = 6> <II = 1> <Delay = 1.00> <Adapter> <Opcode : 'read' 'write' 'readreq' 'writereq' 'writeresp'>

State 12 <SV = 11> <Delay = 4.66>
ST_12 : Operation 94 [61/71] (4.66ns)   --->   "%empty = readreq i1 @_ssdm_op_ReadReq.m_axi.p1i32, i32 %gmem_addr, i64 9" [cluster.cpp:16]   --->   Operation 94 'readreq' 'empty' <Predicate = true> <Delay = 4.66> <CoreInst = "m_axi">   --->   Core 119 'm_axi' <Latency = 6> <II = 1> <Delay = 1.00> <Adapter> <Opcode : 'read' 'write' 'readreq' 'writereq' 'writeresp'>

State 13 <SV = 12> <Delay = 4.66>
ST_13 : Operation 95 [60/71] (4.66ns)   --->   "%empty = readreq i1 @_ssdm_op_ReadReq.m_axi.p1i32, i32 %gmem_addr, i64 9" [cluster.cpp:16]   --->   Operation 95 'readreq' 'empty' <Predicate = true> <Delay = 4.66> <CoreInst = "m_axi">   --->   Core 119 'm_axi' <Latency = 6> <II = 1> <Delay = 1.00> <Adapter> <Opcode : 'read' 'write' 'readreq' 'writereq' 'writeresp'>

State 14 <SV = 13> <Delay = 4.66>
ST_14 : Operation 96 [59/71] (4.66ns)   --->   "%empty = readreq i1 @_ssdm_op_ReadReq.m_axi.p1i32, i32 %gmem_addr, i64 9" [cluster.cpp:16]   --->   Operation 96 'readreq' 'empty' <Predicate = true> <Delay = 4.66> <CoreInst = "m_axi">   --->   Core 119 'm_axi' <Latency = 6> <II = 1> <Delay = 1.00> <Adapter> <Opcode : 'read' 'write' 'readreq' 'writereq' 'writeresp'>

State 15 <SV = 14> <Delay = 4.66>
ST_15 : Operation 97 [58/71] (4.66ns)   --->   "%empty = readreq i1 @_ssdm_op_ReadReq.m_axi.p1i32, i32 %gmem_addr, i64 9" [cluster.cpp:16]   --->   Operation 97 'readreq' 'empty' <Predicate = true> <Delay = 4.66> <CoreInst = "m_axi">   --->   Core 119 'm_axi' <Latency = 6> <II = 1> <Delay = 1.00> <Adapter> <Opcode : 'read' 'write' 'readreq' 'writereq' 'writeresp'>

State 16 <SV = 15> <Delay = 4.66>
ST_16 : Operation 98 [57/71] (4.66ns)   --->   "%empty = readreq i1 @_ssdm_op_ReadReq.m_axi.p1i32, i32 %gmem_addr, i64 9" [cluster.cpp:16]   --->   Operation 98 'readreq' 'empty' <Predicate = true> <Delay = 4.66> <CoreInst = "m_axi">   --->   Core 119 'm_axi' <Latency = 6> <II = 1> <Delay = 1.00> <Adapter> <Opcode : 'read' 'write' 'readreq' 'writereq' 'writeresp'>

State 17 <SV = 16> <Delay = 4.66>
ST_17 : Operation 99 [56/71] (4.66ns)   --->   "%empty = readreq i1 @_ssdm_op_ReadReq.m_axi.p1i32, i32 %gmem_addr, i64 9" [cluster.cpp:16]   --->   Operation 99 'readreq' 'empty' <Predicate = true> <Delay = 4.66> <CoreInst = "m_axi">   --->   Core 119 'm_axi' <Latency = 6> <II = 1> <Delay = 1.00> <Adapter> <Opcode : 'read' 'write' 'readreq' 'writereq' 'writeresp'>

State 18 <SV = 17> <Delay = 4.66>
ST_18 : Operation 100 [55/71] (4.66ns)   --->   "%empty = readreq i1 @_ssdm_op_ReadReq.m_axi.p1i32, i32 %gmem_addr, i64 9" [cluster.cpp:16]   --->   Operation 100 'readreq' 'empty' <Predicate = true> <Delay = 4.66> <CoreInst = "m_axi">   --->   Core 119 'm_axi' <Latency = 6> <II = 1> <Delay = 1.00> <Adapter> <Opcode : 'read' 'write' 'readreq' 'writereq' 'writeresp'>

State 19 <SV = 18> <Delay = 4.66>
ST_19 : Operation 101 [54/71] (4.66ns)   --->   "%empty = readreq i1 @_ssdm_op_ReadReq.m_axi.p1i32, i32 %gmem_addr, i64 9" [cluster.cpp:16]   --->   Operation 101 'readreq' 'empty' <Predicate = true> <Delay = 4.66> <CoreInst = "m_axi">   --->   Core 119 'm_axi' <Latency = 6> <II = 1> <Delay = 1.00> <Adapter> <Opcode : 'read' 'write' 'readreq' 'writereq' 'writeresp'>

State 20 <SV = 19> <Delay = 4.66>
ST_20 : Operation 102 [53/71] (4.66ns)   --->   "%empty = readreq i1 @_ssdm_op_ReadReq.m_axi.p1i32, i32 %gmem_addr, i64 9" [cluster.cpp:16]   --->   Operation 102 'readreq' 'empty' <Predicate = true> <Delay = 4.66> <CoreInst = "m_axi">   --->   Core 119 'm_axi' <Latency = 6> <II = 1> <Delay = 1.00> <Adapter> <Opcode : 'read' 'write' 'readreq' 'writereq' 'writeresp'>

State 21 <SV = 20> <Delay = 4.66>
ST_21 : Operation 103 [52/71] (4.66ns)   --->   "%empty = readreq i1 @_ssdm_op_ReadReq.m_axi.p1i32, i32 %gmem_addr, i64 9" [cluster.cpp:16]   --->   Operation 103 'readreq' 'empty' <Predicate = true> <Delay = 4.66> <CoreInst = "m_axi">   --->   Core 119 'm_axi' <Latency = 6> <II = 1> <Delay = 1.00> <Adapter> <Opcode : 'read' 'write' 'readreq' 'writereq' 'writeresp'>

State 22 <SV = 21> <Delay = 4.66>
ST_22 : Operation 104 [51/71] (4.66ns)   --->   "%empty = readreq i1 @_ssdm_op_ReadReq.m_axi.p1i32, i32 %gmem_addr, i64 9" [cluster.cpp:16]   --->   Operation 104 'readreq' 'empty' <Predicate = true> <Delay = 4.66> <CoreInst = "m_axi">   --->   Core 119 'm_axi' <Latency = 6> <II = 1> <Delay = 1.00> <Adapter> <Opcode : 'read' 'write' 'readreq' 'writereq' 'writeresp'>

State 23 <SV = 22> <Delay = 4.66>
ST_23 : Operation 105 [50/71] (4.66ns)   --->   "%empty = readreq i1 @_ssdm_op_ReadReq.m_axi.p1i32, i32 %gmem_addr, i64 9" [cluster.cpp:16]   --->   Operation 105 'readreq' 'empty' <Predicate = true> <Delay = 4.66> <CoreInst = "m_axi">   --->   Core 119 'm_axi' <Latency = 6> <II = 1> <Delay = 1.00> <Adapter> <Opcode : 'read' 'write' 'readreq' 'writereq' 'writeresp'>

State 24 <SV = 23> <Delay = 4.66>
ST_24 : Operation 106 [49/71] (4.66ns)   --->   "%empty = readreq i1 @_ssdm_op_ReadReq.m_axi.p1i32, i32 %gmem_addr, i64 9" [cluster.cpp:16]   --->   Operation 106 'readreq' 'empty' <Predicate = true> <Delay = 4.66> <CoreInst = "m_axi">   --->   Core 119 'm_axi' <Latency = 6> <II = 1> <Delay = 1.00> <Adapter> <Opcode : 'read' 'write' 'readreq' 'writereq' 'writeresp'>

State 25 <SV = 24> <Delay = 4.66>
ST_25 : Operation 107 [48/71] (4.66ns)   --->   "%empty = readreq i1 @_ssdm_op_ReadReq.m_axi.p1i32, i32 %gmem_addr, i64 9" [cluster.cpp:16]   --->   Operation 107 'readreq' 'empty' <Predicate = true> <Delay = 4.66> <CoreInst = "m_axi">   --->   Core 119 'm_axi' <Latency = 6> <II = 1> <Delay = 1.00> <Adapter> <Opcode : 'read' 'write' 'readreq' 'writereq' 'writeresp'>

State 26 <SV = 25> <Delay = 4.66>
ST_26 : Operation 108 [47/71] (4.66ns)   --->   "%empty = readreq i1 @_ssdm_op_ReadReq.m_axi.p1i32, i32 %gmem_addr, i64 9" [cluster.cpp:16]   --->   Operation 108 'readreq' 'empty' <Predicate = true> <Delay = 4.66> <CoreInst = "m_axi">   --->   Core 119 'm_axi' <Latency = 6> <II = 1> <Delay = 1.00> <Adapter> <Opcode : 'read' 'write' 'readreq' 'writereq' 'writeresp'>

State 27 <SV = 26> <Delay = 4.66>
ST_27 : Operation 109 [46/71] (4.66ns)   --->   "%empty = readreq i1 @_ssdm_op_ReadReq.m_axi.p1i32, i32 %gmem_addr, i64 9" [cluster.cpp:16]   --->   Operation 109 'readreq' 'empty' <Predicate = true> <Delay = 4.66> <CoreInst = "m_axi">   --->   Core 119 'm_axi' <Latency = 6> <II = 1> <Delay = 1.00> <Adapter> <Opcode : 'read' 'write' 'readreq' 'writereq' 'writeresp'>

State 28 <SV = 27> <Delay = 4.66>
ST_28 : Operation 110 [45/71] (4.66ns)   --->   "%empty = readreq i1 @_ssdm_op_ReadReq.m_axi.p1i32, i32 %gmem_addr, i64 9" [cluster.cpp:16]   --->   Operation 110 'readreq' 'empty' <Predicate = true> <Delay = 4.66> <CoreInst = "m_axi">   --->   Core 119 'm_axi' <Latency = 6> <II = 1> <Delay = 1.00> <Adapter> <Opcode : 'read' 'write' 'readreq' 'writereq' 'writeresp'>

State 29 <SV = 28> <Delay = 4.66>
ST_29 : Operation 111 [44/71] (4.66ns)   --->   "%empty = readreq i1 @_ssdm_op_ReadReq.m_axi.p1i32, i32 %gmem_addr, i64 9" [cluster.cpp:16]   --->   Operation 111 'readreq' 'empty' <Predicate = true> <Delay = 4.66> <CoreInst = "m_axi">   --->   Core 119 'm_axi' <Latency = 6> <II = 1> <Delay = 1.00> <Adapter> <Opcode : 'read' 'write' 'readreq' 'writereq' 'writeresp'>

State 30 <SV = 29> <Delay = 4.66>
ST_30 : Operation 112 [43/71] (4.66ns)   --->   "%empty = readreq i1 @_ssdm_op_ReadReq.m_axi.p1i32, i32 %gmem_addr, i64 9" [cluster.cpp:16]   --->   Operation 112 'readreq' 'empty' <Predicate = true> <Delay = 4.66> <CoreInst = "m_axi">   --->   Core 119 'm_axi' <Latency = 6> <II = 1> <Delay = 1.00> <Adapter> <Opcode : 'read' 'write' 'readreq' 'writereq' 'writeresp'>

State 31 <SV = 30> <Delay = 4.66>
ST_31 : Operation 113 [42/71] (4.66ns)   --->   "%empty = readreq i1 @_ssdm_op_ReadReq.m_axi.p1i32, i32 %gmem_addr, i64 9" [cluster.cpp:16]   --->   Operation 113 'readreq' 'empty' <Predicate = true> <Delay = 4.66> <CoreInst = "m_axi">   --->   Core 119 'm_axi' <Latency = 6> <II = 1> <Delay = 1.00> <Adapter> <Opcode : 'read' 'write' 'readreq' 'writereq' 'writeresp'>

State 32 <SV = 31> <Delay = 4.66>
ST_32 : Operation 114 [41/71] (4.66ns)   --->   "%empty = readreq i1 @_ssdm_op_ReadReq.m_axi.p1i32, i32 %gmem_addr, i64 9" [cluster.cpp:16]   --->   Operation 114 'readreq' 'empty' <Predicate = true> <Delay = 4.66> <CoreInst = "m_axi">   --->   Core 119 'm_axi' <Latency = 6> <II = 1> <Delay = 1.00> <Adapter> <Opcode : 'read' 'write' 'readreq' 'writereq' 'writeresp'>

State 33 <SV = 32> <Delay = 4.66>
ST_33 : Operation 115 [40/71] (4.66ns)   --->   "%empty = readreq i1 @_ssdm_op_ReadReq.m_axi.p1i32, i32 %gmem_addr, i64 9" [cluster.cpp:16]   --->   Operation 115 'readreq' 'empty' <Predicate = true> <Delay = 4.66> <CoreInst = "m_axi">   --->   Core 119 'm_axi' <Latency = 6> <II = 1> <Delay = 1.00> <Adapter> <Opcode : 'read' 'write' 'readreq' 'writereq' 'writeresp'>

State 34 <SV = 33> <Delay = 4.66>
ST_34 : Operation 116 [39/71] (4.66ns)   --->   "%empty = readreq i1 @_ssdm_op_ReadReq.m_axi.p1i32, i32 %gmem_addr, i64 9" [cluster.cpp:16]   --->   Operation 116 'readreq' 'empty' <Predicate = true> <Delay = 4.66> <CoreInst = "m_axi">   --->   Core 119 'm_axi' <Latency = 6> <II = 1> <Delay = 1.00> <Adapter> <Opcode : 'read' 'write' 'readreq' 'writereq' 'writeresp'>

State 35 <SV = 34> <Delay = 4.66>
ST_35 : Operation 117 [38/71] (4.66ns)   --->   "%empty = readreq i1 @_ssdm_op_ReadReq.m_axi.p1i32, i32 %gmem_addr, i64 9" [cluster.cpp:16]   --->   Operation 117 'readreq' 'empty' <Predicate = true> <Delay = 4.66> <CoreInst = "m_axi">   --->   Core 119 'm_axi' <Latency = 6> <II = 1> <Delay = 1.00> <Adapter> <Opcode : 'read' 'write' 'readreq' 'writereq' 'writeresp'>

State 36 <SV = 35> <Delay = 4.66>
ST_36 : Operation 118 [37/71] (4.66ns)   --->   "%empty = readreq i1 @_ssdm_op_ReadReq.m_axi.p1i32, i32 %gmem_addr, i64 9" [cluster.cpp:16]   --->   Operation 118 'readreq' 'empty' <Predicate = true> <Delay = 4.66> <CoreInst = "m_axi">   --->   Core 119 'm_axi' <Latency = 6> <II = 1> <Delay = 1.00> <Adapter> <Opcode : 'read' 'write' 'readreq' 'writereq' 'writeresp'>

State 37 <SV = 36> <Delay = 4.66>
ST_37 : Operation 119 [36/71] (4.66ns)   --->   "%empty = readreq i1 @_ssdm_op_ReadReq.m_axi.p1i32, i32 %gmem_addr, i64 9" [cluster.cpp:16]   --->   Operation 119 'readreq' 'empty' <Predicate = true> <Delay = 4.66> <CoreInst = "m_axi">   --->   Core 119 'm_axi' <Latency = 6> <II = 1> <Delay = 1.00> <Adapter> <Opcode : 'read' 'write' 'readreq' 'writereq' 'writeresp'>

State 38 <SV = 37> <Delay = 4.66>
ST_38 : Operation 120 [35/71] (4.66ns)   --->   "%empty = readreq i1 @_ssdm_op_ReadReq.m_axi.p1i32, i32 %gmem_addr, i64 9" [cluster.cpp:16]   --->   Operation 120 'readreq' 'empty' <Predicate = true> <Delay = 4.66> <CoreInst = "m_axi">   --->   Core 119 'm_axi' <Latency = 6> <II = 1> <Delay = 1.00> <Adapter> <Opcode : 'read' 'write' 'readreq' 'writereq' 'writeresp'>

State 39 <SV = 38> <Delay = 4.66>
ST_39 : Operation 121 [34/71] (4.66ns)   --->   "%empty = readreq i1 @_ssdm_op_ReadReq.m_axi.p1i32, i32 %gmem_addr, i64 9" [cluster.cpp:16]   --->   Operation 121 'readreq' 'empty' <Predicate = true> <Delay = 4.66> <CoreInst = "m_axi">   --->   Core 119 'm_axi' <Latency = 6> <II = 1> <Delay = 1.00> <Adapter> <Opcode : 'read' 'write' 'readreq' 'writereq' 'writeresp'>

State 40 <SV = 39> <Delay = 4.66>
ST_40 : Operation 122 [33/71] (4.66ns)   --->   "%empty = readreq i1 @_ssdm_op_ReadReq.m_axi.p1i32, i32 %gmem_addr, i64 9" [cluster.cpp:16]   --->   Operation 122 'readreq' 'empty' <Predicate = true> <Delay = 4.66> <CoreInst = "m_axi">   --->   Core 119 'm_axi' <Latency = 6> <II = 1> <Delay = 1.00> <Adapter> <Opcode : 'read' 'write' 'readreq' 'writereq' 'writeresp'>

State 41 <SV = 40> <Delay = 4.66>
ST_41 : Operation 123 [32/71] (4.66ns)   --->   "%empty = readreq i1 @_ssdm_op_ReadReq.m_axi.p1i32, i32 %gmem_addr, i64 9" [cluster.cpp:16]   --->   Operation 123 'readreq' 'empty' <Predicate = true> <Delay = 4.66> <CoreInst = "m_axi">   --->   Core 119 'm_axi' <Latency = 6> <II = 1> <Delay = 1.00> <Adapter> <Opcode : 'read' 'write' 'readreq' 'writereq' 'writeresp'>

State 42 <SV = 41> <Delay = 4.66>
ST_42 : Operation 124 [31/71] (4.66ns)   --->   "%empty = readreq i1 @_ssdm_op_ReadReq.m_axi.p1i32, i32 %gmem_addr, i64 9" [cluster.cpp:16]   --->   Operation 124 'readreq' 'empty' <Predicate = true> <Delay = 4.66> <CoreInst = "m_axi">   --->   Core 119 'm_axi' <Latency = 6> <II = 1> <Delay = 1.00> <Adapter> <Opcode : 'read' 'write' 'readreq' 'writereq' 'writeresp'>

State 43 <SV = 42> <Delay = 4.66>
ST_43 : Operation 125 [30/71] (4.66ns)   --->   "%empty = readreq i1 @_ssdm_op_ReadReq.m_axi.p1i32, i32 %gmem_addr, i64 9" [cluster.cpp:16]   --->   Operation 125 'readreq' 'empty' <Predicate = true> <Delay = 4.66> <CoreInst = "m_axi">   --->   Core 119 'm_axi' <Latency = 6> <II = 1> <Delay = 1.00> <Adapter> <Opcode : 'read' 'write' 'readreq' 'writereq' 'writeresp'>

State 44 <SV = 43> <Delay = 4.66>
ST_44 : Operation 126 [29/71] (4.66ns)   --->   "%empty = readreq i1 @_ssdm_op_ReadReq.m_axi.p1i32, i32 %gmem_addr, i64 9" [cluster.cpp:16]   --->   Operation 126 'readreq' 'empty' <Predicate = true> <Delay = 4.66> <CoreInst = "m_axi">   --->   Core 119 'm_axi' <Latency = 6> <II = 1> <Delay = 1.00> <Adapter> <Opcode : 'read' 'write' 'readreq' 'writereq' 'writeresp'>

State 45 <SV = 44> <Delay = 4.66>
ST_45 : Operation 127 [28/71] (4.66ns)   --->   "%empty = readreq i1 @_ssdm_op_ReadReq.m_axi.p1i32, i32 %gmem_addr, i64 9" [cluster.cpp:16]   --->   Operation 127 'readreq' 'empty' <Predicate = true> <Delay = 4.66> <CoreInst = "m_axi">   --->   Core 119 'm_axi' <Latency = 6> <II = 1> <Delay = 1.00> <Adapter> <Opcode : 'read' 'write' 'readreq' 'writereq' 'writeresp'>

State 46 <SV = 45> <Delay = 4.66>
ST_46 : Operation 128 [27/71] (4.66ns)   --->   "%empty = readreq i1 @_ssdm_op_ReadReq.m_axi.p1i32, i32 %gmem_addr, i64 9" [cluster.cpp:16]   --->   Operation 128 'readreq' 'empty' <Predicate = true> <Delay = 4.66> <CoreInst = "m_axi">   --->   Core 119 'm_axi' <Latency = 6> <II = 1> <Delay = 1.00> <Adapter> <Opcode : 'read' 'write' 'readreq' 'writereq' 'writeresp'>

State 47 <SV = 46> <Delay = 4.66>
ST_47 : Operation 129 [26/71] (4.66ns)   --->   "%empty = readreq i1 @_ssdm_op_ReadReq.m_axi.p1i32, i32 %gmem_addr, i64 9" [cluster.cpp:16]   --->   Operation 129 'readreq' 'empty' <Predicate = true> <Delay = 4.66> <CoreInst = "m_axi">   --->   Core 119 'm_axi' <Latency = 6> <II = 1> <Delay = 1.00> <Adapter> <Opcode : 'read' 'write' 'readreq' 'writereq' 'writeresp'>

State 48 <SV = 47> <Delay = 4.66>
ST_48 : Operation 130 [25/71] (4.66ns)   --->   "%empty = readreq i1 @_ssdm_op_ReadReq.m_axi.p1i32, i32 %gmem_addr, i64 9" [cluster.cpp:16]   --->   Operation 130 'readreq' 'empty' <Predicate = true> <Delay = 4.66> <CoreInst = "m_axi">   --->   Core 119 'm_axi' <Latency = 6> <II = 1> <Delay = 1.00> <Adapter> <Opcode : 'read' 'write' 'readreq' 'writereq' 'writeresp'>

State 49 <SV = 48> <Delay = 4.66>
ST_49 : Operation 131 [24/71] (4.66ns)   --->   "%empty = readreq i1 @_ssdm_op_ReadReq.m_axi.p1i32, i32 %gmem_addr, i64 9" [cluster.cpp:16]   --->   Operation 131 'readreq' 'empty' <Predicate = true> <Delay = 4.66> <CoreInst = "m_axi">   --->   Core 119 'm_axi' <Latency = 6> <II = 1> <Delay = 1.00> <Adapter> <Opcode : 'read' 'write' 'readreq' 'writereq' 'writeresp'>

State 50 <SV = 49> <Delay = 4.66>
ST_50 : Operation 132 [23/71] (4.66ns)   --->   "%empty = readreq i1 @_ssdm_op_ReadReq.m_axi.p1i32, i32 %gmem_addr, i64 9" [cluster.cpp:16]   --->   Operation 132 'readreq' 'empty' <Predicate = true> <Delay = 4.66> <CoreInst = "m_axi">   --->   Core 119 'm_axi' <Latency = 6> <II = 1> <Delay = 1.00> <Adapter> <Opcode : 'read' 'write' 'readreq' 'writereq' 'writeresp'>

State 51 <SV = 50> <Delay = 4.66>
ST_51 : Operation 133 [22/71] (4.66ns)   --->   "%empty = readreq i1 @_ssdm_op_ReadReq.m_axi.p1i32, i32 %gmem_addr, i64 9" [cluster.cpp:16]   --->   Operation 133 'readreq' 'empty' <Predicate = true> <Delay = 4.66> <CoreInst = "m_axi">   --->   Core 119 'm_axi' <Latency = 6> <II = 1> <Delay = 1.00> <Adapter> <Opcode : 'read' 'write' 'readreq' 'writereq' 'writeresp'>

State 52 <SV = 51> <Delay = 4.66>
ST_52 : Operation 134 [21/71] (4.66ns)   --->   "%empty = readreq i1 @_ssdm_op_ReadReq.m_axi.p1i32, i32 %gmem_addr, i64 9" [cluster.cpp:16]   --->   Operation 134 'readreq' 'empty' <Predicate = true> <Delay = 4.66> <CoreInst = "m_axi">   --->   Core 119 'm_axi' <Latency = 6> <II = 1> <Delay = 1.00> <Adapter> <Opcode : 'read' 'write' 'readreq' 'writereq' 'writeresp'>

State 53 <SV = 52> <Delay = 4.66>
ST_53 : Operation 135 [20/71] (4.66ns)   --->   "%empty = readreq i1 @_ssdm_op_ReadReq.m_axi.p1i32, i32 %gmem_addr, i64 9" [cluster.cpp:16]   --->   Operation 135 'readreq' 'empty' <Predicate = true> <Delay = 4.66> <CoreInst = "m_axi">   --->   Core 119 'm_axi' <Latency = 6> <II = 1> <Delay = 1.00> <Adapter> <Opcode : 'read' 'write' 'readreq' 'writereq' 'writeresp'>

State 54 <SV = 53> <Delay = 4.66>
ST_54 : Operation 136 [19/71] (4.66ns)   --->   "%empty = readreq i1 @_ssdm_op_ReadReq.m_axi.p1i32, i32 %gmem_addr, i64 9" [cluster.cpp:16]   --->   Operation 136 'readreq' 'empty' <Predicate = true> <Delay = 4.66> <CoreInst = "m_axi">   --->   Core 119 'm_axi' <Latency = 6> <II = 1> <Delay = 1.00> <Adapter> <Opcode : 'read' 'write' 'readreq' 'writereq' 'writeresp'>

State 55 <SV = 54> <Delay = 4.66>
ST_55 : Operation 137 [18/71] (4.66ns)   --->   "%empty = readreq i1 @_ssdm_op_ReadReq.m_axi.p1i32, i32 %gmem_addr, i64 9" [cluster.cpp:16]   --->   Operation 137 'readreq' 'empty' <Predicate = true> <Delay = 4.66> <CoreInst = "m_axi">   --->   Core 119 'm_axi' <Latency = 6> <II = 1> <Delay = 1.00> <Adapter> <Opcode : 'read' 'write' 'readreq' 'writereq' 'writeresp'>

State 56 <SV = 55> <Delay = 4.66>
ST_56 : Operation 138 [17/71] (4.66ns)   --->   "%empty = readreq i1 @_ssdm_op_ReadReq.m_axi.p1i32, i32 %gmem_addr, i64 9" [cluster.cpp:16]   --->   Operation 138 'readreq' 'empty' <Predicate = true> <Delay = 4.66> <CoreInst = "m_axi">   --->   Core 119 'm_axi' <Latency = 6> <II = 1> <Delay = 1.00> <Adapter> <Opcode : 'read' 'write' 'readreq' 'writereq' 'writeresp'>

State 57 <SV = 56> <Delay = 4.66>
ST_57 : Operation 139 [16/71] (4.66ns)   --->   "%empty = readreq i1 @_ssdm_op_ReadReq.m_axi.p1i32, i32 %gmem_addr, i64 9" [cluster.cpp:16]   --->   Operation 139 'readreq' 'empty' <Predicate = true> <Delay = 4.66> <CoreInst = "m_axi">   --->   Core 119 'm_axi' <Latency = 6> <II = 1> <Delay = 1.00> <Adapter> <Opcode : 'read' 'write' 'readreq' 'writereq' 'writeresp'>

State 58 <SV = 57> <Delay = 4.66>
ST_58 : Operation 140 [15/71] (4.66ns)   --->   "%empty = readreq i1 @_ssdm_op_ReadReq.m_axi.p1i32, i32 %gmem_addr, i64 9" [cluster.cpp:16]   --->   Operation 140 'readreq' 'empty' <Predicate = true> <Delay = 4.66> <CoreInst = "m_axi">   --->   Core 119 'm_axi' <Latency = 6> <II = 1> <Delay = 1.00> <Adapter> <Opcode : 'read' 'write' 'readreq' 'writereq' 'writeresp'>

State 59 <SV = 58> <Delay = 4.66>
ST_59 : Operation 141 [14/71] (4.66ns)   --->   "%empty = readreq i1 @_ssdm_op_ReadReq.m_axi.p1i32, i32 %gmem_addr, i64 9" [cluster.cpp:16]   --->   Operation 141 'readreq' 'empty' <Predicate = true> <Delay = 4.66> <CoreInst = "m_axi">   --->   Core 119 'm_axi' <Latency = 6> <II = 1> <Delay = 1.00> <Adapter> <Opcode : 'read' 'write' 'readreq' 'writereq' 'writeresp'>

State 60 <SV = 59> <Delay = 4.66>
ST_60 : Operation 142 [13/71] (4.66ns)   --->   "%empty = readreq i1 @_ssdm_op_ReadReq.m_axi.p1i32, i32 %gmem_addr, i64 9" [cluster.cpp:16]   --->   Operation 142 'readreq' 'empty' <Predicate = true> <Delay = 4.66> <CoreInst = "m_axi">   --->   Core 119 'm_axi' <Latency = 6> <II = 1> <Delay = 1.00> <Adapter> <Opcode : 'read' 'write' 'readreq' 'writereq' 'writeresp'>

State 61 <SV = 60> <Delay = 4.66>
ST_61 : Operation 143 [12/71] (4.66ns)   --->   "%empty = readreq i1 @_ssdm_op_ReadReq.m_axi.p1i32, i32 %gmem_addr, i64 9" [cluster.cpp:16]   --->   Operation 143 'readreq' 'empty' <Predicate = true> <Delay = 4.66> <CoreInst = "m_axi">   --->   Core 119 'm_axi' <Latency = 6> <II = 1> <Delay = 1.00> <Adapter> <Opcode : 'read' 'write' 'readreq' 'writereq' 'writeresp'>

State 62 <SV = 61> <Delay = 4.66>
ST_62 : Operation 144 [11/71] (4.66ns)   --->   "%empty = readreq i1 @_ssdm_op_ReadReq.m_axi.p1i32, i32 %gmem_addr, i64 9" [cluster.cpp:16]   --->   Operation 144 'readreq' 'empty' <Predicate = true> <Delay = 4.66> <CoreInst = "m_axi">   --->   Core 119 'm_axi' <Latency = 6> <II = 1> <Delay = 1.00> <Adapter> <Opcode : 'read' 'write' 'readreq' 'writereq' 'writeresp'>

State 63 <SV = 62> <Delay = 4.66>
ST_63 : Operation 145 [10/71] (4.66ns)   --->   "%empty = readreq i1 @_ssdm_op_ReadReq.m_axi.p1i32, i32 %gmem_addr, i64 9" [cluster.cpp:16]   --->   Operation 145 'readreq' 'empty' <Predicate = true> <Delay = 4.66> <CoreInst = "m_axi">   --->   Core 119 'm_axi' <Latency = 6> <II = 1> <Delay = 1.00> <Adapter> <Opcode : 'read' 'write' 'readreq' 'writereq' 'writeresp'>

State 64 <SV = 63> <Delay = 4.66>
ST_64 : Operation 146 [9/71] (4.66ns)   --->   "%empty = readreq i1 @_ssdm_op_ReadReq.m_axi.p1i32, i32 %gmem_addr, i64 9" [cluster.cpp:16]   --->   Operation 146 'readreq' 'empty' <Predicate = true> <Delay = 4.66> <CoreInst = "m_axi">   --->   Core 119 'm_axi' <Latency = 6> <II = 1> <Delay = 1.00> <Adapter> <Opcode : 'read' 'write' 'readreq' 'writereq' 'writeresp'>

State 65 <SV = 64> <Delay = 4.66>
ST_65 : Operation 147 [8/71] (4.66ns)   --->   "%empty = readreq i1 @_ssdm_op_ReadReq.m_axi.p1i32, i32 %gmem_addr, i64 9" [cluster.cpp:16]   --->   Operation 147 'readreq' 'empty' <Predicate = true> <Delay = 4.66> <CoreInst = "m_axi">   --->   Core 119 'm_axi' <Latency = 6> <II = 1> <Delay = 1.00> <Adapter> <Opcode : 'read' 'write' 'readreq' 'writereq' 'writeresp'>

State 66 <SV = 65> <Delay = 4.66>
ST_66 : Operation 148 [7/71] (4.66ns)   --->   "%empty = readreq i1 @_ssdm_op_ReadReq.m_axi.p1i32, i32 %gmem_addr, i64 9" [cluster.cpp:16]   --->   Operation 148 'readreq' 'empty' <Predicate = true> <Delay = 4.66> <CoreInst = "m_axi">   --->   Core 119 'm_axi' <Latency = 6> <II = 1> <Delay = 1.00> <Adapter> <Opcode : 'read' 'write' 'readreq' 'writereq' 'writeresp'>

State 67 <SV = 66> <Delay = 4.66>
ST_67 : Operation 149 [6/71] (4.66ns)   --->   "%empty = readreq i1 @_ssdm_op_ReadReq.m_axi.p1i32, i32 %gmem_addr, i64 9" [cluster.cpp:16]   --->   Operation 149 'readreq' 'empty' <Predicate = true> <Delay = 4.66> <CoreInst = "m_axi">   --->   Core 119 'm_axi' <Latency = 6> <II = 1> <Delay = 1.00> <Adapter> <Opcode : 'read' 'write' 'readreq' 'writereq' 'writeresp'>

State 68 <SV = 67> <Delay = 4.66>
ST_68 : Operation 150 [5/71] (4.66ns)   --->   "%empty = readreq i1 @_ssdm_op_ReadReq.m_axi.p1i32, i32 %gmem_addr, i64 9" [cluster.cpp:16]   --->   Operation 150 'readreq' 'empty' <Predicate = true> <Delay = 4.66> <CoreInst = "m_axi">   --->   Core 119 'm_axi' <Latency = 6> <II = 1> <Delay = 1.00> <Adapter> <Opcode : 'read' 'write' 'readreq' 'writereq' 'writeresp'>

State 69 <SV = 68> <Delay = 4.66>
ST_69 : Operation 151 [4/71] (4.66ns)   --->   "%empty = readreq i1 @_ssdm_op_ReadReq.m_axi.p1i32, i32 %gmem_addr, i64 9" [cluster.cpp:16]   --->   Operation 151 'readreq' 'empty' <Predicate = true> <Delay = 4.66> <CoreInst = "m_axi">   --->   Core 119 'm_axi' <Latency = 6> <II = 1> <Delay = 1.00> <Adapter> <Opcode : 'read' 'write' 'readreq' 'writereq' 'writeresp'>

State 70 <SV = 69> <Delay = 4.66>
ST_70 : Operation 152 [3/71] (4.66ns)   --->   "%empty = readreq i1 @_ssdm_op_ReadReq.m_axi.p1i32, i32 %gmem_addr, i64 9" [cluster.cpp:16]   --->   Operation 152 'readreq' 'empty' <Predicate = true> <Delay = 4.66> <CoreInst = "m_axi">   --->   Core 119 'm_axi' <Latency = 6> <II = 1> <Delay = 1.00> <Adapter> <Opcode : 'read' 'write' 'readreq' 'writereq' 'writeresp'>

State 71 <SV = 70> <Delay = 4.66>
ST_71 : Operation 153 [2/71] (4.66ns)   --->   "%empty = readreq i1 @_ssdm_op_ReadReq.m_axi.p1i32, i32 %gmem_addr, i64 9" [cluster.cpp:16]   --->   Operation 153 'readreq' 'empty' <Predicate = true> <Delay = 4.66> <CoreInst = "m_axi">   --->   Core 119 'm_axi' <Latency = 6> <II = 1> <Delay = 1.00> <Adapter> <Opcode : 'read' 'write' 'readreq' 'writereq' 'writeresp'>

State 72 <SV = 71> <Delay = 4.66>
ST_72 : Operation 154 [1/71] (4.66ns)   --->   "%empty = readreq i1 @_ssdm_op_ReadReq.m_axi.p1i32, i32 %gmem_addr, i64 9" [cluster.cpp:16]   --->   Operation 154 'readreq' 'empty' <Predicate = true> <Delay = 4.66> <CoreInst = "m_axi">   --->   Core 119 'm_axi' <Latency = 6> <II = 1> <Delay = 1.00> <Adapter> <Opcode : 'read' 'write' 'readreq' 'writereq' 'writeresp'>

State 73 <SV = 72> <Delay = 0.00>
ST_73 : Operation 155 [2/2] (0.00ns)   --->   "%call_ln16 = call void @convolve2d_rep0_hw_Pipeline_VITIS_LOOP_16_1_VITIS_LOOP_17_2, i32 %gmem, i62 %trunc_ln, i32 %normal_factor_1_loc" [cluster.cpp:16]   --->   Operation 155 'call' 'call_ln16' <Predicate = true> <Delay = 0.00> <CoreType = "Generic">   --->   Generic Core

State 74 <SV = 73> <Delay = 0.00>
ST_74 : Operation 156 [1/2] (0.00ns)   --->   "%call_ln16 = call void @convolve2d_rep0_hw_Pipeline_VITIS_LOOP_16_1_VITIS_LOOP_17_2, i32 %gmem, i62 %trunc_ln, i32 %normal_factor_1_loc" [cluster.cpp:16]   --->   Operation 156 'call' 'call_ln16' <Predicate = true> <Delay = 0.00> <CoreType = "Generic">   --->   Generic Core

State 75 <SV = 74> <Delay = 1.08>
ST_75 : Operation 157 [1/1] (0.00ns)   --->   "%sext_ln16_1 = sext i62 %trunc_ln" [cluster.cpp:16]   --->   Operation 157 'sext' 'sext_ln16_1' <Predicate = true> <Delay = 0.00>
ST_75 : Operation 158 [1/1] (0.00ns)   --->   "%normal_factor_1_loc_load = load i32 %normal_factor_1_loc"   --->   Operation 158 'load' 'normal_factor_1_loc_load' <Predicate = true> <Delay = 0.00>
ST_75 : Operation 159 [1/1] (1.08ns)   --->   "%empty_24 = add i63 %sext_ln16_1, i63 1" [cluster.cpp:16]   --->   Operation 159 'add' 'empty_24' <Predicate = true> <Delay = 1.08> <CoreInst = "Adder">   --->   Core 1 'Adder' <Latency = 0> <II = 1> <Delay = 1.08> <FuncUnit> <Opcode : 'add' 'sub'> <InPorts = 2> <OutPorts = 1>
ST_75 : Operation 160 [1/1] (1.08ns)   --->   "%empty_25 = add i63 %sext_ln16_1, i63 2" [cluster.cpp:16]   --->   Operation 160 'add' 'empty_25' <Predicate = true> <Delay = 1.08> <CoreInst = "Adder">   --->   Core 1 'Adder' <Latency = 0> <II = 1> <Delay = 1.08> <FuncUnit> <Opcode : 'add' 'sub'> <InPorts = 2> <OutPorts = 1>
ST_75 : Operation 161 [1/1] (1.08ns)   --->   "%empty_26 = add i63 %sext_ln16_1, i63 3" [cluster.cpp:16]   --->   Operation 161 'add' 'empty_26' <Predicate = true> <Delay = 1.08> <CoreInst = "Adder">   --->   Core 1 'Adder' <Latency = 0> <II = 1> <Delay = 1.08> <FuncUnit> <Opcode : 'add' 'sub'> <InPorts = 2> <OutPorts = 1>
ST_75 : Operation 162 [1/1] (1.08ns)   --->   "%empty_27 = add i63 %sext_ln16_1, i63 4" [cluster.cpp:16]   --->   Operation 162 'add' 'empty_27' <Predicate = true> <Delay = 1.08> <CoreInst = "Adder">   --->   Core 1 'Adder' <Latency = 0> <II = 1> <Delay = 1.08> <FuncUnit> <Opcode : 'add' 'sub'> <InPorts = 2> <OutPorts = 1>
ST_75 : Operation 163 [1/1] (1.08ns)   --->   "%empty_28 = add i63 %sext_ln16_1, i63 5" [cluster.cpp:16]   --->   Operation 163 'add' 'empty_28' <Predicate = true> <Delay = 1.08> <CoreInst = "Adder">   --->   Core 1 'Adder' <Latency = 0> <II = 1> <Delay = 1.08> <FuncUnit> <Opcode : 'add' 'sub'> <InPorts = 2> <OutPorts = 1>
ST_75 : Operation 164 [1/1] (1.08ns)   --->   "%empty_29 = add i63 %sext_ln16_1, i63 6" [cluster.cpp:16]   --->   Operation 164 'add' 'empty_29' <Predicate = true> <Delay = 1.08> <CoreInst = "Adder">   --->   Core 1 'Adder' <Latency = 0> <II = 1> <Delay = 1.08> <FuncUnit> <Opcode : 'add' 'sub'> <InPorts = 2> <OutPorts = 1>
ST_75 : Operation 165 [1/1] (1.08ns)   --->   "%empty_30 = add i63 %sext_ln16_1, i63 7" [cluster.cpp:16]   --->   Operation 165 'add' 'empty_30' <Predicate = true> <Delay = 1.08> <CoreInst = "Adder">   --->   Core 1 'Adder' <Latency = 0> <II = 1> <Delay = 1.08> <FuncUnit> <Opcode : 'add' 'sub'> <InPorts = 2> <OutPorts = 1>
ST_75 : Operation 166 [1/1] (1.08ns)   --->   "%empty_31 = add i63 %sext_ln16_1, i63 8" [cluster.cpp:16]   --->   Operation 166 'add' 'empty_31' <Predicate = true> <Delay = 1.08> <CoreInst = "Adder">   --->   Core 1 'Adder' <Latency = 0> <II = 1> <Delay = 1.08> <FuncUnit> <Opcode : 'add' 'sub'> <InPorts = 2> <OutPorts = 1>
ST_75 : Operation 167 [2/2] (0.00ns)   --->   "%call_ln16 = call void @convolve2d_rep0_hw_Pipeline_VITIS_LOOP_29_3_VITIS_LOOP_30_4, i32 %gmem, i64 %input_image_read, i32 %normal_factor_1_loc_load, i62 %trunc_ln, i63 %empty_24, i63 %empty_25, i63 %empty_26, i63 %empty_27, i63 %empty_28, i63 %empty_29, i63 %empty_30, i63 %empty_31, i64 %output_image_read" [cluster.cpp:16]   --->   Operation 167 'call' 'call_ln16' <Predicate = true> <Delay = 0.00> <CoreType = "Generic">   --->   Generic Core

State 76 <SV = 75> <Delay = 0.00>
ST_76 : Operation 168 [1/1] (0.00ns)   --->   "%spectopmodule_ln3 = spectopmodule void @_ssdm_op_SpecTopModule, void @empty_8" [cluster.cpp:3]   --->   Operation 168 'spectopmodule' 'spectopmodule_ln3' <Predicate = true> <Delay = 0.00>
ST_76 : Operation 169 [1/1] (0.00ns)   --->   "%specinterface_ln3 = specinterface void @_ssdm_op_SpecInterface, i32 0, void @empty_9, i32 0, i32 0, void @empty, i32 0, i32 0, void @empty, void @empty, void @empty, i32 0, i32 0, i32 0, i32 0, void @empty, void @empty, i32 4294967295, i32 0, i32 0" [cluster.cpp:3]   --->   Operation 169 'specinterface' 'specinterface_ln3' <Predicate = true> <Delay = 0.00>
ST_76 : Operation 170 [1/1] (0.00ns)   --->   "%specinterface_ln0 = specinterface void @_ssdm_op_SpecInterface, i32 %gmem, void @empty_5, i32 0, i32 0, void @empty, i32 64, i32 0, void @empty_0, void @empty_1, void @empty, i32 16, i32 16, i32 16, i32 16, void @empty, void @empty, i32 4294967295, i32 0, i32 0"   --->   Operation 170 'specinterface' 'specinterface_ln0' <Predicate = true> <Delay = 0.00>
ST_76 : Operation 171 [1/1] (0.00ns)   --->   "%specbitsmap_ln0 = specbitsmap void @_ssdm_op_SpecBitsMap, i32 %gmem"   --->   Operation 171 'specbitsmap' 'specbitsmap_ln0' <Predicate = true> <Delay = 0.00>
ST_76 : Operation 172 [1/1] (0.00ns)   --->   "%specinterface_ln0 = specinterface void @_ssdm_op_SpecInterface, i64 %input_image, void @empty_2, i32 0, i32 0, void @empty, i32 0, i32 0, void @empty_3, void @empty_4, void @empty, i32 0, i32 0, i32 0, i32 0, void @empty, void @empty_10, i32 4294967295, i32 0, i32 0"   --->   Operation 172 'specinterface' 'specinterface_ln0' <Predicate = true> <Delay = 0.00>
ST_76 : Operation 173 [1/1] (0.00ns)   --->   "%specinterface_ln0 = specinterface void @_ssdm_op_SpecInterface, i64 %input_image, void @empty_11, i32 0, i32 0, void @empty, i32 0, i32 0, void @empty, void @empty, void @empty, i32 0, i32 0, i32 0, i32 0, void @empty, void @empty_10, i32 4294967295, i32 0, i32 0"   --->   Operation 173 'specinterface' 'specinterface_ln0' <Predicate = true> <Delay = 0.00>
ST_76 : Operation 174 [1/1] (0.00ns)   --->   "%specinterface_ln0 = specinterface void @_ssdm_op_SpecInterface, i64 %filter, void @empty_2, i32 0, i32 0, void @empty, i32 0, i32 0, void @empty_3, void @empty_6, void @empty, i32 0, i32 0, i32 0, i32 0, void @empty, void @empty_10, i32 4294967295, i32 0, i32 0"   --->   Operation 174 'specinterface' 'specinterface_ln0' <Predicate = true> <Delay = 0.00>
ST_76 : Operation 175 [1/1] (0.00ns)   --->   "%specinterface_ln0 = specinterface void @_ssdm_op_SpecInterface, i64 %filter, void @empty_11, i32 0, i32 0, void @empty, i32 0, i32 0, void @empty, void @empty, void @empty, i32 0, i32 0, i32 0, i32 0, void @empty, void @empty_10, i32 4294967295, i32 0, i32 0"   --->   Operation 175 'specinterface' 'specinterface_ln0' <Predicate = true> <Delay = 0.00>
ST_76 : Operation 176 [1/1] (0.00ns)   --->   "%specinterface_ln0 = specinterface void @_ssdm_op_SpecInterface, i64 %output_image, void @empty_2, i32 0, i32 0, void @empty, i32 0, i32 0, void @empty_3, void @empty_7, void @empty, i32 0, i32 0, i32 0, i32 0, void @empty, void @empty_10, i32 4294967295, i32 0, i32 0"   --->   Operation 176 'specinterface' 'specinterface_ln0' <Predicate = true> <Delay = 0.00>
ST_76 : Operation 177 [1/1] (0.00ns)   --->   "%specinterface_ln0 = specinterface void @_ssdm_op_SpecInterface, i64 %output_image, void @empty_11, i32 0, i32 0, void @empty, i32 0, i32 0, void @empty, void @empty, void @empty, i32 0, i32 0, i32 0, i32 0, void @empty, void @empty_10, i32 4294967295, i32 0, i32 0"   --->   Operation 177 'specinterface' 'specinterface_ln0' <Predicate = true> <Delay = 0.00>
ST_76 : Operation 178 [1/1] (0.00ns)   --->   "%specinterface_ln0 = specinterface void @_ssdm_op_SpecInterface, i32 0, void @empty_2, i32 0, i32 0, void @empty, i32 0, i32 0, void @empty_3, void @empty, void @empty, i32 0, i32 0, i32 0, i32 0, void @empty, void @empty, i32 4294967295, i32 0, i32 0"   --->   Operation 178 'specinterface' 'specinterface_ln0' <Predicate = true> <Delay = 0.00>
ST_76 : Operation 179 [1/2] (0.00ns)   --->   "%call_ln16 = call void @convolve2d_rep0_hw_Pipeline_VITIS_LOOP_29_3_VITIS_LOOP_30_4, i32 %gmem, i64 %input_image_read, i32 %normal_factor_1_loc_load, i62 %trunc_ln, i63 %empty_24, i63 %empty_25, i63 %empty_26, i63 %empty_27, i63 %empty_28, i63 %empty_29, i63 %empty_30, i63 %empty_31, i64 %output_image_read" [cluster.cpp:16]   --->   Operation 179 'call' 'call_ln16' <Predicate = true> <Delay = 0.00> <CoreType = "Generic">   --->   Generic Core
ST_76 : Operation 180 [1/1] (0.00ns)   --->   "%ret_ln40 = ret" [cluster.cpp:40]   --->   Operation 180 'ret' 'ret_ln40' <Predicate = true> <Delay = 0.00>


============================================================
+ Verbose Summary: Timing violations
============================================================
Target clock period: 6.667ns, clock uncertainty: 2.000ns.

 <State 1>: 1.000ns
The critical path consists of the following:
	s_axi read operation ('output_image_read') on port 'output_image' [5]  (1.000 ns)

 <State 2>: 4.667ns
The critical path consists of the following:
	'getelementptr' operation 32 bit ('gmem_addr', cluster.cpp:16) [23]  (0.000 ns)
	bus request operation ('empty', cluster.cpp:16) on port 'gmem' (cluster.cpp:16) [24]  (4.667 ns)

 <State 3>: 4.667ns
The critical path consists of the following:
	bus request operation ('empty', cluster.cpp:16) on port 'gmem' (cluster.cpp:16) [24]  (4.667 ns)

 <State 4>: 4.667ns
The critical path consists of the following:
	bus request operation ('empty', cluster.cpp:16) on port 'gmem' (cluster.cpp:16) [24]  (4.667 ns)

 <State 5>: 4.667ns
The critical path consists of the following:
	bus request operation ('empty', cluster.cpp:16) on port 'gmem' (cluster.cpp:16) [24]  (4.667 ns)

 <State 6>: 4.667ns
The critical path consists of the following:
	bus request operation ('empty', cluster.cpp:16) on port 'gmem' (cluster.cpp:16) [24]  (4.667 ns)

 <State 7>: 4.667ns
The critical path consists of the following:
	bus request operation ('empty', cluster.cpp:16) on port 'gmem' (cluster.cpp:16) [24]  (4.667 ns)

 <State 8>: 4.667ns
The critical path consists of the following:
	bus request operation ('empty', cluster.cpp:16) on port 'gmem' (cluster.cpp:16) [24]  (4.667 ns)

 <State 9>: 4.667ns
The critical path consists of the following:
	bus request operation ('empty', cluster.cpp:16) on port 'gmem' (cluster.cpp:16) [24]  (4.667 ns)

 <State 10>: 4.667ns
The critical path consists of the following:
	bus request operation ('empty', cluster.cpp:16) on port 'gmem' (cluster.cpp:16) [24]  (4.667 ns)

 <State 11>: 4.667ns
The critical path consists of the following:
	bus request operation ('empty', cluster.cpp:16) on port 'gmem' (cluster.cpp:16) [24]  (4.667 ns)

 <State 12>: 4.667ns
The critical path consists of the following:
	bus request operation ('empty', cluster.cpp:16) on port 'gmem' (cluster.cpp:16) [24]  (4.667 ns)

 <State 13>: 4.667ns
The critical path consists of the following:
	bus request operation ('empty', cluster.cpp:16) on port 'gmem' (cluster.cpp:16) [24]  (4.667 ns)

 <State 14>: 4.667ns
The critical path consists of the following:
	bus request operation ('empty', cluster.cpp:16) on port 'gmem' (cluster.cpp:16) [24]  (4.667 ns)

 <State 15>: 4.667ns
The critical path consists of the following:
	bus request operation ('empty', cluster.cpp:16) on port 'gmem' (cluster.cpp:16) [24]  (4.667 ns)

 <State 16>: 4.667ns
The critical path consists of the following:
	bus request operation ('empty', cluster.cpp:16) on port 'gmem' (cluster.cpp:16) [24]  (4.667 ns)

 <State 17>: 4.667ns
The critical path consists of the following:
	bus request operation ('empty', cluster.cpp:16) on port 'gmem' (cluster.cpp:16) [24]  (4.667 ns)

 <State 18>: 4.667ns
The critical path consists of the following:
	bus request operation ('empty', cluster.cpp:16) on port 'gmem' (cluster.cpp:16) [24]  (4.667 ns)

 <State 19>: 4.667ns
The critical path consists of the following:
	bus request operation ('empty', cluster.cpp:16) on port 'gmem' (cluster.cpp:16) [24]  (4.667 ns)

 <State 20>: 4.667ns
The critical path consists of the following:
	bus request operation ('empty', cluster.cpp:16) on port 'gmem' (cluster.cpp:16) [24]  (4.667 ns)

 <State 21>: 4.667ns
The critical path consists of the following:
	bus request operation ('empty', cluster.cpp:16) on port 'gmem' (cluster.cpp:16) [24]  (4.667 ns)

 <State 22>: 4.667ns
The critical path consists of the following:
	bus request operation ('empty', cluster.cpp:16) on port 'gmem' (cluster.cpp:16) [24]  (4.667 ns)

 <State 23>: 4.667ns
The critical path consists of the following:
	bus request operation ('empty', cluster.cpp:16) on port 'gmem' (cluster.cpp:16) [24]  (4.667 ns)

 <State 24>: 4.667ns
The critical path consists of the following:
	bus request operation ('empty', cluster.cpp:16) on port 'gmem' (cluster.cpp:16) [24]  (4.667 ns)

 <State 25>: 4.667ns
The critical path consists of the following:
	bus request operation ('empty', cluster.cpp:16) on port 'gmem' (cluster.cpp:16) [24]  (4.667 ns)

 <State 26>: 4.667ns
The critical path consists of the following:
	bus request operation ('empty', cluster.cpp:16) on port 'gmem' (cluster.cpp:16) [24]  (4.667 ns)

 <State 27>: 4.667ns
The critical path consists of the following:
	bus request operation ('empty', cluster.cpp:16) on port 'gmem' (cluster.cpp:16) [24]  (4.667 ns)

 <State 28>: 4.667ns
The critical path consists of the following:
	bus request operation ('empty', cluster.cpp:16) on port 'gmem' (cluster.cpp:16) [24]  (4.667 ns)

 <State 29>: 4.667ns
The critical path consists of the following:
	bus request operation ('empty', cluster.cpp:16) on port 'gmem' (cluster.cpp:16) [24]  (4.667 ns)

 <State 30>: 4.667ns
The critical path consists of the following:
	bus request operation ('empty', cluster.cpp:16) on port 'gmem' (cluster.cpp:16) [24]  (4.667 ns)

 <State 31>: 4.667ns
The critical path consists of the following:
	bus request operation ('empty', cluster.cpp:16) on port 'gmem' (cluster.cpp:16) [24]  (4.667 ns)

 <State 32>: 4.667ns
The critical path consists of the following:
	bus request operation ('empty', cluster.cpp:16) on port 'gmem' (cluster.cpp:16) [24]  (4.667 ns)

 <State 33>: 4.667ns
The critical path consists of the following:
	bus request operation ('empty', cluster.cpp:16) on port 'gmem' (cluster.cpp:16) [24]  (4.667 ns)

 <State 34>: 4.667ns
The critical path consists of the following:
	bus request operation ('empty', cluster.cpp:16) on port 'gmem' (cluster.cpp:16) [24]  (4.667 ns)

 <State 35>: 4.667ns
The critical path consists of the following:
	bus request operation ('empty', cluster.cpp:16) on port 'gmem' (cluster.cpp:16) [24]  (4.667 ns)

 <State 36>: 4.667ns
The critical path consists of the following:
	bus request operation ('empty', cluster.cpp:16) on port 'gmem' (cluster.cpp:16) [24]  (4.667 ns)

 <State 37>: 4.667ns
The critical path consists of the following:
	bus request operation ('empty', cluster.cpp:16) on port 'gmem' (cluster.cpp:16) [24]  (4.667 ns)

 <State 38>: 4.667ns
The critical path consists of the following:
	bus request operation ('empty', cluster.cpp:16) on port 'gmem' (cluster.cpp:16) [24]  (4.667 ns)

 <State 39>: 4.667ns
The critical path consists of the following:
	bus request operation ('empty', cluster.cpp:16) on port 'gmem' (cluster.cpp:16) [24]  (4.667 ns)

 <State 40>: 4.667ns
The critical path consists of the following:
	bus request operation ('empty', cluster.cpp:16) on port 'gmem' (cluster.cpp:16) [24]  (4.667 ns)

 <State 41>: 4.667ns
The critical path consists of the following:
	bus request operation ('empty', cluster.cpp:16) on port 'gmem' (cluster.cpp:16) [24]  (4.667 ns)

 <State 42>: 4.667ns
The critical path consists of the following:
	bus request operation ('empty', cluster.cpp:16) on port 'gmem' (cluster.cpp:16) [24]  (4.667 ns)

 <State 43>: 4.667ns
The critical path consists of the following:
	bus request operation ('empty', cluster.cpp:16) on port 'gmem' (cluster.cpp:16) [24]  (4.667 ns)

 <State 44>: 4.667ns
The critical path consists of the following:
	bus request operation ('empty', cluster.cpp:16) on port 'gmem' (cluster.cpp:16) [24]  (4.667 ns)

 <State 45>: 4.667ns
The critical path consists of the following:
	bus request operation ('empty', cluster.cpp:16) on port 'gmem' (cluster.cpp:16) [24]  (4.667 ns)

 <State 46>: 4.667ns
The critical path consists of the following:
	bus request operation ('empty', cluster.cpp:16) on port 'gmem' (cluster.cpp:16) [24]  (4.667 ns)

 <State 47>: 4.667ns
The critical path consists of the following:
	bus request operation ('empty', cluster.cpp:16) on port 'gmem' (cluster.cpp:16) [24]  (4.667 ns)

 <State 48>: 4.667ns
The critical path consists of the following:
	bus request operation ('empty', cluster.cpp:16) on port 'gmem' (cluster.cpp:16) [24]  (4.667 ns)

 <State 49>: 4.667ns
The critical path consists of the following:
	bus request operation ('empty', cluster.cpp:16) on port 'gmem' (cluster.cpp:16) [24]  (4.667 ns)

 <State 50>: 4.667ns
The critical path consists of the following:
	bus request operation ('empty', cluster.cpp:16) on port 'gmem' (cluster.cpp:16) [24]  (4.667 ns)

 <State 51>: 4.667ns
The critical path consists of the following:
	bus request operation ('empty', cluster.cpp:16) on port 'gmem' (cluster.cpp:16) [24]  (4.667 ns)

 <State 52>: 4.667ns
The critical path consists of the following:
	bus request operation ('empty', cluster.cpp:16) on port 'gmem' (cluster.cpp:16) [24]  (4.667 ns)

 <State 53>: 4.667ns
The critical path consists of the following:
	bus request operation ('empty', cluster.cpp:16) on port 'gmem' (cluster.cpp:16) [24]  (4.667 ns)

 <State 54>: 4.667ns
The critical path consists of the following:
	bus request operation ('empty', cluster.cpp:16) on port 'gmem' (cluster.cpp:16) [24]  (4.667 ns)

 <State 55>: 4.667ns
The critical path consists of the following:
	bus request operation ('empty', cluster.cpp:16) on port 'gmem' (cluster.cpp:16) [24]  (4.667 ns)

 <State 56>: 4.667ns
The critical path consists of the following:
	bus request operation ('empty', cluster.cpp:16) on port 'gmem' (cluster.cpp:16) [24]  (4.667 ns)

 <State 57>: 4.667ns
The critical path consists of the following:
	bus request operation ('empty', cluster.cpp:16) on port 'gmem' (cluster.cpp:16) [24]  (4.667 ns)

 <State 58>: 4.667ns
The critical path consists of the following:
	bus request operation ('empty', cluster.cpp:16) on port 'gmem' (cluster.cpp:16) [24]  (4.667 ns)

 <State 59>: 4.667ns
The critical path consists of the following:
	bus request operation ('empty', cluster.cpp:16) on port 'gmem' (cluster.cpp:16) [24]  (4.667 ns)

 <State 60>: 4.667ns
The critical path consists of the following:
	bus request operation ('empty', cluster.cpp:16) on port 'gmem' (cluster.cpp:16) [24]  (4.667 ns)

 <State 61>: 4.667ns
The critical path consists of the following:
	bus request operation ('empty', cluster.cpp:16) on port 'gmem' (cluster.cpp:16) [24]  (4.667 ns)

 <State 62>: 4.667ns
The critical path consists of the following:
	bus request operation ('empty', cluster.cpp:16) on port 'gmem' (cluster.cpp:16) [24]  (4.667 ns)

 <State 63>: 4.667ns
The critical path consists of the following:
	bus request operation ('empty', cluster.cpp:16) on port 'gmem' (cluster.cpp:16) [24]  (4.667 ns)

 <State 64>: 4.667ns
The critical path consists of the following:
	bus request operation ('empty', cluster.cpp:16) on port 'gmem' (cluster.cpp:16) [24]  (4.667 ns)

 <State 65>: 4.667ns
The critical path consists of the following:
	bus request operation ('empty', cluster.cpp:16) on port 'gmem' (cluster.cpp:16) [24]  (4.667 ns)

 <State 66>: 4.667ns
The critical path consists of the following:
	bus request operation ('empty', cluster.cpp:16) on port 'gmem' (cluster.cpp:16) [24]  (4.667 ns)

 <State 67>: 4.667ns
The critical path consists of the following:
	bus request operation ('empty', cluster.cpp:16) on port 'gmem' (cluster.cpp:16) [24]  (4.667 ns)

 <State 68>: 4.667ns
The critical path consists of the following:
	bus request operation ('empty', cluster.cpp:16) on port 'gmem' (cluster.cpp:16) [24]  (4.667 ns)

 <State 69>: 4.667ns
The critical path consists of the following:
	bus request operation ('empty', cluster.cpp:16) on port 'gmem' (cluster.cpp:16) [24]  (4.667 ns)

 <State 70>: 4.667ns
The critical path consists of the following:
	bus request operation ('empty', cluster.cpp:16) on port 'gmem' (cluster.cpp:16) [24]  (4.667 ns)

 <State 71>: 4.667ns
The critical path consists of the following:
	bus request operation ('empty', cluster.cpp:16) on port 'gmem' (cluster.cpp:16) [24]  (4.667 ns)

 <State 72>: 4.667ns
The critical path consists of the following:
	bus request operation ('empty', cluster.cpp:16) on port 'gmem' (cluster.cpp:16) [24]  (4.667 ns)

 <State 73>: 0.000ns
The critical path consists of the following:

 <State 74>: 0.000ns
The critical path consists of the following:

 <State 75>: 1.088ns
The critical path consists of the following:
	'add' operation 63 bit ('empty_24', cluster.cpp:16) [27]  (1.088 ns)

 <State 76>: 0.000ns
The critical path consists of the following:


============================================================
+ Verbose Summary: Binding
============================================================
N/A
* FSMD analyzer results:
  - Output states:
 - Input state : 
  - Chain level:
	State 1
	State 2
	State 3
	State 4
	State 5
	State 6
	State 7
	State 8
	State 9
	State 10
	State 11
	State 12
	State 13
	State 14
	State 15
	State 16
	State 17
	State 18
	State 19
	State 20
	State 21
	State 22
	State 23
	State 24
	State 25
	State 26
	State 27
	State 28
	State 29
	State 30
	State 31
	State 32
	State 33
	State 34
	State 35
	State 36
	State 37
	State 38
	State 39
	State 40
	State 41
	State 42
	State 43
	State 44
	State 45
	State 46
	State 47
	State 48
	State 49
	State 50
	State 51
	State 52
	State 53
	State 54
	State 55
	State 56
	State 57
	State 58
	State 59
	State 60
	State 61
	State 62
	State 63
	State 64
	State 65
	State 66
	State 67
	State 68
	State 69
	State 70
	State 71
	State 72
	State 73
	State 74
	State 75
	State 76


============================================================
+ Verbose Summary: Datapath Resource usage 
============================================================
N/A
