

================================================================
== Vitis HLS Report for 'convolve2d_rep0_hw_Pipeline_VITIS_LOOP_16_1_VITIS_LOOP_17_2'
================================================================
* Date:           Tue Sep  8 13:52:58 2026

* Version:        2024.2.2 (Build 6049644 on Mar  5 2025)
* Project:        final
* Solution:       hls (Vitis Kernel Flow Target)
* Product family: zynquplus
* Target device:  xczu9eg-ffvb1156-2-e


================================================================
== Performance Estimates
================================================================
+ Timing: 
    * Summary: 
    +--------+---------+----------+------------+
    |  Clock |  Target | Estimated| Uncertainty|
    +--------+---------+----------+------------+
    |ap_clk  |  6.67 ns|  4.667 ns|     2.00 ns|
    +--------+---------+----------+------------+

+ Latency: 
    * Summary: 
    +---------+---------+-----------+-----------+-----+-----+------------------------------------------------+
    |  Latency (cycles) |   Latency (absolute)  |  Interval |                    Pipeline                    |
    |   min   |   max   |    min    |    max    | min | max |                      Type                      |
    +---------+---------+-----------+-----------+-----+-----+------------------------------------------------+
    |       12|       12|  80.004 ns|  80.004 ns|   10|   10|  loop auto-rewind stp (delay=0 clock cycles(s))|
    +---------+---------+-----------+-----------+-----+-----+------------------------------------------------+

    + Detail: 
        * Instance: 
        N/A

        * Loop: 
        +-----------------------------------+---------+---------+----------+-----------+-----------+------+----------+
        |                                   |  Latency (cycles) | Iteration|  Initiation Interval  | Trip |          |
        |             Loop Name             |   min   |   max   |  Latency |  achieved |   target  | Count| Pipelined|
        +-----------------------------------+---------+---------+----------+-----------+-----------+------+----------+
        |- VITIS_LOOP_16_1_VITIS_LOOP_17_2  |       10|       10|         3|          1|          1|     9|       yes|
        +-----------------------------------+---------+---------+----------+-----------+-----------+------+----------+



================================================================
== Utilization Estimates
================================================================
* Summary: 
+-----------------+---------+------+--------+--------+-----+
|       Name      | BRAM_18K|  DSP |   FF   |   LUT  | URAM|
+-----------------+---------+------+--------+--------+-----+
|DSP              |        -|     -|       -|       -|    -|
|Expression       |        -|     -|       0|     177|    -|
|FIFO             |        -|     -|       -|       -|    -|
|Instance         |        -|     -|       -|       -|    -|
|Memory           |        -|     -|       -|       -|    -|
|Multiplexer      |        -|     -|       0|      54|    -|
|Register         |        -|     -|      75|       -|    -|
+-----------------+---------+------+--------+--------+-----+
|Total            |        0|     0|      75|     231|    0|
+-----------------+---------+------+--------+--------+-----+
|Available        |     1824|  2520|  548160|  274080|    0|
+-----------------+---------+------+--------+--------+-----+
|Utilization (%)  |        0|     0|      ~0|      ~0|    0|
+-----------------+---------+------+--------+--------+-----+

+ Detail: 
    * Instance: 
    N/A

    * DSP: 
    N/A

    * Memory: 
    N/A

    * FIFO: 
    N/A

    * Expression: 
    +---------------------------+----------+----+---+----+------------+------------+
    |       Variable Name       | Operation| DSP| FF| LUT| Bitwidth P0| Bitwidth P1|
    +---------------------------+----------+----+---+----+------------+------------+
    |add_ln16_fu_99_p2          |         +|   0|  0|  12|           4|           1|
    |normal_factor_fu_136_p2    |         +|   0|  0|  39|          32|          32|
    |neg_fu_119_p2              |         -|   0|  0|  39|           1|          32|
    |ap_block_pp0_stage0_11001  |       and|   0|  0|   2|           1|           1|
    |abscond_fu_124_p2          |      icmp|   0|  0|  39|          32|           1|
    |icmp_ln16_fu_93_p2         |      icmp|   0|  0|  12|           4|           4|
    |p_d0_0_fu_129_p3           |    select|   0|  0|  32|           1|          32|
    |ap_enable_pp0              |       xor|   0|  0|   2|           1|           2|
    +---------------------------+----------+----+---+----+------------+------------+
    |Total                      |          |   0|  0| 177|          76|         105|
    +---------------------------+----------+----+---+----+------------+------------+

    * Multiplexer: 
    +--------------------------------------+----+-----------+-----+-----------+
    |                 Name                 | LUT| Input Size| Bits| Total Bits|
    +--------------------------------------+----+-----------+-----+-----------+
    |ap_done_int                           |   9|          2|    1|          2|
    |ap_enable_reg_pp0_iter1               |   9|          2|    1|          2|
    |ap_sig_allocacmp_indvar_flatten_load  |   9|          2|    4|          8|
    |gmem_blk_n_R                          |   9|          2|    1|          2|
    |indvar_flatten_fu_54                  |   9|          2|    4|          8|
    |normal_factor_1_fu_50                 |   9|          2|   32|         64|
    +--------------------------------------+----+-----------+-----+-----------+
    |Total                                 |  54|         12|   43|         86|
    +--------------------------------------+----+-----------+-----+-----------+

    * Register: 
    +-------------------------------------------+----+----+-----+-----------+
    |                    Name                   | FF | LUT| Bits| Const Bits|
    +-------------------------------------------+----+----+-----+-----------+
    |ap_CS_fsm                                  |   1|   0|    1|          0|
    |ap_block_pp0_stage0_subdone_grp0_done_reg  |   1|   0|    1|          0|
    |ap_done_reg                                |   1|   0|    1|          0|
    |ap_enable_reg_pp0_iter1                    |   1|   0|    1|          0|
    |ap_enable_reg_pp0_iter2                    |   1|   0|    1|          0|
    |ap_loop_exit_ready_pp0_iter1_reg           |   1|   0|    1|          0|
    |gmem_addr_read_reg_175                     |  32|   0|   32|          0|
    |icmp_ln16_reg_171                          |   1|   0|    1|          0|
    |indvar_flatten_fu_54                       |   4|   0|    4|          0|
    |normal_factor_1_fu_50                      |  32|   0|   32|          0|
    +-------------------------------------------+----+----+-----+-----------+
    |Total                                      |  75|   0|   75|          0|
    +-------------------------------------------+----+----+-----+-----------+



================================================================
== Interface
================================================================
* Summary: 
+----------------------------+-----+-----+------------+-------------------------------------------------------------+--------------+
|          RTL Ports         | Dir | Bits|  Protocol  |                        Source Object                        |    C Type    |
+----------------------------+-----+-----+------------+-------------------------------------------------------------+--------------+
|ap_clk                      |   in|    1|  ap_ctrl_hs|  convolve2d_rep0_hw_Pipeline_VITIS_LOOP_16_1_VITIS_LOOP_17_2|  return value|
|ap_rst                      |   in|    1|  ap_ctrl_hs|  convolve2d_rep0_hw_Pipeline_VITIS_LOOP_16_1_VITIS_LOOP_17_2|  return value|
|ap_start                    |   in|    1|  ap_ctrl_hs|  convolve2d_rep0_hw_Pipeline_VITIS_LOOP_16_1_VITIS_LOOP_17_2|  return value|
|ap_done                     |  out|    1|  ap_ctrl_hs|  convolve2d_rep0_hw_Pipeline_VITIS_LOOP_16_1_VITIS_LOOP_17_2|  return value|
|ap_idle                     |  out|    1|  ap_ctrl_hs|  convolve2d_rep0_hw_Pipeline_VITIS_LOOP_16_1_VITIS_LOOP_17_2|  return value|
|ap_ready                    |  out|    1|  ap_ctrl_hs|  convolve2d_rep0_hw_Pipeline_VITIS_LOOP_16_1_VITIS_LOOP_17_2|  return value|
|m_axi_gmem_0_AWVALID        |  out|    1|       m_axi|                                                         gmem|       pointer|
|m_axi_gmem_0_AWREADY        |   in|    1|       m_axi|                                                         gmem|       pointer|
|m_axi_gmem_0_AWADDR         |  out|   64|       m_axi|                                                         gmem|       pointer|
|m_axi_gmem_0_AWID           |  out|    1|       m_axi|                                                         gmem|       pointer|
|m_axi_gmem_0_AWLEN          |  out|   32|       m_axi|                                                         gmem|       pointer|
|m_axi_gmem_0_AWSIZE         |  out|    3|       m_axi|                                                         gmem|       pointer|
|m_axi_gmem_0_AWBURST        |  out|    2|       m_axi|                                                         gmem|       pointer|
|m_axi_gmem_0_AWLOCK         |  out|    2|       m_axi|                                                         gmem|       pointer|
|m_axi_gmem_0_AWCACHE        |  out|    4|       m_axi|                                                         gmem|       pointer|
|m_axi_gmem_0_AWPROT         |  out|    3|       m_axi|                                                         gmem|       pointer|
|m_axi_gmem_0_AWQOS          |  out|    4|       m_axi|                                                         gmem|       pointer|
|m_axi_gmem_0_AWREGION       |  out|    4|       m_axi|                                                         gmem|       pointer|
|m_axi_gmem_0_AWUSER         |  out|    1|       m_axi|                                                         gmem|       pointer|
|m_axi_gmem_0_WVALID         |  out|    1|       m_axi|                                                         gmem|       pointer|
|m_axi_gmem_0_WREADY         |   in|    1|       m_axi|                                                         gmem|       pointer|
|m_axi_gmem_0_WDATA          |  out|   32|       m_axi|                                                         gmem|       pointer|
|m_axi_gmem_0_WSTRB          |  out|    4|       m_axi|                                                         gmem|       pointer|
|m_axi_gmem_0_WLAST          |  out|    1|       m_axi|                                                         gmem|       pointer|
|m_axi_gmem_0_WID            |  out|    1|       m_axi|                                                         gmem|       pointer|
|m_axi_gmem_0_WUSER          |  out|    1|       m_axi|                                                         gmem|       pointer|
|m_axi_gmem_0_ARVALID        |  out|    1|       m_axi|                                                         gmem|       pointer|
|m_axi_gmem_0_ARREADY        |   in|    1|       m_axi|                                                         gmem|       pointer|
|m_axi_gmem_0_ARADDR         |  out|   64|       m_axi|                                                         gmem|       pointer|
|m_axi_gmem_0_ARID           |  out|    1|       m_axi|                                                         gmem|       pointer|
|m_axi_gmem_0_ARLEN          |  out|   32|       m_axi|                                                         gmem|       pointer|
|m_axi_gmem_0_ARSIZE         |  out|    3|       m_axi|                                                         gmem|       pointer|
|m_axi_gmem_0_ARBURST        |  out|    2|       m_axi|                                                         gmem|       pointer|
|m_axi_gmem_0_ARLOCK         |  out|    2|       m_axi|                                                         gmem|       pointer|
|m_axi_gmem_0_ARCACHE        |  out|    4|       m_axi|                                                         gmem|       pointer|
|m_axi_gmem_0_ARPROT         |  out|    3|       m_axi|                                                         gmem|       pointer|
|m_axi_gmem_0_ARQOS          |  out|    4|       m_axi|                                                         gmem|       pointer|
|m_axi_gmem_0_ARREGION       |  out|    4|       m_axi|                                                         gmem|       pointer|
|m_axi_gmem_0_ARUSER         |  out|    1|       m_axi|                                                         gmem|       pointer|
|m_axi_gmem_0_RVALID         |   in|    1|       m_axi|                                                         gmem|       pointer|
|m_axi_gmem_0_RREADY         |  out|    1|       m_axi|                                                         gmem|       pointer|
|m_axi_gmem_0_RDATA          |   in|   32|       m_axi|                                                         gmem|       pointer|
|m_axi_gmem_0_RLAST          |   in|    1|       m_axi|                                                         gmem|       pointer|
|m_axi_gmem_0_RID            |   in|    1|       m_axi|                                                         gmem|       pointer|
|m_axi_gmem_0_RFIFONUM       |   in|    9|       m_axi|                                                         gmem|       pointer|
|m_axi_gmem_0_RUSER          |   in|    1|       m_axi|                                                         gmem|       pointer|
|m_axi_gmem_0_RRESP          |   in|    2|       m_axi|                                                         gmem|       pointer|
|m_axi_gmem_0_BVALID         |   in|    1|       m_axi|                                                         gmem|       pointer|
|m_axi_gmem_0_BREADY         |  out|    1|       m_axi|                                                         gmem|       pointer|
|m_axi_gmem_0_BRESP          |   in|    2|       m_axi|                                                         gmem|       pointer|
|m_axi_gmem_0_BID            |   in|    1|       m_axi|                                                         gmem|       pointer|
|m_axi_gmem_0_BUSER          |   in|    1|       m_axi|                                                         gmem|       pointer|
|sext_ln16                   |   in|   62|     ap_none|                                                    sext_ln16|        scalar|
|normal_factor_1_out         |  out|   32|      ap_vld|                                          normal_factor_1_out|       pointer|
|normal_factor_1_out_ap_vld  |  out|    1|      ap_vld|                                          normal_factor_1_out|       pointer|
+----------------------------+-----+-----+------------+-------------------------------------------------------------+--------------+

============================================================
+ Verbose Summary: Synthesis Manager
============================================================
InlineROM: 1
ExposeGlobal: 0
============================================================
+ Verbose Summary: CDFG Model
============================================================
IsTopModel: 0
ResetActiveHigh: 1
IsCombinational: 2
IsDatapathOnly: 2
HasWiredReturn: 1
HasMFsm: 2
HasVarLatency: 1
IsPipeline: 0
IsRtlPipelined: 0
IsInstanceOverlapped: 0
IsDontTouch: 0
HasImplIP: 0
IsGatedGlobalClock: 0

+ Individual pipeline summary: 
  * Pipeline-0: initiation interval (II) = 1, depth = 3


============================================================
+ Verbose Summary: Schedule
============================================================
* Number of FSM states : 3
* Pipeline : 1
  Pipeline-0 : II = 1, D = 3, States = { 1 2 3 }
* Dataflow Pipeline: 0

* FSM state transitions: 
1 --> 2 
2 --> 3 
3 --> 

* FSM state operations: 

State 1 <SV = 0> <Delay = 1.65>
ST_1 : Operation 6 [1/1] (0.00ns)   --->   "%normal_factor_1 = alloca i32 1" [cluster.cpp:8]   --->   Operation 6 'alloca' 'normal_factor_1' <Predicate = true> <Delay = 0.00>
ST_1 : Operation 7 [1/1] (0.00ns)   --->   "%indvar_flatten = alloca i32 1"   --->   Operation 7 'alloca' 'indvar_flatten' <Predicate = true> <Delay = 0.00>
ST_1 : Operation 8 [1/1] (0.00ns)   --->   "%sext_ln16_read = read i62 @_ssdm_op_Read.ap_auto.i62, i62 %sext_ln16"   --->   Operation 8 'read' 'sext_ln16_read' <Predicate = true> <Delay = 0.00>
ST_1 : Operation 9 [1/1] (0.00ns)   --->   "%sext_ln16_cast = sext i62 %sext_ln16_read"   --->   Operation 9 'sext' 'sext_ln16_cast' <Predicate = true> <Delay = 0.00>
ST_1 : Operation 10 [1/1] (0.00ns)   --->   "%specinterface_ln0 = specinterface void @_ssdm_op_SpecInterface, i32 %gmem, void @empty_5, i32 0, i32 0, void @empty, i32 64, i32 0, void @empty_0, void @empty_1, void @empty, i32 16, i32 16, i32 16, i32 16, void @empty, void @empty, i32 4294967295, i32 0, i32 0"   --->   Operation 10 'specinterface' 'specinterface_ln0' <Predicate = true> <Delay = 0.00>
ST_1 : Operation 11 [1/1] (0.42ns)   --->   "%store_ln0 = store i4 0, i4 %indvar_flatten"   --->   Operation 11 'store' 'store_ln0' <Predicate = true> <Delay = 0.42>
ST_1 : Operation 12 [1/1] (0.42ns)   --->   "%store_ln8 = store i32 0, i32 %normal_factor_1" [cluster.cpp:8]   --->   Operation 12 'store' 'store_ln8' <Predicate = true> <Delay = 0.42>
ST_1 : Operation 13 [1/1] (0.00ns)   --->   "%br_ln0 = br void %for.inc"   --->   Operation 13 'br' 'br_ln0' <Predicate = true> <Delay = 0.00>
ST_1 : Operation 14 [1/1] (0.00ns)   --->   "%indvar_flatten_load = load i4 %indvar_flatten" [cluster.cpp:16]   --->   Operation 14 'load' 'indvar_flatten_load' <Predicate = true> <Delay = 0.00>
ST_1 : Operation 15 [1/1] (0.00ns)   --->   "%specbitsmap_ln0 = specbitsmap void @_ssdm_op_SpecBitsMap, i32 %gmem"   --->   Operation 15 'specbitsmap' 'specbitsmap_ln0' <Predicate = true> <Delay = 0.00>
ST_1 : Operation 16 [1/1] (0.79ns)   --->   "%icmp_ln16 = icmp_eq  i4 %indvar_flatten_load, i4 9" [cluster.cpp:16]   --->   Operation 16 'icmp' 'icmp_ln16' <Predicate = true> <Delay = 0.79> <CoreInst = "Cmp">   --->   Core 9 'Cmp' <Latency = 0> <II = 1> <Delay = 0.79> <FuncUnit> <Opcode : 'seteq' 'setne' 'setle' 'setge' 'setlt' 'setgt'> <InPorts = 2> <OutPorts = 1>
ST_1 : Operation 17 [1/1] (0.79ns)   --->   "%add_ln16 = add i4 %indvar_flatten_load, i4 1" [cluster.cpp:16]   --->   Operation 17 'add' 'add_ln16' <Predicate = true> <Delay = 0.79> <CoreInst = "Adder">   --->   Core 1 'Adder' <Latency = 0> <II = 1> <Delay = 0.79> <FuncUnit> <Opcode : 'add' 'sub'> <InPorts = 2> <OutPorts = 1>
ST_1 : Operation 18 [1/1] (0.00ns)   --->   "%br_ln16 = br i1 %icmp_ln16, void %for.inc5, void %VITIS_LOOP_29_3.exitStub" [cluster.cpp:16]   --->   Operation 18 'br' 'br_ln16' <Predicate = true> <Delay = 0.00>
ST_1 : Operation 19 [1/1] (0.42ns)   --->   "%store_ln16 = store i4 %add_ln16, i4 %indvar_flatten" [cluster.cpp:16]   --->   Operation 19 'store' 'store_ln16' <Predicate = (!icmp_ln16)> <Delay = 0.42>

State 2 <SV = 1> <Delay = 4.66>
ST_2 : Operation 20 [1/1] (0.00ns)   --->   "%gmem_addr = getelementptr i32 %gmem, i64 %sext_ln16_cast" [cluster.cpp:16]   --->   Operation 20 'getelementptr' 'gmem_addr' <Predicate = true> <Delay = 0.00>
ST_2 : Operation 21 [1/1] (4.66ns)   --->   "%gmem_addr_read = read i32 @_ssdm_op_Read.m_axi.p1i32, i64 %gmem_addr" [cluster.cpp:20]   --->   Operation 21 'read' 'gmem_addr_read' <Predicate = true> <Delay = 4.66> <CoreInst = "m_axi">   --->   Core 119 'm_axi' <Latency = 3> <II = 1> <Delay = 1.00> <Adapter> <Opcode : 'read' 'write' 'readreq' 'writereq' 'writeresp'>
ST_2 : Operation 32 [1/1] (0.00ns)   --->   "%normal_factor_1_load_1 = load i32 %normal_factor_1"   --->   Operation 32 'load' 'normal_factor_1_load_1' <Predicate = (icmp_ln16)> <Delay = 0.00>
ST_2 : Operation 33 [1/1] (0.00ns)   --->   "%write_ln0 = write void @_ssdm_op_Write.ap_auto.i32P0A, i32 %normal_factor_1_out, i32 %normal_factor_1_load_1"   --->   Operation 33 'write' 'write_ln0' <Predicate = (icmp_ln16)> <Delay = 0.00>
ST_2 : Operation 34 [1/1] (0.42ns)   --->   "%ret_ln0 = ret"   --->   Operation 34 'ret' 'ret_ln0' <Predicate = (icmp_ln16)> <Delay = 0.42>

State 3 <SV = 2> <Delay = 2.90>
ST_3 : Operation 22 [1/1] (0.00ns)   --->   "%normal_factor_1_load = load i32 %normal_factor_1" [cluster.cpp:21]   --->   Operation 22 'load' 'normal_factor_1_load' <Predicate = true> <Delay = 0.00>
ST_3 : Operation 23 [1/1] (0.00ns)   --->   "%specloopname_ln0 = specloopname void @_ssdm_op_SpecLoopName, void @VITIS_LOOP_16_1_VITIS_LOOP_17_2_str"   --->   Operation 23 'specloopname' 'specloopname_ln0' <Predicate = true> <Delay = 0.00>
ST_3 : Operation 24 [1/1] (0.00ns)   --->   "%speclooptripcount_ln0 = speclooptripcount void @_ssdm_op_SpecLoopTripCount, i64 9, i64 9, i64 9"   --->   Operation 24 'speclooptripcount' 'speclooptripcount_ln0' <Predicate = true> <Delay = 0.00>
ST_3 : Operation 25 [1/1] (0.00ns)   --->   "%specpipeline_ln6 = specpipeline void @_ssdm_op_SpecPipeline, i32 4294967295, i32 0, i32 0, i32 0, void @empty" [cluster.cpp:6]   --->   Operation 25 'specpipeline' 'specpipeline_ln6' <Predicate = true> <Delay = 0.00>
ST_3 : Operation 26 [1/1] (1.01ns)   --->   "%neg = sub i32 0, i32 %gmem_addr_read" [cluster.cpp:20]   --->   Operation 26 'sub' 'neg' <Predicate = true> <Delay = 1.01> <CoreInst = "Adder">   --->   Core 1 'Adder' <Latency = 0> <II = 1> <Delay = 1.01> <FuncUnit> <Opcode : 'add' 'sub'> <InPorts = 2> <OutPorts = 1>
ST_3 : Operation 27 [1/1] (1.01ns)   --->   "%abscond = icmp_sgt  i32 %gmem_addr_read, i32 0" [cluster.cpp:20]   --->   Operation 27 'icmp' 'abscond' <Predicate = true> <Delay = 1.01> <CoreInst = "Cmp">   --->   Core 9 'Cmp' <Latency = 0> <II = 1> <Delay = 1.01> <FuncUnit> <Opcode : 'seteq' 'setne' 'setle' 'setge' 'setlt' 'setgt'> <InPorts = 2> <OutPorts = 1>
ST_3 : Operation 28 [1/1] (0.44ns)   --->   "%p_d0_0 = select i1 %abscond, i32 %gmem_addr_read, i32 %neg" [cluster.cpp:20]   --->   Operation 28 'select' 'p_d0_0' <Predicate = true> <Delay = 0.44> <CoreInst = "Sel">   --->   Core 73 'Sel' <Latency = 0> <II = 1> <Delay = 0.44> <FuncUnit> <Opcode : 'select'> <InPorts = 3> <OutPorts = 1>
ST_3 : Operation 29 [1/1] (1.01ns)   --->   "%normal_factor = add i32 %p_d0_0, i32 %normal_factor_1_load" [cluster.cpp:21]   --->   Operation 29 'add' 'normal_factor' <Predicate = true> <Delay = 1.01> <CoreInst = "Adder">   --->   Core 1 'Adder' <Latency = 0> <II = 1> <Delay = 1.01> <FuncUnit> <Opcode : 'add' 'sub'> <InPorts = 2> <OutPorts = 1>
ST_3 : Operation 30 [1/1] (0.42ns)   --->   "%store_ln8 = store i32 %normal_factor, i32 %normal_factor_1" [cluster.cpp:8]   --->   Operation 30 'store' 'store_ln8' <Predicate = true> <Delay = 0.42>
ST_3 : Operation 31 [1/1] (0.00ns)   --->   "%br_ln17 = br void %for.inc" [cluster.cpp:17]   --->   Operation 31 'br' 'br_ln17' <Predicate = true> <Delay = 0.00>


============================================================
+ Verbose Summary: Binding
============================================================
STG Binding: 
---------------- STG Properties BEGIN ----------------
- Is combinational: 0
- Is one-state seq: 0
- Is datapath-only: 0
- Is pipelined: 0
- Is top level: 0
Port [ Return ] is wired: 1; IO mode=ap_ctrl_hs:ce=0
Port [ gmem]:  wired=1; compound=1; hidden=0; nouse=0; global=0; static=0; extern=0; dir=0; type=4; pingpong=0; private_global=0; IO mode=m_axi:ce=0
Port [ sext_ln16]:  wired=1; compound=0; hidden=0; nouse=0; global=0; static=0; extern=0; dir=0; type=0; pingpong=0; private_global=0; IO mode=ap_none:ce=0
Port [ normal_factor_1_out]:  wired=1; compound=0; hidden=0; nouse=0; global=0; static=0; extern=0; dir=1; type=0; pingpong=0; private_global=0; IO mode=ap_vld:ce=0
---------------- STG Properties END ------------------

---------------- Datapath Model BEGIN ----------------

<LifeTime>
<method=bitvector/>
normal_factor_1        (alloca           ) [ 0111]
indvar_flatten         (alloca           ) [ 0100]
sext_ln16_read         (read             ) [ 0000]
sext_ln16_cast         (sext             ) [ 0110]
specinterface_ln0      (specinterface    ) [ 0000]
store_ln0              (store            ) [ 0000]
store_ln8              (store            ) [ 0000]
br_ln0                 (br               ) [ 0000]
indvar_flatten_load    (load             ) [ 0000]
specbitsmap_ln0        (specbitsmap      ) [ 0000]
icmp_ln16              (icmp             ) [ 0110]
add_ln16               (add              ) [ 0000]
br_ln16                (br               ) [ 0000]
store_ln16             (store            ) [ 0000]
gmem_addr              (getelementptr    ) [ 0000]
gmem_addr_read         (read             ) [ 0101]
normal_factor_1_load   (load             ) [ 0000]
specloopname_ln0       (specloopname     ) [ 0000]
speclooptripcount_ln0  (speclooptripcount) [ 0000]
specpipeline_ln6       (specpipeline     ) [ 0000]
neg                    (sub              ) [ 0000]
abscond                (icmp             ) [ 0000]
p_d0_0                 (select           ) [ 0000]
normal_factor          (add              ) [ 0000]
store_ln8              (store            ) [ 0000]
br_ln17                (br               ) [ 0000]
normal_factor_1_load_1 (load             ) [ 0000]
write_ln0              (write            ) [ 0000]
ret_ln0                (ret              ) [ 0000]
</LifeTime>

<model>

<comp_list>
<comp id="0" class="1000" name="gmem">
<pin_list>
<pin id="1" dir="1" index="0" bw="1" slack="0"/>
</pin_list>
<bind>
<StgValue><ssdm name="gmem"/><MemPortTyVec>0 </MemPortTyVec>
</StgValue>
</bind>
</comp>

<comp id="2" class="1000" name="sext_ln16">
<pin_list>
<pin id="3" dir="1" index="0" bw="1" slack="0"/>
</pin_list>
<bind>
<StgValue><ssdm name="sext_ln16"/></StgValue>
</bind>
</comp>

<comp id="4" class="1000" name="normal_factor_1_out">
<pin_list>
<pin id="5" dir="1" index="0" bw="1" slack="0"/>
</pin_list>
<bind>
<StgValue><ssdm name="normal_factor_1_out"/></StgValue>
</bind>
</comp>

<comp id="6" class="1001" name="const_6">
<pin_list>
<pin id="7" dir="1" index="0" bw="1" slack="0"/>
</pin_list>
<bind>
<StgValue><ssdm name=""/></StgValue>
</bind>
</comp>

<comp id="8" class="1001" name="const_8">
<pin_list>
<pin id="9" dir="1" index="0" bw="1" slack="0"/>
</pin_list>
<bind>
<StgValue><ssdm name="_ssdm_op_Read.ap_auto.i62"/></StgValue>
</bind>
</comp>

<comp id="10" class="1001" name="const_10">
<pin_list>
<pin id="11" dir="1" index="0" bw="1" slack="2147483647"/>
</pin_list>
<bind>
<StgValue><ssdm name="_ssdm_op_SpecInterface"/></StgValue>
</bind>
</comp>

<comp id="12" class="1001" name="const_12">
<pin_list>
<pin id="13" dir="1" index="0" bw="1" slack="2147483647"/>
</pin_list>
<bind>
<StgValue><ssdm name="empty_5"/></StgValue>
</bind>
</comp>

<comp id="14" class="1001" name="const_14">
<pin_list>
<pin id="15" dir="1" index="0" bw="1" slack="0"/>
</pin_list>
<bind>
<StgValue><ssdm name=""/></StgValue>
</bind>
</comp>

<comp id="16" class="1001" name="const_16">
<pin_list>
<pin id="17" dir="1" index="0" bw="1" slack="2147483647"/>
</pin_list>
<bind>
<StgValue><ssdm name="empty"/></StgValue>
</bind>
</comp>

<comp id="18" class="1001" name="const_18">
<pin_list>
<pin id="19" dir="1" index="0" bw="1" slack="2147483647"/>
</pin_list>
<bind>
<StgValue><ssdm name=""/></StgValue>
</bind>
</comp>

<comp id="20" class="1001" name="const_20">
<pin_list>
<pin id="21" dir="1" index="0" bw="1" slack="2147483647"/>
</pin_list>
<bind>
<StgValue><ssdm name="empty_0"/></StgValue>
</bind>
</comp>

<comp id="22" class="1001" name="const_22">
<pin_list>
<pin id="23" dir="1" index="0" bw="1" slack="2147483647"/>
</pin_list>
<bind>
<StgValue><ssdm name="empty_1"/></StgValue>
</bind>
</comp>

<comp id="24" class="1001" name="const_24">
<pin_list>
<pin id="25" dir="1" index="0" bw="1" slack="2147483647"/>
</pin_list>
<bind>
<StgValue><ssdm name=""/></StgValue>
</bind>
</comp>

<comp id="26" class="1001" name="const_26">
<pin_list>
<pin id="27" dir="1" index="0" bw="1" slack="2147483647"/>
</pin_list>
<bind>
<StgValue><ssdm name=""/></StgValue>
</bind>
</comp>

<comp id="28" class="1001" name="const_28">
<pin_list>
<pin id="29" dir="1" index="0" bw="1" slack="0"/>
</pin_list>
<bind>
<StgValue><ssdm name=""/></StgValue>
</bind>
</comp>

<comp id="30" class="1001" name="const_30">
<pin_list>
<pin id="31" dir="1" index="0" bw="1" slack="2147483647"/>
</pin_list>
<bind>
<StgValue><ssdm name="_ssdm_op_SpecBitsMap"/></StgValue>
</bind>
</comp>

<comp id="32" class="1001" name="const_32">
<pin_list>
<pin id="33" dir="1" index="0" bw="1" slack="0"/>
</pin_list>
<bind>
<StgValue><ssdm name=""/></StgValue>
</bind>
</comp>

<comp id="34" class="1001" name="const_34">
<pin_list>
<pin id="35" dir="1" index="0" bw="1" slack="0"/>
</pin_list>
<bind>
<StgValue><ssdm name=""/></StgValue>
</bind>
</comp>

<comp id="36" class="1001" name="const_36">
<pin_list>
<pin id="37" dir="1" index="0" bw="1" slack="0"/>
</pin_list>
<bind>
<StgValue><ssdm name="_ssdm_op_Read.m_axi.p1i32"/></StgValue>
</bind>
</comp>

<comp id="38" class="1001" name="const_38">
<pin_list>
<pin id="39" dir="1" index="0" bw="1" slack="2147483647"/>
</pin_list>
<bind>
<StgValue><ssdm name="_ssdm_op_SpecLoopName"/></StgValue>
</bind>
</comp>

<comp id="40" class="1001" name="const_40">
<pin_list>
<pin id="41" dir="1" index="0" bw="1" slack="2147483647"/>
</pin_list>
<bind>
<StgValue><ssdm name="VITIS_LOOP_16_1_VITIS_LOOP_17_2_str"/></StgValue>
</bind>
</comp>

<comp id="42" class="1001" name="const_42">
<pin_list>
<pin id="43" dir="1" index="0" bw="1" slack="2147483647"/>
</pin_list>
<bind>
<StgValue><ssdm name="_ssdm_op_SpecLoopTripCount"/></StgValue>
</bind>
</comp>

<comp id="44" class="1001" name="const_44">
<pin_list>
<pin id="45" dir="1" index="0" bw="1" slack="2147483647"/>
</pin_list>
<bind>
<StgValue><ssdm name=""/></StgValue>
</bind>
</comp>

<comp id="46" class="1001" name="const_46">
<pin_list>
<pin id="47" dir="1" index="0" bw="1" slack="2147483647"/>
</pin_list>
<bind>
<StgValue><ssdm name="_ssdm_op_SpecPipeline"/></StgValue>
</bind>
</comp>

<comp id="48" class="1001" name="const_48">
<pin_list>
<pin id="49" dir="1" index="0" bw="1" slack="0"/>
</pin_list>
<bind>
<StgValue><ssdm name="_ssdm_op_Write.ap_auto.i32P0A"/></StgValue>
</bind>
</comp>

<comp id="50" class="1004" name="normal_factor_1_fu_50">
<pin_list>
<pin id="51" dir="0" index="0" bw="1" slack="0"/>
<pin id="52" dir="1" index="1" bw="32" slack="0"/>
</pin_list>
<bind>
<opcode="alloca(26) " fcode="alloca"/>
<opset="normal_factor_1/1 "/>
</bind>
</comp>

<comp id="54" class="1004" name="indvar_flatten_fu_54">
<pin_list>
<pin id="55" dir="0" index="0" bw="1" slack="0"/>
<pin id="56" dir="1" index="1" bw="4" slack="0"/>
</pin_list>
<bind>
<opcode="alloca(26) " fcode="alloca"/>
<opset="indvar_flatten/1 "/>
</bind>
</comp>

<comp id="58" class="1004" name="sext_ln16_read_read_fu_58">
<pin_list>
<pin id="59" dir="0" index="0" bw="62" slack="0"/>
<pin id="60" dir="0" index="1" bw="62" slack="0"/>
<pin id="61" dir="1" index="2" bw="62" slack="0"/>
</pin_list>
<bind>
<opcode="read(1150) " fcode="read"/>
<opset="sext_ln16_read/1 "/>
</bind>
</comp>

<comp id="64" class="1004" name="gmem_addr_read_read_fu_64">
<pin_list>
<pin id="65" dir="0" index="0" bw="32" slack="0"/>
<pin id="66" dir="0" index="1" bw="32" slack="0"/>
<pin id="67" dir="1" index="2" bw="32" slack="1"/>
</pin_list>
<bind>
<opcode="read(1150) " fcode="read"/>
<opset="gmem_addr_read/2 "/>
</bind>
</comp>

<comp id="69" class="1004" name="write_ln0_write_fu_69">
<pin_list>
<pin id="70" dir="0" index="0" bw="0" slack="0"/>
<pin id="71" dir="0" index="1" bw="32" slack="0"/>
<pin id="72" dir="0" index="2" bw="32" slack="0"/>
<pin id="73" dir="1" index="3" bw="0" slack="2147483647"/>
</pin_list>
<bind>
<opcode="write(1151) " fcode="write"/>
<opset="write_ln0/2 "/>
</bind>
</comp>

<comp id="76" class="1004" name="sext_ln16_cast_fu_76">
<pin_list>
<pin id="77" dir="0" index="0" bw="62" slack="0"/>
<pin id="78" dir="1" index="1" bw="64" slack="1"/>
</pin_list>
<bind>
<opcode="sext(35) " fcode="sext"/>
<opset="sext_ln16_cast/1 "/>
</bind>
</comp>

<comp id="80" class="1004" name="store_ln0_store_fu_80">
<pin_list>
<pin id="81" dir="0" index="0" bw="1" slack="0"/>
<pin id="82" dir="0" index="1" bw="4" slack="0"/>
<pin id="83" dir="1" index="2" bw="0" slack="2147483647"/>
</pin_list>
<bind>
<opcode="store(28) " fcode="store"/>
<opset="store_ln0/1 "/>
</bind>
</comp>

<comp id="85" class="1004" name="store_ln8_store_fu_85">
<pin_list>
<pin id="86" dir="0" index="0" bw="1" slack="0"/>
<pin id="87" dir="0" index="1" bw="32" slack="0"/>
<pin id="88" dir="1" index="2" bw="0" slack="2147483647"/>
</pin_list>
<bind>
<opcode="store(28) " fcode="store"/>
<opset="store_ln8/1 "/>
</bind>
</comp>

<comp id="90" class="1004" name="indvar_flatten_load_load_fu_90">
<pin_list>
<pin id="91" dir="0" index="0" bw="4" slack="0"/>
<pin id="92" dir="1" index="1" bw="4" slack="0"/>
</pin_list>
<bind>
<opcode="load(27) " fcode="load"/>
<opset="indvar_flatten_load/1 "/>
</bind>
</comp>

<comp id="93" class="1004" name="icmp_ln16_fu_93">
<pin_list>
<pin id="94" dir="0" index="0" bw="4" slack="0"/>
<pin id="95" dir="0" index="1" bw="4" slack="0"/>
<pin id="96" dir="1" index="2" bw="1" slack="1"/>
</pin_list>
<bind>
<opcode="icmp(45) " fcode="icmp"/>
<opset="icmp_ln16/1 "/>
</bind>
</comp>

<comp id="99" class="1004" name="add_ln16_fu_99">
<pin_list>
<pin id="100" dir="0" index="0" bw="4" slack="0"/>
<pin id="101" dir="0" index="1" bw="1" slack="0"/>
<pin id="102" dir="1" index="2" bw="4" slack="0"/>
</pin_list>
<bind>
<opcode="add(8) " fcode="add"/>
<opset="add_ln16/1 "/>
</bind>
</comp>

<comp id="105" class="1004" name="store_ln16_store_fu_105">
<pin_list>
<pin id="106" dir="0" index="0" bw="4" slack="0"/>
<pin id="107" dir="0" index="1" bw="4" slack="0"/>
<pin id="108" dir="1" index="2" bw="0" slack="2147483647"/>
</pin_list>
<bind>
<opcode="store(28) " fcode="store"/>
<opset="store_ln16/1 "/>
</bind>
</comp>

<comp id="110" class="1004" name="gmem_addr_fu_110">
<pin_list>
<pin id="111" dir="0" index="0" bw="64" slack="0"/>
<pin id="112" dir="0" index="1" bw="64" slack="1"/>
<pin id="113" dir="1" index="2" bw="64" slack="0"/>
</pin_list>
<bind>
<opcode="getelementptr(29) " fcode="getelementptr"/>
<opset="gmem_addr/2 "/>
</bind>
</comp>

<comp id="116" class="1004" name="normal_factor_1_load_load_fu_116">
<pin_list>
<pin id="117" dir="0" index="0" bw="32" slack="2"/>
<pin id="118" dir="1" index="1" bw="32" slack="0"/>
</pin_list>
<bind>
<opcode="load(27) " fcode="load"/>
<opset="normal_factor_1_load/3 "/>
</bind>
</comp>

<comp id="119" class="1004" name="neg_fu_119">
<pin_list>
<pin id="120" dir="0" index="0" bw="1" slack="0"/>
<pin id="121" dir="0" index="1" bw="32" slack="1"/>
<pin id="122" dir="1" index="2" bw="32" slack="0"/>
</pin_list>
<bind>
<opcode="sub(10) " fcode="sub"/>
<opset="neg/3 "/>
</bind>
</comp>

<comp id="124" class="1004" name="abscond_fu_124">
<pin_list>
<pin id="125" dir="0" index="0" bw="32" slack="1"/>
<pin id="126" dir="0" index="1" bw="32" slack="0"/>
<pin id="127" dir="1" index="2" bw="1" slack="0"/>
</pin_list>
<bind>
<opcode="icmp(45) " fcode="icmp"/>
<opset="abscond/3 "/>
</bind>
</comp>

<comp id="129" class="1004" name="p_d0_0_fu_129">
<pin_list>
<pin id="130" dir="0" index="0" bw="1" slack="0"/>
<pin id="131" dir="0" index="1" bw="32" slack="1"/>
<pin id="132" dir="0" index="2" bw="32" slack="0"/>
<pin id="133" dir="1" index="3" bw="32" slack="0"/>
</pin_list>
<bind>
<opcode="select(49) " fcode="select"/>
<opset="p_d0_0/3 "/>
</bind>
</comp>

<comp id="136" class="1004" name="normal_factor_fu_136">
<pin_list>
<pin id="137" dir="0" index="0" bw="32" slack="0"/>
<pin id="138" dir="0" index="1" bw="32" slack="0"/>
<pin id="139" dir="1" index="2" bw="32" slack="0"/>
</pin_list>
<bind>
<opcode="add(8) " fcode="add"/>
<opset="normal_factor/3 "/>
</bind>
</comp>

<comp id="142" class="1004" name="store_ln8_store_fu_142">
<pin_list>
<pin id="143" dir="0" index="0" bw="32" slack="0"/>
<pin id="144" dir="0" index="1" bw="32" slack="2"/>
<pin id="145" dir="1" index="2" bw="0" slack="2147483647"/>
</pin_list>
<bind>
<opcode="store(28) " fcode="store"/>
<opset="store_ln8/3 "/>
</bind>
</comp>

<comp id="147" class="1004" name="normal_factor_1_load_1_load_fu_147">
<pin_list>
<pin id="148" dir="0" index="0" bw="32" slack="1"/>
<pin id="149" dir="1" index="1" bw="32" slack="0"/>
</pin_list>
<bind>
<opcode="load(27) " fcode="load"/>
<opset="normal_factor_1_load_1/2 "/>
</bind>
</comp>

<comp id="151" class="1005" name="normal_factor_1_reg_151">
<pin_list>
<pin id="152" dir="0" index="0" bw="32" slack="0"/>
<pin id="153" dir="1" index="1" bw="32" slack="0"/>
</pin_list>
<bind>
<opset="normal_factor_1 "/>
</bind>
</comp>

<comp id="159" class="1005" name="indvar_flatten_reg_159">
<pin_list>
<pin id="160" dir="0" index="0" bw="4" slack="0"/>
<pin id="161" dir="1" index="1" bw="4" slack="0"/>
</pin_list>
<bind>
<opset="indvar_flatten "/>
</bind>
</comp>

<comp id="166" class="1005" name="sext_ln16_cast_reg_166">
<pin_list>
<pin id="167" dir="0" index="0" bw="64" slack="1"/>
<pin id="168" dir="1" index="1" bw="64" slack="1"/>
</pin_list>
<bind>
<opset="sext_ln16_cast "/>
</bind>
</comp>

<comp id="171" class="1005" name="icmp_ln16_reg_171">
<pin_list>
<pin id="172" dir="0" index="0" bw="1" slack="1"/>
<pin id="173" dir="1" index="1" bw="1" slack="2147483647"/>
</pin_list>
<bind>
<opset="icmp_ln16 "/>
</bind>
</comp>

<comp id="175" class="1005" name="gmem_addr_read_reg_175">
<pin_list>
<pin id="176" dir="0" index="0" bw="32" slack="1"/>
<pin id="177" dir="1" index="1" bw="32" slack="1"/>
</pin_list>
<bind>
<opset="gmem_addr_read "/>
</bind>
</comp>

</comp_list>

<net_list>
<net id="53"><net_src comp="6" pin="0"/><net_sink comp="50" pin=0"/></net>

<net id="57"><net_src comp="6" pin="0"/><net_sink comp="54" pin=0"/></net>

<net id="62"><net_src comp="8" pin="0"/><net_sink comp="58" pin=0"/></net>

<net id="63"><net_src comp="2" pin="0"/><net_sink comp="58" pin=1"/></net>

<net id="68"><net_src comp="36" pin="0"/><net_sink comp="64" pin=0"/></net>

<net id="74"><net_src comp="48" pin="0"/><net_sink comp="69" pin=0"/></net>

<net id="75"><net_src comp="4" pin="0"/><net_sink comp="69" pin=1"/></net>

<net id="79"><net_src comp="58" pin="2"/><net_sink comp="76" pin=0"/></net>

<net id="84"><net_src comp="28" pin="0"/><net_sink comp="80" pin=0"/></net>

<net id="89"><net_src comp="14" pin="0"/><net_sink comp="85" pin=0"/></net>

<net id="97"><net_src comp="90" pin="1"/><net_sink comp="93" pin=0"/></net>

<net id="98"><net_src comp="32" pin="0"/><net_sink comp="93" pin=1"/></net>

<net id="103"><net_src comp="90" pin="1"/><net_sink comp="99" pin=0"/></net>

<net id="104"><net_src comp="34" pin="0"/><net_sink comp="99" pin=1"/></net>

<net id="109"><net_src comp="99" pin="2"/><net_sink comp="105" pin=0"/></net>

<net id="114"><net_src comp="0" pin="0"/><net_sink comp="110" pin=0"/></net>

<net id="115"><net_src comp="110" pin="2"/><net_sink comp="64" pin=1"/></net>

<net id="123"><net_src comp="14" pin="0"/><net_sink comp="119" pin=0"/></net>

<net id="128"><net_src comp="14" pin="0"/><net_sink comp="124" pin=1"/></net>

<net id="134"><net_src comp="124" pin="2"/><net_sink comp="129" pin=0"/></net>

<net id="135"><net_src comp="119" pin="2"/><net_sink comp="129" pin=2"/></net>

<net id="140"><net_src comp="129" pin="3"/><net_sink comp="136" pin=0"/></net>

<net id="141"><net_src comp="116" pin="1"/><net_sink comp="136" pin=1"/></net>

<net id="146"><net_src comp="136" pin="2"/><net_sink comp="142" pin=0"/></net>

<net id="150"><net_src comp="147" pin="1"/><net_sink comp="69" pin=2"/></net>

<net id="154"><net_src comp="50" pin="1"/><net_sink comp="151" pin=0"/></net>

<net id="155"><net_src comp="151" pin="1"/><net_sink comp="85" pin=1"/></net>

<net id="156"><net_src comp="151" pin="1"/><net_sink comp="116" pin=0"/></net>

<net id="157"><net_src comp="151" pin="1"/><net_sink comp="142" pin=1"/></net>

<net id="158"><net_src comp="151" pin="1"/><net_sink comp="147" pin=0"/></net>

<net id="162"><net_src comp="54" pin="1"/><net_sink comp="159" pin=0"/></net>

<net id="163"><net_src comp="159" pin="1"/><net_sink comp="80" pin=1"/></net>

<net id="164"><net_src comp="159" pin="1"/><net_sink comp="90" pin=0"/></net>

<net id="165"><net_src comp="159" pin="1"/><net_sink comp="105" pin=1"/></net>

<net id="169"><net_src comp="76" pin="1"/><net_sink comp="166" pin=0"/></net>

<net id="170"><net_src comp="166" pin="1"/><net_sink comp="110" pin=1"/></net>

<net id="174"><net_src comp="93" pin="2"/><net_sink comp="171" pin=0"/></net>

<net id="178"><net_src comp="64" pin="2"/><net_sink comp="175" pin=0"/></net>

<net id="179"><net_src comp="175" pin="1"/><net_sink comp="119" pin=1"/></net>

<net id="180"><net_src comp="175" pin="1"/><net_sink comp="124" pin=0"/></net>

<net id="181"><net_src comp="175" pin="1"/><net_sink comp="129" pin=1"/></net>

</net_list>

</model> 
---------------- Datapath Model END ------------------

* FSMD analyzer results:
  - Output states:
	Port: gmem | {}
	Port: normal_factor_1_out | {2 }
 - Input state : 
	Port: convolve2d_rep0_hw_Pipeline_VITIS_LOOP_16_1_VITIS_LOOP_17_2 : gmem | {2 }
	Port: convolve2d_rep0_hw_Pipeline_VITIS_LOOP_16_1_VITIS_LOOP_17_2 : sext_ln16 | {1 }
  - Chain level:
	State 1
		store_ln0 : 1
		store_ln8 : 1
		indvar_flatten_load : 1
		icmp_ln16 : 2
		add_ln16 : 2
		br_ln16 : 3
		store_ln16 : 3
	State 2
		gmem_addr_read : 1
		write_ln0 : 1
	State 3
		p_d0_0 : 1
		normal_factor : 2
		store_ln8 : 3


============================================================
+ Verbose Summary: Datapath Resource usage 
============================================================

* Functional unit list:
|----------|---------------------------|---------|---------|
| Operation|      Functional Unit      |    FF   |   LUT   |
|----------|---------------------------|---------|---------|
|   icmp   |      icmp_ln16_fu_93      |    0    |    12   |
|          |       abscond_fu_124      |    0    |    39   |
|----------|---------------------------|---------|---------|
|    add   |       add_ln16_fu_99      |    0    |    12   |
|          |    normal_factor_fu_136   |    0    |    39   |
|----------|---------------------------|---------|---------|
|    sub   |         neg_fu_119        |    0    |    39   |
|----------|---------------------------|---------|---------|
|  select  |       p_d0_0_fu_129       |    0    |    32   |
|----------|---------------------------|---------|---------|
|   read   | sext_ln16_read_read_fu_58 |    0    |    0    |
|          | gmem_addr_read_read_fu_64 |    0    |    0    |
|----------|---------------------------|---------|---------|
|   write  |   write_ln0_write_fu_69   |    0    |    0    |
|----------|---------------------------|---------|---------|
|   sext   |    sext_ln16_cast_fu_76   |    0    |    0    |
|----------|---------------------------|---------|---------|
|   Total  |                           |    0    |   173   |
|----------|---------------------------|---------|---------|

Memories:
N/A

* Register list:
+-----------------------+--------+
|                       |   FF   |
+-----------------------+--------+
| gmem_addr_read_reg_175|   32   |
|   icmp_ln16_reg_171   |    1   |
| indvar_flatten_reg_159|    4   |
|normal_factor_1_reg_151|   32   |
| sext_ln16_cast_reg_166|   64   |
+-----------------------+--------+
|         Total         |   133  |
+-----------------------+--------+

* Multiplexer (MUX) list: 
|--------|------|------|------|--------|
|  Comp  |  Pin | Size |  BW  | S x BW |
|--------|------|------|------|--------|
|  Total |      |      |      |    0   |
|--------|------|------|------|--------|



* Summary:
+-----------+--------+--------+
|           |   FF   |   LUT  |
+-----------+--------+--------+
|  Function |    0   |   173  |
|   Memory  |    -   |    -   |
|Multiplexer|    -   |    -   |
|  Register |   133  |    -   |
+-----------+--------+--------+
|   Total   |   133  |   173  |
+-----------+--------+--------+
